W/AudioService(30821): Soundpool could not load file: /system/media/audio/ui/KeypressInvalid.ogg
W/AudioService(30821): onLoadSoundEffects(), Error -1 while loading samples
I/DEBUG   (   54): *** *** *** *** *** *** *** *** *** *** *** *** *** *** *** ***
I/DEBUG   (   54): Build fingerprint: 'generic/google_sdk/generic:4.4.2/KK/1873184:eng/test-keys'
I/DEBUG   (   54): Revision: '0'
I/DEBUG   (   54): pid: 17748, tid: 17748, name: sscppandroidapp  >>> dk.bobbyz.crosscppandroidapp <<<
I/DEBUG   (   54): signal 11 (SIGSEGV), code 1 (SEGV_MAPERR), fault addr cf657e50
I/DEBUG   (   54):     r0 00000012  r1 cf657e50  r2 cf657e50  r3 cf657e50
I/DEBUG   (   54):     r4 b720eae0  r5 becfc360  r6 00000000  r7 becfc318
I/DEBUG   (   54):     r8 becfc388  r9 b02dad00  sl b7060390  fp becfc39c
I/DEBUG   (   54):     ip 00000003  sp becfc318  lr a89f8edb  pc a89f8edc  cpsr 60000030
I/DEBUG   (   54):     d0  0000000080000000  d1  0000000042960000
I/DEBUG   (   54):     d2  0000000000000000  d3  33d6bf9500000000
I/DEBUG   (   54):     d4  0000000000000000  d5  3f80000000000000
I/DEBUG   (   54):     d6  3f80000000000000  d7  0000000080000000
I/DEBUG   (   54):     d8  0000000000000000  d9  0000000000000000
I/DEBUG   (   54):     d10 0000000000000000  d11 0000000000000000
I/DEBUG   (   54):     d12 0000000000000000  d13 0000000000000000
I/DEBUG   (   54):     d14 0000000000000000  d15 0000000000000000
I/DEBUG   (   54):     scr 60000010
I/DEBUG   (   54): 
I/DEBUG   (   54): backtrace:
I/DEBUG   (   54):     #00  pc 00012edc  /data/app-lib/dk.bobbyz.crosscppandroidapp-1/libCommonLibrary.so (TextDao::insert(Text*)+175)
I/DEBUG   (   54):     #01  pc 00012ed7  /data/app-lib/dk.bobbyz.crosscppandroidapp-1/libCommonLibrary.so (TextDao::insert(Text*)+170)
I/DEBUG   (   54): 
I/DEBUG   (   54): stack:
I/DEBUG   (   54):          becfc2d8  becfc360  [stack]
I/DEBUG   (   54):          becfc2dc  a8abae5c  /data/app-lib/dk.bobbyz.crosscppandroidapp-1/libCommonLibrary.so
I/DEBUG   (   54):          becfc2e0  becfc318  [stack]
I/DEBUG   (   54):          becfc2e4  becfc388  [stack]
I/DEBUG   (   54):          becfc2e8  b02dad00  
I/DEBUG   (   54):          becfc2ec  b7060390  [heap]
I/DEBUG   (   54):          becfc2f0  becfc39c  [stack]
I/DEBUG   (   54):          becfc2f4  b6f3bae9  /system/lib/libc.so (malloc+12)
I/DEBUG   (   54):          becfc2f8  00000025  
I/DEBUG   (   54):          becfc2fc  cf657e50  
I/DEBUG   (   54):          becfc300  b720eae0  [heap]
I/DEBUG   (   54):          becfc304  becfc360  [stack]
I/DEBUG   (   54):          becfc308  00000000  
I/DEBUG   (   54):          becfc30c  a89f8edb  /data/app-lib/dk.bobbyz.crosscppandroidapp-1/libCommonLibrary.so (TextDao::insert(Text*)+174)
I/DEBUG   (   54):          becfc310  a8aa56c0  /data/app-lib/dk.bobbyz.crosscppandroidapp-1/libCommonLibrary.so
I/DEBUG   (   54):          becfc314  a8aa56c0  /data/app-lib/dk.bobbyz.crosscppandroidapp-1/libCommonLibrary.so
I/DEBUG   (   54):     #00  becfc318  b720eae0  [heap]
I/DEBUG   (   54):          ........  ........
I/DEBUG   (   54):     #01  becfc318  b720eae0  [heap]
I/DEBUG   (   54):          becfc31c  cf657e50  
I/DEBUG   (   54):          becfc320  b720748c  [heap]
I/DEBUG   (   54):          becfc324  b71ffbfc  [heap]
I/DEBUG   (   54):          becfc328  b71b3550  [heap]
I/DEBUG   (   54):          becfc32c  b71b355c  [heap]
I/DEBUG   (   54):          becfc330  b720eae0  [heap]
I/DEBUG   (   54):          becfc334  becfc360  [stack]
I/DEBUG   (   54):          becfc338  00000000  
I/DEBUG   (   54):          becfc33c  b720eae0  [heap]
I/DEBUG   (   54):          becfc340  becfc348  [stack]
I/DEBUG   (   54):          becfc344  a89fa103  /data/app-lib/dk.bobbyz.crosscppandroidapp-1/libCommonLibrary.so (Java_dk_bobbyz_crosscppandroidapp_commonlibrary_impl_TextDaoImpl_insert+306)
I/DEBUG   (   54):          becfc348  b7060380  [heap]
I/DEBUG   (   54):          becfc34c  1170001d  
I/DEBUG   (   54):          becfc350  41200019  
I/DEBUG   (   54):          becfc354  b705cf28  [heap]
I/DEBUG   (   54): 
I/DEBUG   (   54): memory near r4:
I/DEBUG   (   54):     b720eac0 00000050 0000001a af323500 00000068  
I/DEBUG   (   54):     b720ead0 00000000 00000000 00000001 00000013  
I/DEBUG   (   54):     b720eae0 b6f7b190 b71ffbfc 00000010 00000043  
I/DEBUG   (   54):     b720eaf0 b6ee7944 00000015 00000000 00000001  
I/DEBUG   (   54):     b720eb00 00000000 00000000 b6ee7858 b720eb58  
I/DEBUG   (   54):     b720eb10 00000001 00000000 00000010 00000000  
I/DEBUG   (   54):     b720eb20 b7057048 b6ee79ac b720eb30 0000001b  
I/DEBUG   (   54):     b720eb30 00000001 00000001 b720eb24 00000001  
I/DEBUG   (   54):     b720eb40 00000000 0000005b 00000001 00000040  
I/DEBUG   (   54):     b720eb50 00000000 00000000 b6ec1c94 1d20041e  
I/DEBUG   (   54):     b720eb60 b705ced0 b6e811d5 00000000 00000000  
I/DEBUG   (   54):     b720eb70 00000000 00000000 00000000 00000000  
I/DEBUG   (   54):     b720eb80 00000000 00000000 00000000 00000000  
I/DEBUG   (   54):     b720eb90 00000000 00000000 00000000 0000001b  
I/DEBUG   (   54):     b720eba0 b6eb80b8 b720ebb8 b6eb7f68 b720ebd0  
I/DEBUG   (   54):     b720ebb0 00000000 0000001b 00000001 00000001  
I/DEBUG   (   54): 
I/DEBUG   (   54): memory near r5:
I/DEBUG   (   54):     becfc340 becfc348 a89fa103 b7060380 1170001d  
I/DEBUG   (   54):     becfc350 41200019 b705cf28 becfc474 00000000  
I/DEBUG   (   54):     becfc360 b71ffbfc cf657e50 e2500025 af6582c8  
I/DEBUG   (   54):     becfc370 9f500029 b720eae0 af641f38 b7060380  
I/DEBUG   (   54):     becfc380 b02dad08 b5ad0bd0 b02dacfc 00000001  
I/DEBUG   (   54):     becfc390 a8c2dd1b b1e6ab48 b2118ffc b5b00f03  
I/DEBUG   (   54):     becfc3a0 b02dacfc a8c2dd19 a89f9fd1 b7060390  
I/DEBUG   (   54):     becfc3b0 b71b3548 b71b3550 00000000 00000000  
I/DEBUG   (   54):     becfc3c0 ae058494 b6f7b35c b6f77000 b72074c7  
I/DEBUG   (   54):     becfc3d0 b72074c7 b71b3550 b7207478 00000000  
I/DEBUG   (   54):     becfc3e0 b720ea78 b7207480 a89f9fd1 b6f3f11f  
I/DEBUG   (   54):     becfc3f0 b6f77000 b7207480 00000000 b720ea78  
I/DEBUG   (   54):     becfc400 00000000 b6f3bafd ae058494 b5b02b33  
I/DEBUG   (   54):     becfc410 becfc494 00000000 b5b510e4 00000000  
I/DEBUG   (   54):     becfc420 00000000 becfc408 becfc4ac af641fc4  
I/DEBUG   (   54):     becfc430 00000001 b1e1b650 00000001 00000003  
I/DEBUG   (   54): 
I/DEBUG   (   54): memory near r7:
I/DEBUG   (   54):     becfc2f8 00000025 cf657e50 b720eae0 becfc360  
I/DEBUG   (   54):     becfc308 00000000 a89f8edb a8aa56c0 a8aa56c0  
I/DEBUG   (   54):     becfc318 b720eae0 cf657e50 b720748c b71ffbfc  
I/DEBUG   (   54):     becfc328 b71b3550 b71b355c b720eae0 becfc360  
I/DEBUG   (   54):     becfc338 00000000 b720eae0 becfc348 a89fa103  
I/DEBUG   (   54):     becfc348 b7060380 1170001d 41200019 b705cf28  
I/DEBUG   (   54):     becfc358 becfc474 00000000 b71ffbfc cf657e50  
I/DEBUG   (   54):     becfc368 e2500025 af6582c8 9f500029 b720eae0  
I/DEBUG   (   54):     becfc378 af641f38 b7060380 b02dad08 b5ad0bd0  
I/DEBUG   (   54):     becfc388 b02dacfc 00000001 a8c2dd1b b1e6ab48  
I/DEBUG   (   54):     becfc398 b2118ffc b5b00f03 b02dacfc a8c2dd19  
I/DEBUG   (   54):     becfc3a8 a89f9fd1 b7060390 b71b3548 b71b3550  
I/DEBUG   (   54):     becfc3b8 00000000 00000000 ae058494 b6f7b35c  
I/DEBUG   (   54):     becfc3c8 b6f77000 b72074c7 b72074c7 b71b3550  
I/DEBUG   (   54):     becfc3d8 b7207478 00000000 b720ea78 b7207480  
I/DEBUG   (   54):     becfc3e8 a89f9fd1 b6f3f11f b6f77000 b7207480  
I/DEBUG   (   54): 
I/DEBUG   (   54): memory near r8:
I/DEBUG   (   54):     becfc368 e2500025 af6582c8 9f500029 b720eae0  
I/DEBUG   (   54):     becfc378 af641f38 b7060380 b02dad08 b5ad0bd0  
I/DEBUG   (   54):     becfc388 b02dacfc 00000001 a8c2dd1b b1e6ab48  
I/DEBUG   (   54):     becfc398 b2118ffc b5b00f03 b02dacfc a8c2dd19  
I/DEBUG   (   54):     becfc3a8 a89f9fd1 b7060390 b71b3548 b71b3550  
I/DEBUG   (   54):     becfc3b8 00000000 00000000 ae058494 b6f7b35c  
I/DEBUG   (   54):     becfc3c8 b6f77000 b72074c7 b72074c7 b71b3550  
I/DEBUG   (   54):     becfc3d8 b7207478 00000000 b720ea78 b7207480  
I/DEBUG   (   54):     becfc3e8 a89f9fd1 b6f3f11f b6f77000 b7207480  
I/DEBUG   (   54):     becfc3f8 00000000 b720ea78 00000000 b6f3bafd  
I/DEBUG   (   54):     becfc408 ae058494 b5b02b33 becfc494 00000000  
I/DEBUG   (   54):     becfc418 b5b510e4 00000000 00000000 becfc408  
I/DEBUG   (   54):     becfc428 becfc4ac af641fc4 00000001 b1e1b650  
I/DEBUG   (   54):     becfc438 00000001 00000003 af641fb0 a8c3ea37  
I/DEBUG   (   54):     becfc448 becfc4ac 00000038 00000000 b5b1ead7  
I/DEBUG   (   54):     becfc458 a8c3ea37 b1e1b650 a8b01c34 b1e1b650  
I/DEBUG   (   54): 
I/DEBUG   (   54): memory near r9:
I/DEBUG   (   54):     b02dace0 00000000 a8bc3c04 b02dad18 a8bc3c16  
I/DEBUG   (   54):     b02dacf0 af641f38 00000006 00000000 41200019  
I/DEBUG   (   54):     b02dad00 1170001d b02dad40 00000000 af61aa28  
I/DEBUG   (   54):     b02dad10 a8bc3c16 00000006 b21192e0 b1e6ab48  
I/DEBUG   (   54):     b02dad20 00000000 b1e20328 b1e699a0 b02dad54  
I/DEBUG   (   54):     b02dad30 00000000 00000000 00000000 00000000  
I/DEBUG   (   54):     b02dad40 b02dad88 af05a6ee af2e1148 00000006  
I/DEBUG   (   54):     b02dad50 00000000 b2118f48 b1e20328 b2118fe8  
I/DEBUG   (   54):     b02dad60 b1e1e870 b2118f88 b1ab22a8 00000000  
I/DEBUG   (   54):     b02dad70 00000000 b02dadc8 ae7289b8 af2e15e8  
I/DEBUG   (   54):     b02dad80 af05a6ee 00000000 b2118f48 b1e20328  
I/DEBUG   (   54):     b02dad90 b2118fe8 b1e1e870 b2118f88 b1ab22a8  
I/DEBUG   (   54):     b02dada0 00000000 00000000 b2118f48 b1e20328  
I/DEBUG   (   54):     b02dadb0 b2118fe8 b02dae04 ae496a0c af361778  
I/DEBUG   (   54):     b02dadc0 ae7289b8 00000000 b1e205a8 00000000  
I/DEBUG   (   54):     b02dadd0 b02dae04 b2118f48 b1e20328 b2118fe8  
I/DEBUG   (   54): 
I/DEBUG   (   54): memory near sl:
I/DEBUG   (   54):     b7060370 00000000 00000000 00000000 0000045b  
I/DEBUG   (   54):     b7060380 a8bc3bf4 b02dacfc af61aa28 ac3d0000  
I/DEBUG   (   54):     b7060390 b2119310 00000001 becfc500 00000000  
I/DEBUG   (   54):     b70603a0 becfc554 00000001 00000000 b5ad0d40  
I/DEBUG   (   54):     b70603b0 00000000 00000000 aeca5a70 b02d5300  
I/DEBUG   (   54):     b70603c0 00000000 00000000 00000001 00006000  
I/DEBUG   (   54):     b70603d0 00000000 b6fad154 b5ad0d40 b5ad5c00  
I/DEBUG   (   54):     b70603e0 00000000 b5ad9cfc b5ad9d70 b5ad9c20  
I/DEBUG   (   54):     b70603f0 b5ad9c40 b5ad9c9c 00000000 00000000  
I/DEBUG   (   54):     b7060400 b71fb440 00000028 00000000 00000000  
I/DEBUG   (   54):     b7060410 00000000 00000000 00001eb8 b5b6291c  
I/DEBUG   (   54):     b7060420 b1bc0be0 af4f34a0 0000000b b7090948  
I/DEBUG   (   54):     b7060430 00000001 00000080 00000200 00000004  
I/DEBUG   (   54):     b7060440 00000003 ae6d9890 ae6d989a 00000001  
I/DEBUG   (   54):     b7060450 ae6dcd28 af491550 923ac002 99aa1d38  
I/DEBUG   (   54):     b7060460 9574e28c 5ae23674 9eca7c3a a302876e  
I/DEBUG   (   54): 
I/DEBUG   (   54): memory near fp:
I/DEBUG   (   54):     becfc37c b7060380 b02dad08 b5ad0bd0 b02dacfc  
I/DEBUG   (   54):     becfc38c 00000001 a8c2dd1b b1e6ab48 b2118ffc  
I/DEBUG   (   54):     becfc39c b5b00f03 b02dacfc a8c2dd19 a89f9fd1  
I/DEBUG   (   54):     becfc3ac b7060390 b71b3548 b71b3550 00000000  
I/DEBUG   (   54):     becfc3bc 00000000 ae058494 b6f7b35c b6f77000  
I/DEBUG   (   54):     becfc3cc b72074c7 b72074c7 b71b3550 b7207478  
I/DEBUG   (   54):     becfc3dc 00000000 b720ea78 b7207480 a89f9fd1  
I/DEBUG   (   54):     becfc3ec b6f3f11f b6f77000 b7207480 00000000  
I/DEBUG   (   54):     becfc3fc b720ea78 00000000 b6f3bafd ae058494  
I/DEBUG   (   54):     becfc40c b5b02b33 becfc494 00000000 b5b510e4  
I/DEBUG   (   54):     becfc41c 00000000 00000000 becfc408 becfc4ac  
I/DEBUG   (   54):     becfc42c af641fc4 00000001 b1e1b650 00000001  
I/DEBUG   (   54):     becfc43c 00000003 af641fb0 a8c3ea37 becfc4ac  
I/DEBUG   (   54):     becfc44c 00000038 00000000 b5b1ead7 a8c3ea37  
I/DEBUG   (   54):     becfc45c b1e1b650 a8b01c34 b1e1b650 a8c3ea37  
I/DEBUG   (   54):     becfc46c becfc4ac b6f7b35c b7095dd0 b2118ffc  
I/DEBUG   (   54): 
I/DEBUG   (   54): memory near sp:
I/DEBUG   (   54):     becfc2f8 00000025 cf657e50 b720eae0 becfc360  
I/DEBUG   (   54):     becfc308 00000000 a89f8edb a8aa56c0 a8aa56c0  
I/DEBUG   (   54):     becfc318 b720eae0 cf657e50 b720748c b71ffbfc  
I/DEBUG   (   54):     becfc328 b71b3550 b71b355c b720eae0 becfc360  
I/DEBUG   (   54):     becfc338 00000000 b720eae0 becfc348 a89fa103  
I/DEBUG   (   54):     becfc348 b7060380 1170001d 41200019 b705cf28  
I/DEBUG   (   54):     becfc358 becfc474 00000000 b71ffbfc cf657e50  
I/DEBUG   (   54):     becfc368 e2500025 af6582c8 9f500029 b720eae0  
I/DEBUG   (   54):     becfc378 af641f38 b7060380 b02dad08 b5ad0bd0  
I/DEBUG   (   54):     becfc388 b02dacfc 00000001 a8c2dd1b b1e6ab48  
I/DEBUG   (   54):     becfc398 b2118ffc b5b00f03 b02dacfc a8c2dd19  
I/DEBUG   (   54):     becfc3a8 a89f9fd1 b7060390 b71b3548 b71b3550  
I/DEBUG   (   54):     becfc3b8 00000000 00000000 ae058494 b6f7b35c  
I/DEBUG   (   54):     becfc3c8 b6f77000 b72074c7 b72074c7 b71b3550  
I/DEBUG   (   54):     becfc3d8 b7207478 00000000 b720ea78 b7207480  
I/DEBUG   (   54):     becfc3e8 a89f9fd1 b6f3f11f b6f77000 b7207480  
I/DEBUG   (   54): 
I/DEBUG   (   54): code around pc:
I/DEBUG   (   54):     a89f8ebc f0781c18 1c03faa1 4b3a613b 1c1a447b  
I/DEBUG   (   54):     a89f8ecc 447b4b39 1c112003 f7fd1c1a 687becae  
I/DEBUG   (   54):     a89f8edc 687b681c 1c18681b f8eaf7fe 1c201c03  
I/DEBUG   (   54):     a89f8eec f7fe1c19 1c03f8fd d02d2b00 447b4b2f  
I/DEBUG   (   54):     a89f8efc 4b2f1c1a 2003447b 1c1a1c11 ec94f7fd  
I/DEBUG   (   54):     a89f8f0c 681c687b 33081c3b f09e1c18 1c03fc79  
I/DEBUG   (   54):     a89f8f1c 1c10693a f7fd1c19 1c03ec94 32141c3a  
I/DEBUG   (   54):     a89f8f2c 1c211c10 f7fe1c1a 1c3bf90f 1c183314  
I/DEBUG   (   54):     a89f8f3c f94af000 447b4b1f 4b1f1c1a 2003447b  
I/DEBUG   (   54):     a89f8f4c 1c1a1c11 ec70f7fd 447b4b1c 4b1c1c1a  
I/DEBUG   (   54):     a89f8f5c 2003447b 1c1a1c11 ec66f7fd 681b687b  
I/DEBUG   (   54):     a89f8f6c f7fe1c18 4b17f9a7 1c1a447b 447b4b16  
I/DEBUG   (   54):     a89f8f7c 1c112003 f7fd1c1a 1c3bec58 1c183308  
I/DEBUG   (   54):     a89f8f8c ff48f09e b00946bd 46c0bd90 000ac83c  
I/DEBUG   (   54):     a89f8f9c 000ac83e 000ac82e 000ac832 000ac7d8  
I/DEBUG   (   54):     a89f8fac 000ac80e 000ac7ac 000ac7ee 000ac77a  
I/DEBUG   (   54): 
I/DEBUG   (   54): code around lr:
I/DEBUG   (   54):     a89f8eb8 33011c03 f0781c18 1c03faa1 4b3a613b  
I/DEBUG   (   54):     a89f8ec8 1c1a447b 447b4b39 1c112003 f7fd1c1a  
I/DEBUG   (   54):     a89f8ed8 687becae 687b681c 1c18681b f8eaf7fe  
I/DEBUG   (   54):     a89f8ee8 1c201c03 f7fe1c19 1c03f8fd d02d2b00  
I/DEBUG   (   54):     a89f8ef8 447b4b2f 4b2f1c1a 2003447b 1c1a1c11  
I/DEBUG   (   54):     a89f8f08 ec94f7fd 681c687b 33081c3b f09e1c18  
I/DEBUG   (   54):     a89f8f18 1c03fc79 1c10693a f7fd1c19 1c03ec94  
I/DEBUG   (   54):     a89f8f28 32141c3a 1c211c10 f7fe1c1a 1c3bf90f  
I/DEBUG   (   54):     a89f8f38 1c183314 f94af000 447b4b1f 4b1f1c1a  
I/DEBUG   (   54):     a89f8f48 2003447b 1c1a1c11 ec70f7fd 447b4b1c  
I/DEBUG   (   54):     a89f8f58 4b1c1c1a 2003447b 1c1a1c11 ec66f7fd  
I/DEBUG   (   54):     a89f8f68 681b687b f7fe1c18 4b17f9a7 1c1a447b  
I/DEBUG   (   54):     a89f8f78 447b4b16 1c112003 f7fd1c1a 1c3bec58  
I/DEBUG   (   54):     a89f8f88 1c183308 ff48f09e b00946bd 46c0bd90  
I/DEBUG   (   54):     a89f8f98 000ac83c 000ac83e 000ac82e 000ac832  
I/DEBUG   (   54):     a89f8fa8 000ac7d8 000ac80e 000ac7ac 000ac7ee  
I/DEBUG   (   54): 
I/DEBUG   (   54): memory map around fault addr cf657e50:
I/DEBUG   (   54):     becdc000-becfd000 rw- [stack]
I/DEBUG   (   54):     (no map for address)
I/DEBUG   (   54):     ffff0000-ffff1000 r-x [vectors]
I/BootReceiver(30821): Copying /data/tombstones/tombstone_09 to DropBox (SYSTEM_TOMBSTONE)
I/ActivityManager(30821): Process dk.bobbyz.crosscppandroidapp (pid 17748) has died.
I/WindowState(30821): WIN DEATH: Window{b21d5128 u0 dk.bobbyz.crosscppandroidapp/dk.bobbyz.crosscppandroidapp.MainActivity}
D/Zygote  (30520): Process 17748 terminated by signal (11)
W/ActivityManager(30821): Force removing ActivityRecord{b217e7b0 u0 dk.bobbyz.crosscppandroidapp/.MainActivity t8}: app died, no saved state
W/ActivityManager(30821): Process dk.bobbyz.crosscppandroidapp has crashed too many times: killing!
W/EGL_emulation(31062): eglSurfaceAttrib not implemented
W/Binder  (31017): Caught a RuntimeException from the binder stub implementation.
W/Binder  (31017): java.lang.NullPointerException
W/Binder  (31017): 	at android.inputmethodservice.IInputMethodWrapper.setSessionEnabled(IInputMethodWrapper.java:280)
W/Binder  (31017): 	at com.android.internal.view.IInputMethod$Stub.onTransact(IInputMethod.java:129)
W/Binder  (31017): 	at android.os.Binder.execTransact(Binder.java:404)
W/Binder  (31017): 	at dalvik.system.NativeStart.run(Native Method)
W/InputMethodManagerService(30821): Got RemoteException sending setActive(false) notification to pid 17748 uid 10060
I/ActivityManager(30821): Exiting empty application process dk.bobbyz.crosscppandroidapp (null)
W/ProcessCpuTracker(30821): Skipping unknown process pid 18126
D/GCM     (31296): Message class com.google.f.a.a.i
D/ConnectivityService(30821): handleInetConditionHoldEnd: net=0, condition=100, published condition=100
D/MobileDataStateTracker(30821): default: setPolicyDataEnable(enabled=true)
W/ProcessCpuTracker(30821): Skipping unknown process pid 18979
W/ProcessCpuTracker(30821): Skipping unknown process pid 19931
D/dalvikvm(30821): GC_FOR_ALLOC freed 2008K, 27% free 11504K/15576K, paused 99ms, total 102ms
D/MobileDataStateTracker(30821): default: setPolicyDataEnable(enabled=true)
D/AndroidRuntime(20297): 
D/AndroidRuntime(20297): >>>>>> AndroidRuntime START com.android.internal.os.RuntimeInit <<<<<<
D/AndroidRuntime(20297): CheckJNI is ON
D/dalvikvm(20297): Trying to load lib libjavacore.so 0x0
D/dalvikvm(20297): Added shared lib libjavacore.so 0x0
D/dalvikvm(20297): Trying to load lib libnativehelper.so 0x0
D/dalvikvm(20297): Added shared lib libnativehelper.so 0x0
D/dalvikvm(20297): No JNI_OnLoad found in libnativehelper.so 0x0, skipping init
D/dalvikvm(20297): Note: class Landroid/app/ActivityManagerNative; has 179 unimplemented (abstract) methods
E/memtrack(20297): Couldn't load memtrack module (No such file or directory)
E/android.os.Debug(20297): failed to load memtrack module: -2
D/AndroidRuntime(20297): Calling main entry com.android.commands.pm.Pm
W/ActivityManager(30821): No content provider found for permission revoke: file:///data/local/tmp/dk.bobbyz.crosscppandroidapp
W/ActivityManager(30821): No content provider found for permission revoke: file:///data/local/tmp/dk.bobbyz.crosscppandroidapp
I/PackageManager(30821): Copying native libraries to /data/app-lib/vmdl2026016397
D/dalvikvm(30821): GC_FOR_ALLOC freed 4678K, 25% free 8872K/11764K, paused 77ms, total 77ms
D/dalvikvm(30821): GC_FOR_ALLOC freed 1424K, 25% free 8881K/11764K, paused 73ms, total 74ms
I/ActivityManager(30821): Force stopping dk.bobbyz.crosscppandroidapp appid=10060 user=-1: uninstall pkg
I/PackageManager(30821): Package dk.bobbyz.crosscppandroidapp codePath changed from /data/app/dk.bobbyz.crosscppandroidapp-1.apk to /data/app/dk.bobbyz.crosscppandroidapp-2.apk; Retaining data and using new
I/PackageManager(30821): Running dexopt on: dk.bobbyz.crosscppandroidapp
W/dalvikvm(20328): method Landroid/support/v7/internal/widget/ListViewCompat;.lookForSelectablePosition incorrectly overrides package-private method with same name in Landroid/widget/ListView;
D/dalvikvm(20328): DexOpt: load 488ms, verify+opt 1181ms, 1901372 bytes
W/PackageManager(30821): Code path for pkg : dk.bobbyz.crosscppandroidapp changing from /data/app/dk.bobbyz.crosscppandroidapp-1.apk to /data/app/dk.bobbyz.crosscppandroidapp-2.apk
W/PackageManager(30821): Resource path for pkg : dk.bobbyz.crosscppandroidapp changing from /data/app/dk.bobbyz.crosscppandroidapp-1.apk to /data/app/dk.bobbyz.crosscppandroidapp-2.apk
I/ActivityManager(30821): Force stopping dk.bobbyz.crosscppandroidapp appid=10060 user=-1: update pkg
I/ActivityManager(30821): Force stopping dk.bobbyz.crosscppandroidapp appid=10060 user=0: pkg removed
D/dalvikvm(31062): GC_EXPLICIT freed 1200K, 15% free 13565K/15868K, paused 3ms+5ms, total 73ms
I/InputReader(30821): Reconfiguring input devices.  changes=0x00000010
I/PackageManager(30821):   Action: "android.intent.action.SENDTO"
I/PackageManager(30821):   Category: "android.intent.category.DEFAULT"
I/PackageManager(30821):   Scheme: "sms"
I/PackageManager(30821): Adding preferred activity ComponentInfo{com.android.mms/com.android.mms.ui.ComposeMessageActivity} for user 0 :
D/BackupManagerService(30821): Received broadcast Intent { act=android.intent.action.PACKAGE_REMOVED dat=package:dk.bobbyz.crosscppandroidapp flg=0x4000010 (has extras) }
D/dalvikvm(31051): GC_FOR_ALLOC freed 570K, 19% free 3731K/4592K, paused 23ms, total 25ms
I/PackageManager(30821):   Action: "android.intent.action.SENDTO"
I/PackageManager(30821):   Category: "android.intent.category.DEFAULT"
I/PackageManager(30821): Adding preferred activity ComponentInfo{com.android.mms/com.android.mms.ui.ComposeMessageActivity} for user 0 :
I/PackageManager(30821):   Scheme: "smsto"
D/dalvikvm(30821): GC_FOR_ALLOC freed 1360K, 24% free 8956K/11764K, paused 99ms, total 102ms
I/PackageManager(30821):   Action: "android.intent.action.SENDTO"
I/PackageManager(30821):   Category: "android.intent.category.DEFAULT"
I/PackageManager(30821): Adding preferred activity ComponentInfo{com.android.mms/com.android.mms.ui.ComposeMessageActivity} for user 0 :
I/PackageManager(30821):   Scheme: "mms"
I/PackageManager(30821):   Action: "android.intent.action.SENDTO"
I/PackageManager(30821):   Category: "android.intent.category.DEFAULT"
I/PackageManager(30821): Adding preferred activity ComponentInfo{com.android.mms/com.android.mms.ui.ComposeMessageActivity} for user 0 :
I/PackageManager(30821):   Scheme: "mmsto"
I/PackageManager(30821):   Action: "android.intent.action.SENDTO"
I/PackageManager(30821):   Category: "android.intent.category.DEFAULT"
I/PackageManager(30821):   Scheme: "sms"
I/PackageManager(30821): Adding preferred activity ComponentInfo{com.android.mms/com.android.mms.ui.ComposeMessageActivity} for user 0 :
I/PackageManager(30821):   Action: "android.intent.action.SENDTO"
I/PackageManager(30821):   Category: "android.intent.category.DEFAULT"
I/PackageManager(30821):   Scheme: "smsto"
I/PackageManager(30821): Adding preferred activity ComponentInfo{com.android.mms/com.android.mms.ui.ComposeMessageActivity} for user 0 :
D/dalvikvm(31051): GC_FOR_ALLOC freed 344K, 18% free 3788K/4592K, paused 20ms, total 21ms
I/PackageManager(30821):   Action: "android.intent.action.SENDTO"
I/PackageManager(30821): Adding preferred activity ComponentInfo{com.android.mms/com.android.mms.ui.ComposeMessageActivity} for user 0 :
I/PackageManager(30821):   Category: "android.intent.category.DEFAULT"
I/PackageManager(30821):   Scheme: "mms"
I/PackageManager(30821):   Action: "android.intent.action.SENDTO"
I/PackageManager(30821):   Category: "android.intent.category.DEFAULT"
I/PackageManager(30821):   Scheme: "mmsto"
I/PackageManager(30821): Adding preferred activity ComponentInfo{com.android.mms/com.android.mms.ui.ComposeMessageActivity} for user 0 :
I/InputReader(30821): Reconfiguring input devices.  changes=0x00000010
I/PackageManager(30821):   Action: "android.intent.action.SENDTO"
I/PackageManager(30821):   Category: "android.intent.category.DEFAULT"
I/PackageManager(30821):   Scheme: "sms"
I/PackageManager(30821): Adding preferred activity ComponentInfo{com.android.mms/com.android.mms.ui.ComposeMessageActivity} for user 0 :
I/PackageManager(30821):   Action: "android.intent.action.SENDTO"
I/PackageManager(30821):   Category: "android.intent.category.DEFAULT"
I/PackageManager(30821):   Scheme: "smsto"
I/PackageManager(30821): Adding preferred activity ComponentInfo{com.android.mms/com.android.mms.ui.ComposeMessageActivity} for user 0 :
I/PackageManager(30821):   Action: "android.intent.action.SENDTO"
I/PackageManager(30821):   Category: "android.intent.category.DEFAULT"
I/PackageManager(30821):   Scheme: "mms"
I/PackageManager(30821): Adding preferred activity ComponentInfo{com.android.mms/com.android.mms.ui.ComposeMessageActivity} for user 0 :
D/BackupManagerService(30821): Received broadcast Intent { act=android.intent.action.PACKAGE_ADDED dat=package:dk.bobbyz.crosscppandroidapp flg=0x4000010 (has extras) }
V/BackupManagerService(30821): removePackageParticipantsLocked: uid=10060 #1
V/BackupManagerService(30821): addPackageParticipantsLocked: #1
D/dalvikvm(31051): GC_FOR_ALLOC freed 372K, 19% free 3764K/4592K, paused 41ms, total 42ms
I/PackageManager(30821):   Action: "android.intent.action.SENDTO"
I/PackageManager(30821):   Category: "android.intent.category.DEFAULT"
I/PackageManager(30821):   Scheme: "mmsto"
I/PackageManager(30821): Adding preferred activity ComponentInfo{com.android.mms/com.android.mms.ui.ComposeMessageActivity} for user 0 :
I/PackageManager(30821):   Action: "android.intent.action.SENDTO"
I/PackageManager(30821):   Category: "android.intent.category.DEFAULT"
I/PackageManager(30821):   Scheme: "sms"
I/PackageManager(30821): Adding preferred activity ComponentInfo{com.android.mms/com.android.mms.ui.ComposeMessageActivity} for user 0 :
I/PackageManager(30821):   Action: "android.intent.action.SENDTO"
I/PackageManager(30821):   Category: "android.intent.category.DEFAULT"
I/PackageManager(30821):   Scheme: "smsto"
I/PackageManager(30821): Adding preferred activity ComponentInfo{com.android.mms/com.android.mms.ui.ComposeMessageActivity} for user 0 :
I/PackageManager(30821):   Action: "android.intent.action.SENDTO"
I/PackageManager(30821):   Category: "android.intent.category.DEFAULT"
I/PackageManager(30821): Adding preferred activity ComponentInfo{com.android.mms/com.android.mms.ui.ComposeMessageActivity} for user 0 :
I/PackageManager(30821):   Scheme: "mms"
I/PackageManager(30821):   Action: "android.intent.action.SENDTO"
I/PackageManager(30821):   Category: "android.intent.category.DEFAULT"
I/PackageManager(30821):   Scheme: "mmsto"
I/PackageManager(30821): Adding preferred activity ComponentInfo{com.android.mms/com.android.mms.ui.ComposeMessageActivity} for user 0 :
D/dalvikvm(30821): GC_FOR_ALLOC freed 1885K, 28% free 8520K/11764K, paused 244ms, total 246ms
D/dalvikvm(31051): GC_FOR_ALLOC freed 350K, 18% free 3787K/4592K, paused 64ms, total 64ms
I/PackageManager(30821):   Action: "android.intent.action.SENDTO"
I/PackageManager(30821):   Category: "android.intent.category.DEFAULT"
I/PackageManager(30821): Adding preferred activity ComponentInfo{com.android.mms/com.android.mms.ui.ComposeMessageActivity} for user 0 :
I/PackageManager(30821):   Scheme: "sms"
I/PackageManager(30821):   Action: "android.intent.action.SENDTO"
I/PackageManager(30821):   Category: "android.intent.category.DEFAULT"
I/PackageManager(30821):   Scheme: "smsto"
I/PackageManager(30821): Adding preferred activity ComponentInfo{com.android.mms/com.android.mms.ui.ComposeMessageActivity} for user 0 :
I/PackageManager(30821):   Action: "android.intent.action.SENDTO"
I/PackageManager(30821):   Category: "android.intent.category.DEFAULT"
I/PackageManager(30821):   Scheme: "mms"
I/PackageManager(30821): Adding preferred activity ComponentInfo{com.android.mms/com.android.mms.ui.ComposeMessageActivity} for user 0 :
I/PackageManager(30821):   Action: "android.intent.action.SENDTO"
I/PackageManager(30821):   Category: "android.intent.category.DEFAULT"
I/PackageManager(30821):   Scheme: "mmsto"
I/PackageManager(30821): Adding preferred activity ComponentInfo{com.android.mms/com.android.mms.ui.ComposeMessageActivity} for user 0 :
D/dalvikvm(31051): GC_FOR_ALLOC freed 332K, 18% free 3792K/4592K, paused 22ms, total 22ms
I/PackageManager(30821):   Action: "android.intent.action.SENDTO"
I/PackageManager(30821):   Category: "android.intent.category.DEFAULT"
I/PackageManager(30821):   Scheme: "sms"
I/PackageManager(30821): Adding preferred activity ComponentInfo{com.android.mms/com.android.mms.ui.ComposeMessageActivity} for user 0 :
I/PackageManager(30821):   Action: "android.intent.action.SENDTO"
I/PackageManager(30821):   Category: "android.intent.category.DEFAULT"
I/PackageManager(30821):   Scheme: "smsto"
I/PackageManager(30821): Adding preferred activity ComponentInfo{com.android.mms/com.android.mms.ui.ComposeMessageActivity} for user 0 :
I/PackageManager(30821):   Action: "android.intent.action.SENDTO"
I/PackageManager(30821):   Category: "android.intent.category.DEFAULT"
I/PackageManager(30821):   Scheme: "mms"
I/PackageManager(30821): Adding preferred activity ComponentInfo{com.android.mms/com.android.mms.ui.ComposeMessageActivity} for user 0 :
I/PackageManager(30821):   Action: "android.intent.action.SENDTO"
I/PackageManager(30821):   Category: "android.intent.category.DEFAULT"
I/PackageManager(30821):   Scheme: "mmsto"
I/PackageManager(30821): Adding preferred activity ComponentInfo{com.android.mms/com.android.mms.ui.ComposeMessageActivity} for user 0 :
D/dalvikvm(31051): GC_FOR_ALLOC freed 313K, 18% free 3788K/4592K, paused 61ms, total 62ms
I/InputReader(30821): Reconfiguring input devices.  changes=0x00000010
E/NetworkScheduler.SchedulerReceiver(31296): Invalid parameter app
E/NetworkScheduler.SchedulerReceiver(31296): Invalid package name : Perhaps you didn't include a PendingIntent in the extras?
D/ChimeraRcvrProxy(32185): Creating receiver proxy ComponentInfo{com.google.android.gms/com.google.android.gms.games.chimera.GamesSystemBroadcastReceiverProxy}
D/ChimeraRcvrProxy(32185): Proxying container receiver ComponentInfo{com.google.android.gms/com.google.android.gms.games.chimera.GamesSystemBroadcastReceiverProxy} to Chimera receiver impl com.google.android.gms.games.receiver.GamesSystemBroadcastReceiver
D/ChimeraCfgMgr(32185): Loading module com.google.android.gms.games from APK com.google.android.gms
D/PackageBroadcastService(32185): Received broadcast action=android.intent.action.PACKAGE_REMOVED and uri=dk.bobbyz.crosscppandroidapp
D/ChimeraSrvcProxy(32185): Creating service proxy ComponentInfo{com.google.android.gms/com.google.android.gms.games.chimera.GamesAsyncServiceProxy}
D/ChimeraSrvcProxy(32185): Proxying container service ComponentInfo{com.google.android.gms/com.google.android.gms.games.chimera.GamesAsyncServiceProxy} to Chimera service impl com.google.android.gms.games.service.GamesAsyncService
D/ChimeraCfgMgr(32185): Loading module com.google.android.gms.games from APK com.google.android.gms
I/ActivityManager(30821): Delay finish: com.google.android.gms/.games.chimera.GamesSystemBroadcastReceiverProxy
I/ConfigService(31296): onCreate
I/ConfigService(31296): onBind for Intent { act=com.google.android.gms.config.UPDATE pkg=com.google.android.gms } action com.google.android.gms.config.UPDATE
I/ConfigFetchService(32185): onStartCommand Intent { act=android.intent.action.PACKAGE_REMOVED dat=package:dk.bobbyz.crosscppandroidapp cmp=com.google.android.gms/.config.ConfigFetchService (has extras) }
I/ActivityManager(30821): Resuming delayed broadcast
W/ContextImpl(  605): Calling a method in the system process without a qualified user: android.app.ContextImpl.startService:1479 android.content.ContextWrapper.startService:494 android.content.ContextWrapper.startService:494 com.android.keychain.KeyChainBroadcastReceiver.onReceive:12 android.app.ActivityThread.handleReceiver:2419 
I/ActivityManager(30821): Delay finish: com.android.keychain/.KeyChainBroadcastReceiver
I/ActivityManager(30821): Resuming delayed broadcast
I/ConfigService(31296): onBind returning update interface
I/ConfigService(31296): onBind for Intent { act=com.google.android.gms.config.START pkg=com.google.android.gms } action com.google.android.gms.config.START
I/ConfigService(31296): onBind returning service broker
D/ChimeraRcvrProxy(32185): Creating receiver proxy ComponentInfo{com.google.android.gms/com.google.android.gms.games.chimera.GamesSystemBroadcastReceiverProxy}
D/dalvikvm(32185): GC_FOR_ALLOC freed 523K, 16% free 4603K/5428K, paused 46ms, total 51ms
D/PackageBroadcastService(32185): Received broadcast action=android.intent.action.PACKAGE_ADDED and uri=dk.bobbyz.crosscppandroidapp
D/ChimeraRcvrProxy(32185): Proxying container receiver ComponentInfo{com.google.android.gms/com.google.android.gms.games.chimera.GamesSystemBroadcastReceiverProxy} to Chimera receiver impl com.google.android.gms.games.receiver.GamesSystemBroadcastReceiver
D/ChimeraCfgMgr(32185): Loading module com.google.android.gms.games from APK com.google.android.gms
I/ActivityManager(30821): Delay finish: com.google.android.gms/.games.chimera.GamesSystemBroadcastReceiverProxy
I/ConfigFetchService(32185): onStartCommand Intent { act=android.intent.action.PACKAGE_ADDED dat=package:dk.bobbyz.crosscppandroidapp cmp=com.google.android.gms/.config.ConfigFetchService (has extras) }
I/ActivityManager(30821): Delaying start of: ServiceRecord{b2304b58 u0 com.google.android.gms/.wearable.service.WearableControlService}
I/ConfigFetchService(32185): launchTask
D/ChimeraSrvcProxy(32185): Creating service proxy ComponentInfo{com.google.android.gms/com.google.android.gms.games.chimera.GamesAsyncServiceProxy}
D/ChimeraSrvcProxy(32185): Proxying container service ComponentInfo{com.google.android.gms/com.google.android.gms.games.chimera.GamesAsyncServiceProxy} to Chimera service impl com.google.android.gms.games.service.GamesAsyncService
D/ChimeraCfgMgr(32185): Loading module com.google.android.gms.games from APK com.google.android.gms
I/ConfigFetchService(32185): service connected
I/PeopleContactsSync(32185): CP2 sync disabled
D/ConfigFetchService(32185): ConfigApi connection successful.
V/ConfigFetchTask(32185): ConfigFetchTask getDeviceDataVersionInfo(): ABFEt1X8CEiKkBt0HPlobXc5qGjBtYKCd7ctkscXiDlE0gNJBiprfb67Zh_BJDsaNhRNF0riBHjIT1eovHQuKmN2YC2kZaowkCGWjO0wA64dho41Xbs7pX7a-qiaIQHiv1McVb7TeKYuZMYePVWRHgl7bEM5NCPOcrdOwWnipcDqSW7xu5mlrRRRQ95u4IkqhCHyo6NV0xWg32JF2lAzkI_mqkbuxoSMUC15IGB4mmjIPYp_kyJ7axe6vHrNhZ8CncqBysUDnDQst3PBMBbbVBfUuilISdsGHlawlbcu1Da2m3eVuGHr8_M
W/RecognitionManagerService(30821): no available voice recognition services found for user 0
I/ActivityManager(30821): Resuming delayed broadcast
D/dalvikvm(30821): GC_EXPLICIT freed 1081K, 27% free 8595K/11764K, paused 72ms+106ms, total 1798ms
I/GoogleURLConnFactory(32185): Using platform SSLCertificateSocketFactory
D/AndroidRuntime(20297): Shutting down VM
E/NetworkScheduler.SchedulerReceiver(31296): Invalid parameter app
E/NetworkScheduler.SchedulerReceiver(31296): Invalid package name : Perhaps you didn't include a PendingIntent in the extras?
D/dalvikvm(20297): Debugger has detached; object registry had 1 entries
D/PackageBroadcastService(32185): Received broadcast action=android.intent.action.PACKAGE_REPLACED and uri=dk.bobbyz.crosscppandroidapp
I/PeopleContactsSync(32185): CP2 sync disabled
I/ConfigFetchService(32185): fetch service done; releasing wakelock
I/ConfigFetchService(32185): stopping self
D/AndroidRuntime(20389): 
D/AndroidRuntime(20389): >>>>>> AndroidRuntime START com.android.internal.os.RuntimeInit <<<<<<
D/AndroidRuntime(20389): CheckJNI is ON
D/dalvikvm(20389): Trying to load lib libjavacore.so 0x0
D/dalvikvm(20389): Added shared lib libjavacore.so 0x0
D/dalvikvm(20389): Trying to load lib libnativehelper.so 0x0
D/dalvikvm(20389): Added shared lib libnativehelper.so 0x0
D/dalvikvm(20389): No JNI_OnLoad found in libnativehelper.so 0x0, skipping init
D/dalvikvm(20389): Note: class Landroid/app/ActivityManagerNative; has 179 unimplemented (abstract) methods
E/memtrack(20389): Couldn't load memtrack module (No such file or directory)
E/android.os.Debug(20389): failed to load memtrack module: -2
D/AndroidRuntime(20389): Calling main entry com.android.commands.am.Am
W/ProcessCpuTracker(30821): Skipping unknown process pid 20405
I/ActivityManager(30821): START u0 {act=android.intent.action.MAIN cat=[android.intent.category.LAUNCHER] flg=0x10000000 cmp=dk.bobbyz.crosscppandroidapp/.MainActivity} from pid 20389
D/dalvikvm(30821): GC_FOR_ALLOC freed 188K, 28% free 8530K/11764K, paused 210ms, total 211ms
I/dalvikvm-heap(30821): Grow heap (frag case) to 9.430MB for 856096-byte allocation
D/dalvikvm(30821): GC_FOR_ALLOC freed 8K, 26% free 9358K/12604K, paused 73ms, total 74ms
D/AndroidRuntime(20389): Shutting down VM
D/dalvikvm(20389): Debugger has detached; object registry had 1 entries
D/dalvikvm(20411): Not late-enabling CheckJNI (already on)
I/ActivityManager(30821): Start proc dk.bobbyz.crosscppandroidapp for activity dk.bobbyz.crosscppandroidapp/.MainActivity: pid=20411 uid=10060 gids={50060}
I/dalvikvm(20411): Could not find method android.content.res.TypedArray.getChangingConfigurations, referenced from method android.support.v7.internal.widget.TintTypedArray.getChangingConfigurations
W/dalvikvm(20411): VFY: unable to resolve virtual method 408: Landroid/content/res/TypedArray;.getChangingConfigurations ()I
D/dalvikvm(20411): VFY: replacing opcode 0x6e at 0x0002
I/dalvikvm(20411): Could not find method android.content.res.TypedArray.getType, referenced from method android.support.v7.internal.widget.TintTypedArray.getType
W/dalvikvm(20411): VFY: unable to resolve virtual method 430: Landroid/content/res/TypedArray;.getType (I)I
D/dalvikvm(20411): VFY: replacing opcode 0x6e at 0x0002
I/Choreographer(31062): Skipped 65 frames!  The application may be doing too much work on its main thread.
I/dalvikvm(20411): Could not find method android.content.res.Resources.getDrawable, referenced from method android.support.v7.internal.widget.ResourcesWrapper.getDrawable
W/dalvikvm(20411): VFY: unable to resolve virtual method 371: Landroid/content/res/Resources;.getDrawable (ILandroid/content/res/Resources$Theme;)Landroid/graphics/drawable/Drawable;
D/dalvikvm(20411): VFY: replacing opcode 0x6e at 0x0002
I/dalvikvm(20411): Could not find method android.content.res.Resources.getDrawableForDensity, referenced from method android.support.v7.internal.widget.ResourcesWrapper.getDrawableForDensity
W/dalvikvm(20411): VFY: unable to resolve virtual method 373: Landroid/content/res/Resources;.getDrawableForDensity (IILandroid/content/res/Resources$Theme;)Landroid/graphics/drawable/Drawable;
D/dalvikvm(20411): VFY: replacing opcode 0x6e at 0x0002
D/dalvikvm(20411): GC_FOR_ALLOC freed 162K, 12% free 3371K/3820K, paused 74ms, total 76ms
I/ConfigService(31296): onDestroy
D/dalvikvm(20411): GC_FOR_ALLOC freed 5K, 12% free 3586K/4044K, paused 15ms, total 15ms
I/dalvikvm-heap(20411): Grow heap (frag case) to 6.200MB for 2536936-byte allocation
D/dalvikvm(20411): GC_FOR_ALLOC freed <1K, 8% free 6063K/6524K, paused 23ms, total 23ms
D/dalvikvm(20411): Trying to load lib /data/app-lib/dk.bobbyz.crosscppandroidapp-2/libCommonLibrary.so 0xb1e1e6c0
D/dalvikvm(20411): Added shared lib /data/app-lib/dk.bobbyz.crosscppandroidapp-2/libCommonLibrary.so 0xb1e1e6c0
D/dalvikvm(20411): No JNI_OnLoad found in /data/app-lib/dk.bobbyz.crosscppandroidapp-2/libCommonLibrary.so 0xb1e1e6c0, skipping init
D/TextDaoImpl(20411): init
I/LatinIME:LogUtils(31017): Dictionary info: dictionary = contacts.en_US.dict ; version = ? ; date = ?
D/        (20411): HostConnection::get() New Host Connection established 0xb71c9ab0, tid 20411
W/EGL_emulation(20411): eglSurfaceAttrib not implemented
D/OpenGLRenderer(20411): Enabling debug mode 0
I/ActivityManager(30821): Displayed dk.bobbyz.crosscppandroidapp/.MainActivity: +3s444ms
D/TextDaoImpl(20411): insert_begin
D/TextDaoImpl(20411): insert1
D/TextDaoImpl(20411): insert2
D/TextDaoImpl(20411): insert3
D/TextDaoImpl(20411): insert4
D/TextDaoImpl(20411): insert5
D/TextDao (20411): insert_begin
D/TextDao (20411): insert_1
D/TextDao (20411): insert_2 - db:
F/libc    (20411): Fatal signal 11 (SIGSEGV) at 0xcf657e50 (code=1), thread 20411 (sscppandroidapp)
E/SoundPool(30821): error loading /system/media/audio/ui/Effect_Tick.ogg
W/AudioService(30821): Soundpool could not load file: /system/media/audio/ui/Effect_Tick.ogg
E/SoundPool(30821): error loading /system/media/audio/ui/Effect_Tick.ogg
W/AudioService(30821): Soundpool could not load file: /system/media/audio/ui/Effect_Tick.ogg
E/SoundPool(30821): error loading /system/media/audio/ui/Effect_Tick.ogg
W/AudioService(30821): Soundpool could not load file: /system/media/audio/ui/Effect_Tick.ogg
E/SoundPool(30821): error loading /system/media/audio/ui/Effect_Tick.ogg
W/AudioService(30821): Soundpool could not load file: /system/media/audio/ui/Effect_Tick.ogg
E/SoundPool(30821): error loading /system/media/audio/ui/Effect_Tick.ogg
W/AudioService(30821): Soundpool could not load file: /system/media/audio/ui/Effect_Tick.ogg
E/SoundPool(30821): error loading /system/media/audio/ui/KeypressStandard.ogg
W/AudioService(30821): Soundpool could not load file: /system/media/audio/ui/KeypressStandard.ogg
E/SoundPool(30821): error loading /system/media/audio/ui/KeypressSpacebar.ogg
W/AudioService(30821): Soundpool could not load file: /system/media/audio/ui/KeypressSpacebar.ogg
E/SoundPool(30821): error loading /system/media/audio/ui/KeypressDelete.ogg
W/AudioService(30821): Soundpool could not load file: /system/media/audio/ui/KeypressDelete.ogg
E/SoundPool(30821): error loading /system/media/audio/ui/KeypressReturn.ogg
W/AudioService(30821): Soundpool could not load file: /system/media/audio/ui/KeypressReturn.ogg
E/SoundPool(30821): error loading /system/media/audio/ui/KeypressInvalid.ogg
W/AudioService(30821): Soundpool could not load file: /system/media/audio/ui/KeypressInvalid.ogg
W/AudioService(30821): onLoadSoundEffects(), Error -1 while loading samples
I/DEBUG   (   54): *** *** *** *** *** *** *** *** *** *** *** *** *** *** *** ***
I/DEBUG   (   54): Build fingerprint: 'generic/google_sdk/generic:4.4.2/KK/1873184:eng/test-keys'
I/DEBUG   (   54): Revision: '0'
I/DEBUG   (   54): pid: 20411, tid: 20411, name: sscppandroidapp  >>> dk.bobbyz.crosscppandroidapp <<<
I/DEBUG   (   54): signal 11 (SIGSEGV), code 1 (SEGV_MAPERR), fault addr cf657e50
I/DEBUG   (   54):     r0 00000018  r1 cf657e50  r2 cf657e50  r3 cf657e50
I/DEBUG   (   54):     r4 b720fac8  r5 becfc360  r6 00000000  r7 becfc318
I/DEBUG   (   54):     r8 becfc388  r9 b02dad00  sl b7060390  fp becfc39c
I/DEBUG   (   54):     ip 00000003  sp becfc318  lr a89f8ed9  pc a89f8eda  cpsr 60000030
I/DEBUG   (   54):     d0  0000000080000000  d1  0000000042960000
I/DEBUG   (   54):     d2  0000000000000000  d3  33d6bf9500000000
I/DEBUG   (   54):     d4  0000000000000000  d5  3f80000000000000
I/DEBUG   (   54):     d6  3f80000000000000  d7  0000000080000000
I/DEBUG   (   54):     d8  0000000000000000  d9  0000000000000000
I/DEBUG   (   54):     d10 0000000000000000  d11 0000000000000000
I/DEBUG   (   54):     d12 0000000000000000  d13 0000000000000000
I/DEBUG   (   54):     d14 0000000000000000  d15 0000000000000000
I/DEBUG   (   54):     scr 60000010
I/DEBUG   (   54): 
I/DEBUG   (   54): backtrace:
I/DEBUG   (   54):     #00  pc 00012eda  /data/app-lib/dk.bobbyz.crosscppandroidapp-2/libCommonLibrary.so (TextDao::insert(Text*)+173)
I/DEBUG   (   54):     #01  pc 00012ed5  /data/app-lib/dk.bobbyz.crosscppandroidapp-2/libCommonLibrary.so (TextDao::insert(Text*)+168)
I/DEBUG   (   54): 
I/DEBUG   (   54): stack:
I/DEBUG   (   54):          becfc2d8  becfc360  [stack]
I/DEBUG   (   54):          becfc2dc  a8abae5c  /data/app-lib/dk.bobbyz.crosscppandroidapp-2/libCommonLibrary.so
I/DEBUG   (   54):          becfc2e0  becfc318  [stack]
I/DEBUG   (   54):          becfc2e4  becfc388  [stack]
I/DEBUG   (   54):          becfc2e8  b02dad00  
I/DEBUG   (   54):          becfc2ec  b7060390  [heap]
I/DEBUG   (   54):          becfc2f0  becfc39c  [stack]
I/DEBUG   (   54):          becfc2f4  b6f3bae9  /system/lib/libc.so (malloc+12)
I/DEBUG   (   54):          becfc2f8  00000026  
I/DEBUG   (   54):          becfc2fc  cf657e50  
I/DEBUG   (   54):          becfc300  b720fac8  [heap]
I/DEBUG   (   54):          becfc304  becfc360  [stack]
I/DEBUG   (   54):          becfc308  00000000  
I/DEBUG   (   54):          becfc30c  a89f8ed9  /data/app-lib/dk.bobbyz.crosscppandroidapp-2/libCommonLibrary.so (TextDao::insert(Text*)+172)
I/DEBUG   (   54):          becfc310  a8aa56c0  /data/app-lib/dk.bobbyz.crosscppandroidapp-2/libCommonLibrary.so
I/DEBUG   (   54):          becfc314  cf657e50  
I/DEBUG   (   54):     #00  becfc318  b720fac8  [heap]
I/DEBUG   (   54):          ........  ........
I/DEBUG   (   54):     #01  becfc318  b720fac8  [heap]
I/DEBUG   (   54):          becfc31c  cf657e50  
I/DEBUG   (   54):          becfc320  b7205964  [heap]
I/DEBUG   (   54):          becfc324  b71bccac  [heap]
I/DEBUG   (   54):          becfc328  b7217e58  [heap]
I/DEBUG   (   54):          becfc32c  b721875c  [heap]
I/DEBUG   (   54):          becfc330  b720fac8  [heap]
I/DEBUG   (   54):          becfc334  becfc360  [stack]
I/DEBUG   (   54):          becfc338  00000000  
I/DEBUG   (   54):          becfc33c  b720fac8  [heap]
I/DEBUG   (   54):          becfc340  becfc348  [stack]
I/DEBUG   (   54):          becfc344  a89fa0ff  /data/app-lib/dk.bobbyz.crosscppandroidapp-2/libCommonLibrary.so (Java_dk_bobbyz_crosscppandroidapp_commonlibrary_impl_TextDaoImpl_insert+306)
I/DEBUG   (   54):          becfc348  b7060380  [heap]
I/DEBUG   (   54):          becfc34c  0370001d  
I/DEBUG   (   54):          becfc350  be700019  
I/DEBUG   (   54):          becfc354  b705cf28  [heap]
I/DEBUG   (   54): 
I/DEBUG   (   54): memory near r4:
I/DEBUG   (   54):     b720faa8 b720fa88 00000000 00000000 00000013  
I/DEBUG   (   54):     b720fab8 00000000 b720fab8 b720fab8 00000013  
I/DEBUG   (   54):     b720fac8 b6f7b190 b71bccac 00000010 0000001b  
I/DEBUG   (   54):     b720fad8 00000001 00000001 b720f4e0 00000000  
I/DEBUG   (   54):     b720fae8 00000001 0000001b 00000001 00000004  
I/DEBUG   (   54):     b720faf8 00005355 00000001 41f00000 0000001b  
I/DEBUG   (   54):     b720fb08 00000001 00000002 00640069 00720065  
I/DEBUG   (   54):     b720fb18 00000043 00000023 00000001 00000008  
I/DEBUG   (   54):     b720fb28 006e0061 00720064 00000000 80000000  
I/DEBUG   (   54):     b720fb38 006f0063 0000001b 0000000a 00000001  
I/DEBUG   (   54):     b720fb48 4c2d6e65 2d6e7461 00005355 00000103  
I/DEBUG   (   54):     b720fb58 00000001 00000001 b72019b8 00000000  
I/DEBUG   (   54):     b720fb68 00000000 00000000 00000000 00000000  
I/DEBUG   (   54):     b720fb78 00000000 00000000 00000000 3f800000  
I/DEBUG   (   54):     b720fb88 00000000 00000000 00000000 00000000  
I/DEBUG   (   54):     b720fb98 3f800000 00000000 00000000 00000000  
I/DEBUG   (   54): 
I/DEBUG   (   54): memory near r5:
I/DEBUG   (   54):     becfc340 becfc348 a89fa0ff b7060380 0370001d  
I/DEBUG   (   54):     becfc350 be700019 b705cf28 becfc474 00000000  
I/DEBUG   (   54):     becfc360 b71bccac cf657e50 e3d00025 af6582c8  
I/DEBUG   (   54):     becfc370 9fc00029 b720fac8 af641f38 b7060380  
I/DEBUG   (   54):     becfc380 b02dad08 b5ad0bd0 b02dacfc 00000001  
I/DEBUG   (   54):     becfc390 a8c2dd1b b1e68e90 b211a48c b5b00f03  
I/DEBUG   (   54):     becfc3a0 b02dacfc a8c2dd19 a89f9fcd b7060390  
I/DEBUG   (   54):     becfc3b0 b71bcc98 b71bcca0 00000000 00000000  
I/DEBUG   (   54):     becfc3c0 ae058494 b6f7b35c b6f77000 b720599f  
I/DEBUG   (   54):     becfc3d0 b720599f b71bcca0 b7205950 00000000  
I/DEBUG   (   54):     becfc3e0 b72084e0 b7205958 a89f9fcd b6f3f11f  
I/DEBUG   (   54):     becfc3f0 b6f77000 b7205958 00000000 b72084e0  
I/DEBUG   (   54):     becfc400 00000000 b6f3bafd ae058494 b5b02b33  
I/DEBUG   (   54):     becfc410 becfc494 00000000 b5b510e4 00000000  
I/DEBUG   (   54):     becfc420 00000000 becfc408 becfc4ac af641fc4  
I/DEBUG   (   54):     becfc430 00000001 b1e1d540 00000001 00000003  
I/DEBUG   (   54): 
I/DEBUG   (   54): memory near r7:
I/DEBUG   (   54):     becfc2f8 00000026 cf657e50 b720fac8 becfc360  
I/DEBUG   (   54):     becfc308 00000000 a89f8ed9 a8aa56c0 cf657e50  
I/DEBUG   (   54):     becfc318 b720fac8 cf657e50 b7205964 b71bccac  
I/DEBUG   (   54):     becfc328 b7217e58 b721875c b720fac8 becfc360  
I/DEBUG   (   54):     becfc338 00000000 b720fac8 becfc348 a89fa0ff  
I/DEBUG   (   54):     becfc348 b7060380 0370001d be700019 b705cf28  
I/DEBUG   (   54):     becfc358 becfc474 00000000 b71bccac cf657e50  
I/DEBUG   (   54):     becfc368 e3d00025 af6582c8 9fc00029 b720fac8  
I/DEBUG   (   54):     becfc378 af641f38 b7060380 b02dad08 b5ad0bd0  
I/DEBUG   (   54):     becfc388 b02dacfc 00000001 a8c2dd1b b1e68e90  
I/DEBUG   (   54):     becfc398 b211a48c b5b00f03 b02dacfc a8c2dd19  
I/DEBUG   (   54):     becfc3a8 a89f9fcd b7060390 b71bcc98 b71bcca0  
I/DEBUG   (   54):     becfc3b8 00000000 00000000 ae058494 b6f7b35c  
I/DEBUG   (   54):     becfc3c8 b6f77000 b720599f b720599f b71bcca0  
I/DEBUG   (   54):     becfc3d8 b7205950 00000000 b72084e0 b7205958  
