I/PackageManager(30821):   Scheme: "smsto"
I/PackageManager(30821): Adding preferred activity ComponentInfo{com.android.mms/com.android.mms.ui.ComposeMessageActivity} for user 0 :
I/PackageManager(30821):   Action: "android.intent.action.SENDTO"
I/PackageManager(30821):   Category: "android.intent.category.DEFAULT"
I/PackageManager(30821):   Scheme: "mms"
I/PackageManager(30821): Adding preferred activity ComponentInfo{com.android.mms/com.android.mms.ui.ComposeMessageActivity} for user 0 :
I/PackageManager(30821):   Action: "android.intent.action.SENDTO"
I/PackageManager(30821):   Category: "android.intent.category.DEFAULT"
I/PackageManager(30821): Adding preferred activity ComponentInfo{com.android.mms/com.android.mms.ui.ComposeMessageActivity} for user 0 :
I/PackageManager(30821):   Scheme: "mmsto"
D/dalvikvm(31051): GC_FOR_ALLOC freed 332K, 18% free 3792K/4592K, paused 18ms, total 19ms
I/PackageManager(30821):   Action: "android.intent.action.SENDTO"
I/PackageManager(30821):   Category: "android.intent.category.DEFAULT"
I/PackageManager(30821): Adding preferred activity ComponentInfo{com.android.mms/com.android.mms.ui.ComposeMessageActivity} for user 0 :
I/PackageManager(30821):   Scheme: "sms"
I/PackageManager(30821):   Action: "android.intent.action.SENDTO"
I/PackageManager(30821):   Category: "android.intent.category.DEFAULT"
I/PackageManager(30821): Adding preferred activity ComponentInfo{com.android.mms/com.android.mms.ui.ComposeMessageActivity} for user 0 :
I/PackageManager(30821):   Scheme: "smsto"
I/PackageManager(30821):   Action: "android.intent.action.SENDTO"
I/PackageManager(30821):   Category: "android.intent.category.DEFAULT"
I/PackageManager(30821):   Scheme: "mms"
I/PackageManager(30821): Adding preferred activity ComponentInfo{com.android.mms/com.android.mms.ui.ComposeMessageActivity} for user 0 :
I/PackageManager(30821):   Action: "android.intent.action.SENDTO"
I/PackageManager(30821):   Category: "android.intent.category.DEFAULT"
I/PackageManager(30821): Adding preferred activity ComponentInfo{com.android.mms/com.android.mms.ui.ComposeMessageActivity} for user 0 :
I/PackageManager(30821):   Scheme: "mmsto"
D/dalvikvm(31051): GC_FOR_ALLOC freed 313K, 18% free 3788K/4592K, paused 28ms, total 28ms
I/InputReader(30821): Reconfiguring input devices.  changes=0x00000010
D/ChimeraRcvrProxy(32185): Creating receiver proxy ComponentInfo{com.google.android.gms/com.google.android.gms.games.chimera.GamesSystemBroadcastReceiverProxy}
D/ChimeraRcvrProxy(32185): Proxying container receiver ComponentInfo{com.google.android.gms/com.google.android.gms.games.chimera.GamesSystemBroadcastReceiverProxy} to Chimera receiver impl com.google.android.gms.games.receiver.GamesSystemBroadcastReceiver
D/ChimeraCfgMgr(32185): Loading module com.google.android.gms.games from APK com.google.android.gms
I/ActivityManager(30821): Delay finish: com.google.android.gms/.games.chimera.GamesSystemBroadcastReceiverProxy
I/ConfigService(31296): onCreate
I/ConfigService(31296): onBind for Intent { act=com.google.android.gms.config.UPDATE pkg=com.google.android.gms } action com.google.android.gms.config.UPDATE
I/ConfigFetchService(32185): onStartCommand Intent { act=android.intent.action.PACKAGE_REMOVED dat=package:dk.bobbyz.crosscppandroidapp cmp=com.google.android.gms/.config.ConfigFetchService (has extras) }
D/ChimeraSrvcProxy(32185): Creating service proxy ComponentInfo{com.google.android.gms/com.google.android.gms.games.chimera.GamesAsyncServiceProxy}
D/ChimeraSrvcProxy(32185): Proxying container service ComponentInfo{com.google.android.gms/com.google.android.gms.games.chimera.GamesAsyncServiceProxy} to Chimera service impl com.google.android.gms.games.service.GamesAsyncService
D/ChimeraCfgMgr(32185): Loading module com.google.android.gms.games from APK com.google.android.gms
I/ActivityManager(30821): Resuming delayed broadcast
I/ConfigService(31296): onBind returning update interface
W/ContextImpl(  605): Calling a method in the system process without a qualified user: android.app.ContextImpl.startService:1479 android.content.ContextWrapper.startService:494 android.content.ContextWrapper.startService:494 com.android.keychain.KeyChainBroadcastReceiver.onReceive:12 android.app.ActivityThread.handleReceiver:2419 
I/ActivityManager(30821): Delay finish: com.android.keychain/.KeyChainBroadcastReceiver
I/ConfigService(31296): onBind for Intent { act=com.google.android.gms.config.START pkg=com.google.android.gms } action com.google.android.gms.config.START
I/ConfigService(31296): onBind returning service broker
I/ActivityManager(30821): Resuming delayed broadcast
D/PackageBroadcastService(32185): Received broadcast action=android.intent.action.PACKAGE_ADDED and uri=dk.bobbyz.crosscppandroidapp
D/ChimeraRcvrProxy(32185): Creating receiver proxy ComponentInfo{com.google.android.gms/com.google.android.gms.games.chimera.GamesSystemBroadcastReceiverProxy}
D/ChimeraRcvrProxy(32185): Proxying container receiver ComponentInfo{com.google.android.gms/com.google.android.gms.games.chimera.GamesSystemBroadcastReceiverProxy} to Chimera receiver impl com.google.android.gms.games.receiver.GamesSystemBroadcastReceiver
D/ChimeraCfgMgr(32185): Loading module com.google.android.gms.games from APK com.google.android.gms
I/ActivityManager(30821): Delay finish: com.google.android.gms/.games.chimera.GamesSystemBroadcastReceiverProxy
I/ConfigFetchService(32185): onStartCommand Intent { act=android.intent.action.PACKAGE_ADDED dat=package:dk.bobbyz.crosscppandroidapp cmp=com.google.android.gms/.config.ConfigFetchService (has extras) }
I/ActivityManager(30821): Delaying start of: ServiceRecord{b2331e38 u0 com.google.android.gms/.wearable.service.WearableControlService}
D/dalvikvm(30821): GC_EXPLICIT freed 2163K, 22% free 10222K/13028K, paused 19ms+14ms, total 1135ms
I/ConfigFetchService(32185): launchTask
D/ChimeraSrvcProxy(32185): Creating service proxy ComponentInfo{com.google.android.gms/com.google.android.gms.games.chimera.GamesAsyncServiceProxy}
D/dalvikvm(32185): GC_FOR_ALLOC freed 479K, 15% free 4598K/5364K, paused 32ms, total 36ms
D/ChimeraSrvcProxy(32185): Proxying container service ComponentInfo{com.google.android.gms/com.google.android.gms.games.chimera.GamesAsyncServiceProxy} to Chimera service impl com.google.android.gms.games.service.GamesAsyncService
D/ChimeraCfgMgr(32185): Loading module com.google.android.gms.games from APK com.google.android.gms
I/ConfigFetchService(32185): service connected
I/PeopleContactsSync(32185): CP2 sync disabled
D/AndroidRuntime( 8245): Shutting down VM
D/jdwp    ( 8245): Got wake-up signal, bailing out of select
D/dalvikvm( 8245): Debugger has detached; object registry had 1 entries
D/ConfigFetchService(32185): ConfigApi connection successful.
W/RecognitionManagerService(30821): no available voice recognition services found for user 0
I/ActivityManager(30821): Resuming delayed broadcast
E/NetworkScheduler.SchedulerReceiver(31296): Invalid parameter app
E/NetworkScheduler.SchedulerReceiver(31296): Invalid package name : Perhaps you didn't include a PendingIntent in the extras?
D/PackageBroadcastService(32185): Received broadcast action=android.intent.action.PACKAGE_REPLACED and uri=dk.bobbyz.crosscppandroidapp
I/PeopleContactsSync(32185): CP2 sync disabled
D/MobileDataStateTracker(30821): default: setPolicyDataEnable(enabled=true)
D/ConnectivityService(30821): Sampling interval elapsed, updating statistics ..
D/ConnectivityService(30821): Done.
D/ConnectivityService(30821): Setting timer for 720seconds
D/GCM     (31296): Message class com.google.f.a.a.i
D/dalvikvm(31296): GC_FOR_ALLOC freed 470K, 16% free 4137K/4920K, paused 43ms, total 46ms
D/ConnectivityService(30821): handleInetConditionHoldEnd: net=0, condition=100, published condition=100
I/GoogleURLConnFactory(31296): Using platform SSLCertificateSocketFactory
D/AndroidRuntime( 8334): 
D/AndroidRuntime( 8334): >>>>>> AndroidRuntime START com.android.internal.os.RuntimeInit <<<<<<
D/AndroidRuntime( 8334): CheckJNI is ON
D/dalvikvm( 8334): Trying to load lib libjavacore.so 0x0
D/dalvikvm( 8334): Added shared lib libjavacore.so 0x0
D/dalvikvm( 8334): Trying to load lib libnativehelper.so 0x0
D/dalvikvm( 8334): Added shared lib libnativehelper.so 0x0
D/dalvikvm(31296): GC_FOR_ALLOC freed 521K, 17% free 4124K/4936K, paused 55ms, total 56ms
D/dalvikvm( 8334): No JNI_OnLoad found in libnativehelper.so 0x0, skipping init
D/dalvikvm( 8334): Note: class Landroid/app/ActivityManagerNative; has 179 unimplemented (abstract) methods
E/memtrack( 8334): Couldn't load memtrack module (No such file or directory)
E/android.os.Debug( 8334): failed to load memtrack module: -2
D/AndroidRuntime( 8334): Calling main entry com.android.commands.am.Am
I/ActivityManager(30821): START u0 {act=android.intent.action.MAIN cat=[android.intent.category.LAUNCHER] flg=0x10000000 cmp=dk.bobbyz.crosscppandroidapp/.MainActivity} from pid 8334
D/dalvikvm(30821): GC_FOR_ALLOC freed 415K, 23% free 10152K/13028K, paused 104ms, total 111ms
I/dalvikvm-heap(30821): Grow heap (frag case) to 11.014MB for 856096-byte allocation
D/dalvikvm(30821): GC_FOR_ALLOC freed 26K, 21% free 10962K/13868K, paused 73ms, total 73ms
D/AndroidRuntime( 8334): Shutting down VM
D/jdwp    ( 8334): Got wake-up signal, bailing out of select
D/dalvikvm( 8334): Debugger has detached; object registry had 1 entries
I/ActivityManager(30821): Start proc dk.bobbyz.crosscppandroidapp for activity dk.bobbyz.crosscppandroidapp/.MainActivity: pid=8359 uid=10060 gids={50060}
D/dalvikvm( 8359): Not late-enabling CheckJNI (already on)
I/dalvikvm( 8359): Could not find method android.content.res.TypedArray.getChangingConfigurations, referenced from method android.support.v7.internal.widget.TintTypedArray.getChangingConfigurations
W/dalvikvm( 8359): VFY: unable to resolve virtual method 408: Landroid/content/res/TypedArray;.getChangingConfigurations ()I
D/dalvikvm( 8359): VFY: replacing opcode 0x6e at 0x0002
I/dalvikvm( 8359): Could not find method android.content.res.TypedArray.getType, referenced from method android.support.v7.internal.widget.TintTypedArray.getType
W/dalvikvm( 8359): VFY: unable to resolve virtual method 430: Landroid/content/res/TypedArray;.getType (I)I
D/dalvikvm( 8359): VFY: replacing opcode 0x6e at 0x0002
I/dalvikvm( 8359): Could not find method android.content.res.Resources.getDrawable, referenced from method android.support.v7.internal.widget.ResourcesWrapper.getDrawable
W/dalvikvm( 8359): VFY: unable to resolve virtual method 371: Landroid/content/res/Resources;.getDrawable (ILandroid/content/res/Resources$Theme;)Landroid/graphics/drawable/Drawable;
D/dalvikvm( 8359): VFY: replacing opcode 0x6e at 0x0002
I/dalvikvm( 8359): Could not find method android.content.res.Resources.getDrawableForDensity, referenced from method android.support.v7.internal.widget.ResourcesWrapper.getDrawableForDensity
W/dalvikvm( 8359): VFY: unable to resolve virtual method 373: Landroid/content/res/Resources;.getDrawableForDensity (IILandroid/content/res/Resources$Theme;)Landroid/graphics/drawable/Drawable;
D/dalvikvm( 8359): VFY: replacing opcode 0x6e at 0x0002
D/dalvikvm( 8359): GC_FOR_ALLOC freed 143K, 12% free 3371K/3804K, paused 64ms, total 66ms
D/dalvikvm( 8359): GC_FOR_ALLOC freed 5K, 11% free 3586K/4028K, paused 14ms, total 15ms
I/dalvikvm-heap( 8359): Grow heap (frag case) to 6.200MB for 2536936-byte allocation
D/dalvikvm( 8359): GC_FOR_ALLOC freed <1K, 7% free 6063K/6508K, paused 94ms, total 94ms
D/dalvikvm( 8359): Trying to load lib /data/app-lib/dk.bobbyz.crosscppandroidapp-1/libCommonLibrary.so 0xb1e17348
D/dalvikvm( 8359): Added shared lib /data/app-lib/dk.bobbyz.crosscppandroidapp-1/libCommonLibrary.so 0xb1e17348
D/dalvikvm( 8359): No JNI_OnLoad found in /data/app-lib/dk.bobbyz.crosscppandroidapp-1/libCommonLibrary.so 0xb1e17348, skipping init
D/TextDaoImpl( 8359): init
D/        ( 8359): HostConnection::get() New Host Connection established 0xb71c74a8, tid 8359
W/EGL_emulation( 8359): eglSurfaceAttrib not implemented
D/OpenGLRenderer( 8359): Enabling debug mode 0
I/ActivityManager(30821): Displayed dk.bobbyz.crosscppandroidapp/.MainActivity: +3s428ms
V/ConfigFetchTask(32185): ConfigFetchTask getDeviceDataVersionInfo(): ABFEt1X8CEiKkBt0HPlobXc5qGjBtYKCd7ctkscXiDlE0gNJBiprfb67Zh_BJDsaNhRNF0riBHjIT1eovHQuKmN2YC2kZaowkCGWjO0wA64dho41Xbs7pX7a-qiaIQHiv1McVb7TeKYuZMYePVWRHgl7bEM5NCPOcrdOwWnipcDqSW7xu5mlrRRRQ95u4IkqhCHyo6NV0xWg32JF2lAzkI_mqkbuxoSMUC15IGB4mmjIPYp_kyJ7axe6vHrNhZ8CncqBysUDnDQst3PBMBbbVBfUuilISdsGHlawlbcu1Da2m3eVuGHr8_M
I/GoogleURLConnFactory(32185): Using platform SSLCertificateSocketFactory
I/ConfigFetchService(32185): fetch service done; releasing wakelock
I/ConfigFetchService(32185): stopping self
I/ConfigService(31296): onDestroy
I/EventLogService(32185): Aggregate from 1432494014061 (log), 1432494014061 (data)
I/LatinIME:LogUtils(31017): Dictionary info: dictionary = contacts.en_US.dict ; version = ? ; date = ?
D/TextDaoImpl( 8359): insert_begin
D/TextDaoImpl( 8359): insert1
D/TextDaoImpl( 8359): insert2
D/TextDaoImpl( 8359): insert3
D/TextDaoImpl( 8359): insert4
D/TextDaoImpl( 8359): insert5
D/TextDao ( 8359): insert_begin
D/TextDao ( 8359): insert_1
D/TextDao ( 8359): insert_2
F/libc    ( 8359): Fatal signal 11 (SIGSEGV) at 0xcf657e50 (code=1), thread 8359 (sscppandroidapp)
E/SoundPool(30821): error loading /system/media/audio/ui/Effect_Tick.ogg
W/AudioService(30821): Soundpool could not load file: /system/media/audio/ui/Effect_Tick.ogg
E/SoundPool(30821): error loading /system/media/audio/ui/Effect_Tick.ogg
W/AudioService(30821): Soundpool could not load file: /system/media/audio/ui/Effect_Tick.ogg
E/SoundPool(30821): error loading /system/media/audio/ui/Effect_Tick.ogg
W/AudioService(30821): Soundpool could not load file: /system/media/audio/ui/Effect_Tick.ogg
E/SoundPool(30821): error loading /system/media/audio/ui/Effect_Tick.ogg
W/AudioService(30821): Soundpool could not load file: /system/media/audio/ui/Effect_Tick.ogg
E/SoundPool(30821): error loading /system/media/audio/ui/Effect_Tick.ogg
W/AudioService(30821): Soundpool could not load file: /system/media/audio/ui/Effect_Tick.ogg
E/SoundPool(30821): error loading /system/media/audio/ui/KeypressStandard.ogg
W/AudioService(30821): Soundpool could not load file: /system/media/audio/ui/KeypressStandard.ogg
E/SoundPool(30821): error loading /system/media/audio/ui/KeypressSpacebar.ogg
W/AudioService(30821): Soundpool could not load file: /system/media/audio/ui/KeypressSpacebar.ogg
E/SoundPool(30821): error loading /system/media/audio/ui/KeypressDelete.ogg
W/AudioService(30821): Soundpool could not load file: /system/media/audio/ui/KeypressDelete.ogg
E/SoundPool(30821): error loading /system/media/audio/ui/KeypressReturn.ogg
W/AudioService(30821): Soundpool could not load file: /system/media/audio/ui/KeypressReturn.ogg
E/SoundPool(30821): error loading /system/media/audio/ui/KeypressInvalid.ogg
W/AudioService(30821): Soundpool could not load file: /system/media/audio/ui/KeypressInvalid.ogg
W/AudioService(30821): onLoadSoundEffects(), Error -1 while loading samples
I/DEBUG   (   54): *** *** *** *** *** *** *** *** *** *** *** *** *** *** *** ***
I/DEBUG   (   54): Build fingerprint: 'generic/google_sdk/generic:4.4.2/KK/1873184:eng/test-keys'
I/DEBUG   (   54): Revision: '0'
I/DEBUG   (   54): pid: 8359, tid: 8359, name: sscppandroidapp  >>> dk.bobbyz.crosscppandroidapp <<<
I/DEBUG   (   54): signal 11 (SIGSEGV), code 1 (SEGV_MAPERR), fault addr cf657e50
I/DEBUG   (   54):     r0 00000012  r1 cf657e50  r2 cf657e50  r3 cf657e50
I/DEBUG   (   54):     r4 b7225ef0  r5 becfc360  r6 00000000  r7 becfc318
I/DEBUG   (   54):     r8 becfc388  r9 b02dad00  sl b7060390  fp becfc39c
I/DEBUG   (   54):     ip 00000003  sp becfc318  lr a89f8e4b  pc a89f8e4c  cpsr 60000030
I/DEBUG   (   54):     d0  0000000080000000  d1  0000000042960000
I/DEBUG   (   54):     d2  0000000000000000  d3  33d6bf9500000000
I/DEBUG   (   54):     d4  0000000000000000  d5  3f80000000000000
I/DEBUG   (   54):     d6  3f80000000000000  d7  0000000080000000
I/DEBUG   (   54):     d8  0000000000000000  d9  0000000000000000
I/DEBUG   (   54):     d10 0000000000000000  d11 0000000000000000
I/DEBUG   (   54):     d12 0000000000000000  d13 0000000000000000
I/DEBUG   (   54):     d14 0000000000000000  d15 0000000000000000
I/DEBUG   (   54):     scr 60000010
I/DEBUG   (   54): 
I/DEBUG   (   54): backtrace:
I/DEBUG   (   54):     #00  pc 00012e4c  /data/app-lib/dk.bobbyz.crosscppandroidapp-1/libCommonLibrary.so (TextDao::insert(Text*)+175)
I/DEBUG   (   54):     #01  pc 00012e47  /data/app-lib/dk.bobbyz.crosscppandroidapp-1/libCommonLibrary.so (TextDao::insert(Text*)+170)
I/DEBUG   (   54): 
I/DEBUG   (   54): stack:
I/DEBUG   (   54):          becfc2d8  becfc360  [stack]
I/DEBUG   (   54):          becfc2dc  a8abae5c  /data/app-lib/dk.bobbyz.crosscppandroidapp-1/libCommonLibrary.so
I/DEBUG   (   54):          becfc2e0  becfc318  [stack]
I/DEBUG   (   54):          becfc2e4  becfc388  [stack]
I/DEBUG   (   54):          becfc2e8  b02dad00  
I/DEBUG   (   54):          becfc2ec  b7060390  [heap]
I/DEBUG   (   54):          becfc2f0  becfc39c  [stack]
I/DEBUG   (   54):          becfc2f4  b6f3bae9  /system/lib/libc.so (malloc+12)
I/DEBUG   (   54):          becfc2f8  00000025  
I/DEBUG   (   54):          becfc2fc  cf657e50  
I/DEBUG   (   54):          becfc300  b7225ef0  [heap]
I/DEBUG   (   54):          becfc304  becfc360  [stack]
I/DEBUG   (   54):          becfc308  00000000  
I/DEBUG   (   54):          becfc30c  a89f8e4b  /data/app-lib/dk.bobbyz.crosscppandroidapp-1/libCommonLibrary.so (TextDao::insert(Text*)+174)
I/DEBUG   (   54):          becfc310  a8aa5600  /data/app-lib/dk.bobbyz.crosscppandroidapp-1/libCommonLibrary.so
I/DEBUG   (   54):          becfc314  a8aa5600  /data/app-lib/dk.bobbyz.crosscppandroidapp-1/libCommonLibrary.so
I/DEBUG   (   54):     #00  becfc318  b7225ef0  [heap]
I/DEBUG   (   54):          ........  ........
I/DEBUG   (   54):     #01  becfc318  b7225ef0  [heap]
I/DEBUG   (   54):          becfc31c  cf657e50  
I/DEBUG   (   54):          becfc320  b7223bdc  [heap]
I/DEBUG   (   54):          becfc324  b7225ee4  [heap]
I/DEBUG   (   54):          becfc328  b7217770  [heap]
I/DEBUG   (   54):          becfc32c  b7225f0c  [heap]
I/DEBUG   (   54):          becfc330  b7225ef0  [heap]
I/DEBUG   (   54):          becfc334  becfc360  [stack]
I/DEBUG   (   54):          becfc338  00000000  
I/DEBUG   (   54):          becfc33c  b7225ef0  [heap]
I/DEBUG   (   54):          becfc340  becfc348  [stack]
I/DEBUG   (   54):          becfc344  a89fa06b  /data/app-lib/dk.bobbyz.crosscppandroidapp-1/libCommonLibrary.so (Java_dk_bobbyz_crosscppandroidapp_commonlibrary_impl_TextDaoImpl_insert+306)
I/DEBUG   (   54):          becfc348  b7060380  [heap]
I/DEBUG   (   54):          becfc34c  1110001d  
I/DEBUG   (   54):          becfc350  73f00019  
I/DEBUG   (   54):          becfc354  b705cf28  [heap]
I/DEBUG   (   54): 
I/DEBUG   (   54): memory near r4:
I/DEBUG   (   54):     b7225ed0 b6f7b290 0000001b 00000002 00000002  
I/DEBUG   (   54):     b7225ee0 00000000 73006473 61707063 00000013  
I/DEBUG   (   54):     b7225ef0 70616469 b7225ee4 6e6f6d6d 00000259  
I/DEBUG   (   54):     b7225f00 00000021 00000021 ffffffff 45534e49  
I/DEBUG   (   54):     b7225f10 49205452 204f544e 74786554 78657428  
I/DEBUG   (   54):     b7225f20 56202974 45554c41 73272853 00720064  
I/DEBUG   (   54):     b7225f30 00720061 00000221 006d0069 006c0070  
I/DEBUG   (   54):     b7225f40 0054002f 00780065 00440074 006f0061  
I/DEBUG   (   54):     b7225f50 006d0049 006c0070 0069002f 0073006e  
I/DEBUG   (   54):     b7225f60 00720065 73730074 00000098 00000052  
I/DEBUG   (   54):     b7225f70 6176614a 5f6b645f 62626f62 635f7a79  
I/DEBUG   (   54):     b7225f80 73736f72 61707063 6f72646e 70616469  
I/DEBUG   (   54):     b7225f90 6f635f70 6e6f6d6d 7262696c 5f797261  
I/DEBUG   (   54):     b7225fa0 6c706d69 7865545f 6f614474 6c706d49  
I/DEBUG   (   54):     b7225fb0 736e695f 00747265 ffffffff 00000199  
I/DEBUG   (   54):     b7225fc0 b7225fb8 b7225fb8 00000000 00000000  
I/DEBUG   (   54): 
I/DEBUG   (   54): memory near r5:
I/DEBUG   (   54):     becfc340 becfc348 a89fa06b b7060380 1110001d  
I/DEBUG   (   54):     becfc350 73f00019 b705cf28 becfc474 00000000  
I/DEBUG   (   54):     becfc360 b7225ee4 cf657e50 e4c00025 af6582c8  
I/DEBUG   (   54):     becfc370 9eb00029 b7225ef0 af641f38 b7060380  
I/DEBUG   (   54):     becfc380 b02dad08 b5ad0bd0 b02dacfc 00000001  
I/DEBUG   (   54):     becfc390 a8c2dd1b b1e1e828 b2118fd4 b5b00f03  
I/DEBUG   (   54):     becfc3a0 b02dacfc a8c2dd19 a89f9f39 b7060390  
I/DEBUG   (   54):     becfc3b0 b7225ed0 b7225ed8 00000000 00000000  
I/DEBUG   (   54):     becfc3c0 ae058494 b6f7b35c b6f77000 b7225fb7  
I/DEBUG   (   54):     becfc3d0 b7225fb7 b7225ed8 b7225f68 00000000  
I/DEBUG   (   54):     becfc3e0 b7239070 b7225f70 a89f9f39 b6f3f11f  
I/DEBUG   (   54):     becfc3f0 b6f77000 b7225f70 00000000 b7239070  
I/DEBUG   (   54):     becfc400 00000000 b6f3bafd ae058494 b5b02b33  
I/DEBUG   (   54):     becfc410 becfc494 00000000 b5b510e4 00000000  
I/DEBUG   (   54):     becfc420 00000000 becfc408 becfc4ac af641fc4  
I/DEBUG   (   54):     becfc430 00000001 b1e642e0 00000001 00000003  
I/DEBUG   (   54): 
I/DEBUG   (   54): memory near r7:
I/DEBUG   (   54):     becfc2f8 00000025 cf657e50 b7225ef0 becfc360  
I/DEBUG   (   54):     becfc308 00000000 a89f8e4b a8aa5600 a8aa5600  
I/DEBUG   (   54):     becfc318 b7225ef0 cf657e50 b7223bdc b7225ee4  
I/DEBUG   (   54):     becfc328 b7217770 b7225f0c b7225ef0 becfc360  
I/DEBUG   (   54):     becfc338 00000000 b7225ef0 becfc348 a89fa06b  
I/DEBUG   (   54):     becfc348 b7060380 1110001d 73f00019 b705cf28  
I/DEBUG   (   54):     becfc358 becfc474 00000000 b7225ee4 cf657e50  
I/DEBUG   (   54):     becfc368 e4c00025 af6582c8 9eb00029 b7225ef0  
I/DEBUG   (   54):     becfc378 af641f38 b7060380 b02dad08 b5ad0bd0  
I/DEBUG   (   54):     becfc388 b02dacfc 00000001 a8c2dd1b b1e1e828  
I/DEBUG   (   54):     becfc398 b2118fd4 b5b00f03 b02dacfc a8c2dd19  
I/DEBUG   (   54):     becfc3a8 a89f9f39 b7060390 b7225ed0 b7225ed8  
I/DEBUG   (   54):     becfc3b8 00000000 00000000 ae058494 b6f7b35c  
I/DEBUG   (   54):     becfc3c8 b6f77000 b7225fb7 b7225fb7 b7225ed8  
I/DEBUG   (   54):     becfc3d8 b7225f68 00000000 b7239070 b7225f70  
I/DEBUG   (   54):     becfc3e8 a89f9f39 b6f3f11f b6f77000 b7225f70  
I/DEBUG   (   54): 
I/DEBUG   (   54): memory near r8:
I/DEBUG   (   54):     becfc368 e4c00025 af6582c8 9eb00029 b7225ef0  
I/DEBUG   (   54):     becfc378 af641f38 b7060380 b02dad08 b5ad0bd0  
I/DEBUG   (   54):     becfc388 b02dacfc 00000001 a8c2dd1b b1e1e828  
I/DEBUG   (   54):     becfc398 b2118fd4 b5b00f03 b02dacfc a8c2dd19  
I/DEBUG   (   54):     becfc3a8 a89f9f39 b7060390 b7225ed0 b7225ed8  
I/DEBUG   (   54):     becfc3b8 00000000 00000000 ae058494 b6f7b35c  
I/DEBUG   (   54):     becfc3c8 b6f77000 b7225fb7 b7225fb7 b7225ed8  
I/DEBUG   (   54):     becfc3d8 b7225f68 00000000 b7239070 b7225f70  
I/DEBUG   (   54):     becfc3e8 a89f9f39 b6f3f11f b6f77000 b7225f70  
I/DEBUG   (   54):     becfc3f8 00000000 b7239070 00000000 b6f3bafd  
I/DEBUG   (   54):     becfc408 ae058494 b5b02b33 becfc494 00000000  
I/DEBUG   (   54):     becfc418 b5b510e4 00000000 00000000 becfc408  
I/DEBUG   (   54):     becfc428 becfc4ac af641fc4 00000001 b1e642e0  
I/DEBUG   (   54):     becfc438 00000001 00000003 af641fb0 a8c3ea37  
I/DEBUG   (   54):     becfc448 becfc4ac 00000038 00000000 b5b1ead7  
I/DEBUG   (   54):     becfc458 a8c3ea37 b1e642e0 a8b01c34 b1e642e0  
I/DEBUG   (   54): 
I/DEBUG   (   54): memory near r9:
I/DEBUG   (   54):     b02dace0 00000000 a8bc3c04 b02dad18 a8bc3c16  
I/DEBUG   (   54):     b02dacf0 af641f38 00000006 00000000 73f00019  
I/DEBUG   (   54):     b02dad00 1110001d b02dad40 00000000 af61aa28  
I/DEBUG   (   54):     b02dad10 a8bc3c16 00000006 b21192b8 b1e1e828  
I/DEBUG   (   54):     b02dad20 00000000 b1e1c6f8 b1e65d70 b02dad54  
I/DEBUG   (   54):     b02dad30 00000000 00000000 00000000 00000000  
I/DEBUG   (   54):     b02dad40 b02dad88 af05a6ee af2e1148 00000006  
I/DEBUG   (   54):     b02dad50 00000000 b2118f20 b1e1c6f8 b2118fc0  
I/DEBUG   (   54):     b02dad60 b1e1ac40 b2118f60 b1ab22a8 00000000  
I/DEBUG   (   54):     b02dad70 00000000 b02dadc8 ae7289b8 af2e15e8  
I/DEBUG   (   54):     b02dad80 af05a6ee 00000000 b2118f20 b1e1c6f8  
I/DEBUG   (   54):     b02dad90 b2118fc0 b1e1ac40 b2118f60 b1ab22a8  
I/DEBUG   (   54):     b02dada0 00000000 00000000 b2118f20 b1e1c6f8  
I/DEBUG   (   54):     b02dadb0 b2118fc0 b02dae04 ae496a0c af361778  
I/DEBUG   (   54):     b02dadc0 ae7289b8 00000000 b1e1c978 00000000  
I/DEBUG   (   54):     b02dadd0 b02dae04 b2118f20 b1e1c6f8 b2118fc0  
I/DEBUG   (   54): 
I/DEBUG   (   54): memory near sl:
I/DEBUG   (   54):     b7060370 00000000 00000000 00000000 0000045b  
I/DEBUG   (   54):     b7060380 a8bc3bf4 b02dacfc af61aa28 ac3d0000  
I/DEBUG   (   54):     b7060390 b21192e8 00000001 becfc500 00000000  
I/DEBUG   (   54):     b70603a0 becfc554 00000001 00000000 b5ad0d40  
I/DEBUG   (   54):     b70603b0 00000000 00000000 aeca5a70 b02d5300  
I/DEBUG   (   54):     b70603c0 00000000 00000000 00000001 00006000  
I/DEBUG   (   54):     b70603d0 00000000 b6fad154 b5ad0d40 b5ad5c00  
I/DEBUG   (   54):     b70603e0 00000000 b5ad9cfc b5ad9d70 b5ad9c20  
I/DEBUG   (   54):     b70603f0 b5ad9c40 b5ad9c9c 00000000 00000000  
I/DEBUG   (   54):     b7060400 b71c9af8 00000028 00000000 00000000  
I/DEBUG   (   54):     b7060410 00000000 00000000 00001e90 b5b6291c  
I/DEBUG   (   54):     b7060420 00000000 af2e1e48 0000000b b7090948  
I/DEBUG   (   54):     b7060430 00000001 00000080 00000200 00000001  
I/DEBUG   (   54):     b7060440 00000002 ae6e030e ae6e0160 00000001  
I/DEBUG   (   54):     b7060450 ae6ed506 af3c59e8 9c9222ce e1087746  
I/DEBUG   (   54):     b7060460 4fdab1a9 11b647ab 2f68c27a 8c061dcc  
I/DEBUG   (   54): 
I/DEBUG   (   54): memory near fp:
I/DEBUG   (   54):     becfc37c b7060380 b02dad08 b5ad0bd0 b02dacfc  
I/DEBUG   (   54):     becfc38c 00000001 a8c2dd1b b1e1e828 b2118fd4  
I/DEBUG   (   54):     becfc39c b5b00f03 b02dacfc a8c2dd19 a89f9f39  
I/DEBUG   (   54):     becfc3ac b7060390 b7225ed0 b7225ed8 00000000  
I/DEBUG   (   54):     becfc3bc 00000000 ae058494 b6f7b35c b6f77000  
I/DEBUG   (   54):     becfc3cc b7225fb7 b7225fb7 b7225ed8 b7225f68  
I/DEBUG   (   54):     becfc3dc 00000000 b7239070 b7225f70 a89f9f39  
I/DEBUG   (   54):     becfc3ec b6f3f11f b6f77000 b7225f70 00000000  
I/DEBUG   (   54):     becfc3fc b7239070 00000000 b6f3bafd ae058494  
I/DEBUG   (   54):     becfc40c b5b02b33 becfc494 00000000 b5b510e4  
I/DEBUG   (   54):     becfc41c 00000000 00000000 becfc408 becfc4ac  
I/DEBUG   (   54):     becfc42c af641fc4 00000001 b1e642e0 00000001  
I/DEBUG   (   54):     becfc43c 00000003 af641fb0 a8c3ea37 becfc4ac  
I/DEBUG   (   54):     becfc44c 00000038 00000000 b5b1ead7 a8c3ea37  
I/DEBUG   (   54):     becfc45c b1e642e0 a8b01c34 b1e642e0 a8c3ea37  
I/DEBUG   (   54):     becfc46c becfc4ac b6f7b35c b7095dd0 b2118fd4  
I/DEBUG   (   54): 
I/DEBUG   (   54): memory near sp:
I/DEBUG   (   54):     becfc2f8 00000025 cf657e50 b7225ef0 becfc360  
I/DEBUG   (   54):     becfc308 00000000 a89f8e4b a8aa5600 a8aa5600  
I/DEBUG   (   54):     becfc318 b7225ef0 cf657e50 b7223bdc b7225ee4  
I/DEBUG   (   54):     becfc328 b7217770 b7225f0c b7225ef0 becfc360  
I/DEBUG   (   54):     becfc338 00000000 b7225ef0 becfc348 a89fa06b  
I/DEBUG   (   54):     becfc348 b7060380 1110001d 73f00019 b705cf28  
I/DEBUG   (   54):     becfc358 becfc474 00000000 b7225ee4 cf657e50  
I/DEBUG   (   54):     becfc368 e4c00025 af6582c8 9eb00029 b7225ef0  
I/DEBUG   (   54):     becfc378 af641f38 b7060380 b02dad08 b5ad0bd0  
I/DEBUG   (   54):     becfc388 b02dacfc 00000001 a8c2dd1b b1e1e828  
I/DEBUG   (   54):     becfc398 b2118fd4 b5b00f03 b02dacfc a8c2dd19  
I/DEBUG   (   54):     becfc3a8 a89f9f39 b7060390 b7225ed0 b7225ed8  
I/DEBUG   (   54):     becfc3b8 00000000 00000000 ae058494 b6f7b35c  
I/DEBUG   (   54):     becfc3c8 b6f77000 b7225fb7 b7225fb7 b7225ed8  
I/DEBUG   (   54):     becfc3d8 b7225f68 00000000 b7239070 b7225f70  
I/DEBUG   (   54):     becfc3e8 a89f9f39 b6f3f11f b6f77000 b7225f70  
I/DEBUG   (   54): 
I/DEBUG   (   54): code around pc:
I/DEBUG   (   54):     a89f8e2c f0781c18 1c03fa9d 4b38613b 1c1a447b  
I/DEBUG   (   54):     a89f8e3c 447b4b37 1c112003 f7fd1c1a 687becea  
I/DEBUG   (   54):     a89f8e4c 4b34681a 1c10447b f7fe1c19 1c03f91d  
I/DEBUG   (   54):     a89f8e5c d02d2b00 447b4b30 4b301c1a 2003447b  
I/DEBUG   (   54):     a89f8e6c 1c1a1c11 ecd4f7fd 681c687b 33081c3b  
I/DEBUG   (   54):     a89f8e7c f09e1c18 1c03fc79 1c10693a f7fd1c19  
I/DEBUG   (   54):     a89f8e8c 1c03ecc2 32141c3a 1c211c10 f7fe1c1a  
I/DEBUG   (   54):     a89f8e9c 1c3bf913 1c183314 f94af000 447b4b20  
I/DEBUG   (   54):     a89f8eac 4b201c1a 2003447b 1c1a1c11 ecb0f7fd  
I/DEBUG   (   54):     a89f8ebc 447b4b1d 4b1d1c1a 2003447b 1c1a1c11  
I/DEBUG   (   54):     a89f8ecc eca6f7fd 681b687b f7fe1c18 4b18f9ab  
I/DEBUG   (   54):     a89f8edc 1c1a447b 447b4b17 1c112003 f7fd1c1a  
I/DEBUG   (   54):     a89f8eec 1c3bec98 1c183308 ff48f09e b00946bd  
I/DEBUG   (   54):     a89f8efc 46c0bd90 000ac80c 000ac80e 000ac7fe  
I/DEBUG   (   54):     a89f8f0c 000ac802 000ac7a8 000ac7de 000ac77c  
I/DEBUG   (   54):     a89f8f1c 000ac7be 000ac7b8 000ac752 000ac7ac  
I/DEBUG   (   54): 
I/DEBUG   (   54): code around lr:
I/DEBUG   (   54):     a89f8e28 33011c03 f0781c18 1c03fa9d 4b38613b  
I/DEBUG   (   54):     a89f8e38 1c1a447b 447b4b37 1c112003 f7fd1c1a  
I/DEBUG   (   54):     a89f8e48 687becea 4b34681a 1c10447b f7fe1c19  
I/DEBUG   (   54):     a89f8e58 1c03f91d d02d2b00 447b4b30 4b301c1a  
I/DEBUG   (   54):     a89f8e68 2003447b 1c1a1c11 ecd4f7fd 681c687b  
I/DEBUG   (   54):     a89f8e78 33081c3b f09e1c18 1c03fc79 1c10693a  
I/DEBUG   (   54):     a89f8e88 f7fd1c19 1c03ecc2 32141c3a 1c211c10  
I/DEBUG   (   54):     a89f8e98 f7fe1c1a 1c3bf913 1c183314 f94af000  
I/DEBUG   (   54):     a89f8ea8 447b4b20 4b201c1a 2003447b 1c1a1c11  
I/DEBUG   (   54):     a89f8eb8 ecb0f7fd 447b4b1d 4b1d1c1a 2003447b  
I/DEBUG   (   54):     a89f8ec8 1c1a1c11 eca6f7fd 681b687b f7fe1c18  
I/DEBUG   (   54):     a89f8ed8 4b18f9ab 1c1a447b 447b4b17 1c112003  
I/DEBUG   (   54):     a89f8ee8 f7fd1c1a 1c3bec98 1c183308 ff48f09e  
I/DEBUG   (   54):     a89f8ef8 b00946bd 46c0bd90 000ac80c 000ac80e  
I/DEBUG   (   54):     a89f8f08 000ac7fe 000ac802 000ac7a8 000ac7de  
I/DEBUG   (   54):     a89f8f18 000ac77c 000ac7be 000ac7b8 000ac752  
I/DEBUG   (   54): 
I/DEBUG   (   54): memory map around fault addr cf657e50:
I/DEBUG   (   54):     becdc000-becfd000 rw- [stack]
I/DEBUG   (   54):     (no map for address)
I/DEBUG   (   54):     ffff0000-ffff1000 r-x [vectors]
I/BootReceiver(30821): Copying /data/tombstones/tombstone_05 to DropBox (SYSTEM_TOMBSTONE)
W/ActivityManager(30821):   Force finishing activity dk.bobbyz.crosscppandroidapp/.MainActivity
E/JavaBinder(30821): !!! FAILED BINDER TRANSACTION !!!
W/InputDispatcher(30821): channel 'b1e5be00 dk.bobbyz.crosscppandroidapp/dk.bobbyz.crosscppandroidapp.MainActivity (server)' ~ Consumer closed input channel or an error occurred.  events=0x9
E/InputDispatcher(30821): channel 'b1e5be00 dk.bobbyz.crosscppandroidapp/dk.bobbyz.crosscppandroidapp.MainActivity (server)' ~ Channel is unrecoverably broken and will be disposed!
D/Zygote  (30520): Process 8359 terminated by signal (11)
D/        (30821): HostConnection::get() New Host Connection established 0xb75feed8, tid 8670
D/dalvikvm(30821): GC_FOR_ALLOC freed 1997K, 32% free 9486K/13868K, paused 87ms, total 92ms
W/InputDispatcher(30821): Attempted to unregister already unregistered input channel 'b1e5be00 dk.bobbyz.crosscppandroidapp/dk.bobbyz.crosscppandroidapp.MainActivity (server)'
I/WindowState(30821): WIN DEATH: Window{b1e5be00 u0 dk.bobbyz.crosscppandroidapp/dk.bobbyz.crosscppandroidapp.MainActivity}
D/dalvikvm(30821): GC_FOR_ALLOC freed 449K, 28% free 10122K/13868K, paused 114ms, total 115ms
I/dalvikvm-heap(30821): Grow heap (frag case) to 10.985MB for 856096-byte allocation
D/dalvikvm(30821): GC_FOR_ALLOC freed <1K, 26% free 10958K/14708K, paused 85ms, total 86ms
W/ActivityManager(30821): Exception thrown during pause
W/ActivityManager(30821): android.os.DeadObjectException
W/ActivityManager(30821): 	at android.os.BinderProxy.transact(Native Method)
W/ActivityManager(30821): 	at android.app.ApplicationThreadProxy.schedulePauseActivity(ApplicationThreadNative.java:660)
W/ActivityManager(30821): 	at com.android.server.am.ActivityStack.startPausingLocked(ActivityStack.java:761)
W/ActivityManager(30821): 	at com.android.server.am.ActivityStack.finishActivityLocked(ActivityStack.java:2455)
W/ActivityManager(30821): 	at com.android.server.am.ActivityStack.finishTopRunningActivityLocked(ActivityStack.java:2329)
W/ActivityManager(30821): 	at com.android.server.am.ActivityStackSupervisor.finishTopRunningActivityLocked(ActivityStackSupervisor.java:2035)
W/ActivityManager(30821): 	at com.android.server.am.ActivityManagerService.handleAppCrashLocked(ActivityManagerService.java:9543)
W/ActivityManager(30821): 	at com.android.server.am.ActivityManagerService.makeAppCrashingLocked(ActivityManagerService.java:9436)
W/ActivityManager(30821): 	at com.android.server.am.ActivityManagerService.crashApplication(ActivityManagerService.java:10081)
W/ActivityManager(30821): 	at com.android.server.am.ActivityManagerService.handleApplicationCrashInner(ActivityManagerService.java:9632)
W/ActivityManager(30821): 	at com.android.server.am.NativeCrashListener$NativeCrashReporter.run(NativeCrashListener.java:86)
I/ActivityManager(30821): Process dk.bobbyz.crosscppandroidapp (pid 8359) has died.
D/dalvikvm(30821): GC_FOR_ALLOC freed 873K, 30% free 10351K/14708K, paused 72ms, total 74ms
I/dalvikvm-heap(30821): Grow heap (frag case) to 12.812MB for 2536936-byte allocation
D/dalvikvm(30821): GC_FOR_ALLOC freed 1K, 26% free 12827K/17188K, paused 109ms, total 109ms
I/Choreographer(31062): Skipped 45 frames!  The application may be doing too much work on its main thread.
W/EGL_emulation(31062): eglSurfaceAttrib not implemented
E/SoundPool(30821): error loading /system/media/audio/ui/Effect_Tick.ogg
W/AudioService(30821): Soundpool could not load file: /system/media/audio/ui/Effect_Tick.ogg
E/SoundPool(30821): error loading /system/media/audio/ui/Effect_Tick.ogg
W/AudioService(30821): Soundpool could not load file: /system/media/audio/ui/Effect_Tick.ogg
E/SoundPool(30821): error loading /system/media/audio/ui/Effect_Tick.ogg
W/AudioService(30821): Soundpool could not load file: /system/media/audio/ui/Effect_Tick.ogg
E/SoundPool(30821): error loading /system/media/audio/ui/Effect_Tick.ogg
W/AudioService(30821): Soundpool could not load file: /system/media/audio/ui/Effect_Tick.ogg
E/SoundPool(30821): error loading /system/media/audio/ui/Effect_Tick.ogg
W/AudioService(30821): Soundpool could not load file: /system/media/audio/ui/Effect_Tick.ogg
E/SoundPool(30821): error loading /system/media/audio/ui/KeypressStandard.ogg
W/AudioService(30821): Soundpool could not load file: /system/media/audio/ui/KeypressStandard.ogg
E/SoundPool(30821): error loading /system/media/audio/ui/KeypressSpacebar.ogg
W/AudioService(30821): Soundpool could not load file: /system/media/audio/ui/KeypressSpacebar.ogg
E/SoundPool(30821): error loading /system/media/audio/ui/KeypressDelete.ogg
W/AudioService(30821): Soundpool could not load file: /system/media/audio/ui/KeypressDelete.ogg
E/SoundPool(30821): error loading /system/media/audio/ui/KeypressReturn.ogg
W/AudioService(30821): Soundpool could not load file: /system/media/audio/ui/KeypressReturn.ogg
E/SoundPool(30821): error loading /system/media/audio/ui/KeypressInvalid.ogg
W/AudioService(30821): Soundpool could not load file: /system/media/audio/ui/KeypressInvalid.ogg
W/AudioService(30821): onLoadSoundEffects(), Error -1 while loading samples
W/Binder  (31017): Caught a RuntimeException from the binder stub implementation.
W/Binder  (31017): java.lang.NullPointerException
W/Binder  (31017): 	at android.inputmethodservice.IInputMethodWrapper.setSessionEnabled(IInputMethodWrapper.java:280)
W/Binder  (31017): 	at com.android.internal.view.IInputMethod$Stub.onTransact(IInputMethod.java:129)
W/Binder  (31017): 	at android.os.Binder.execTransact(Binder.java:404)
W/Binder  (31017): 	at dalvik.system.NativeStart.run(Native Method)
W/InputMethodManagerService(30821): Got RemoteException sending setActive(false) notification to pid 8359 uid 10060
D/MobileDataStateTracker(30821): default: setPolicyDataEnable(enabled=true)
D/MobileDataStateTracker(30821): default: setPolicyDataEnable(enabled=true)
D/AndroidRuntime(12029): 
D/AndroidRuntime(12029): >>>>>> AndroidRuntime START com.android.internal.os.RuntimeInit <<<<<<
D/AndroidRuntime(12029): CheckJNI is ON
D/dalvikvm(12029): Trying to load lib libjavacore.so 0x0
D/dalvikvm(12029): Added shared lib libjavacore.so 0x0
D/dalvikvm(12029): Trying to load lib libnativehelper.so 0x0
D/dalvikvm(12029): Added shared lib libnativehelper.so 0x0
D/dalvikvm(12029): No JNI_OnLoad found in libnativehelper.so 0x0, skipping init
D/dalvikvm(12029): Note: class Landroid/app/ActivityManagerNative; has 179 unimplemented (abstract) methods
E/memtrack(12029): Couldn't load memtrack module (No such file or directory)
E/android.os.Debug(12029): failed to load memtrack module: -2
D/AndroidRuntime(12029): Calling main entry com.android.commands.pm.Pm
W/ActivityManager(30821): No content provider found for permission revoke: file:///data/local/tmp/dk.bobbyz.crosscppandroidapp
W/ActivityManager(30821): No content provider found for permission revoke: file:///data/local/tmp/dk.bobbyz.crosscppandroidapp
I/PackageManager(30821): Copying native libraries to /data/app-lib/vmdl-1023085213
D/dalvikvm(30821): GC_FOR_ALLOC freed 1442K, 22% free 13432K/17188K, paused 149ms, total 151ms
D/dalvikvm(30821): GC_FOR_ALLOC freed 4955K, 29% free 10524K/14700K, paused 133ms, total 133ms
I/ActivityManager(30821): Force stopping dk.bobbyz.crosscppandroidapp appid=10060 user=-1: uninstall pkg
I/PackageManager(30821): Package dk.bobbyz.crosscppandroidapp codePath changed from /data/app/dk.bobbyz.crosscppandroidapp-1.apk to /data/app/dk.bobbyz.crosscppandroidapp-2.apk; Retaining data and using new
I/PackageManager(30821): Running dexopt on: dk.bobbyz.crosscppandroidapp
W/dalvikvm(12060): method Landroid/support/v7/internal/widget/ListViewCompat;.lookForSelectablePosition incorrectly overrides package-private method with same name in Landroid/widget/ListView;
D/dalvikvm(12060): DexOpt: load 469ms, verify+opt 1514ms, 1901372 bytes
W/PackageManager(30821): Code path for pkg : dk.bobbyz.crosscppandroidapp changing from /data/app/dk.bobbyz.crosscppandroidapp-1.apk to /data/app/dk.bobbyz.crosscppandroidapp-2.apk
W/PackageManager(30821): Resource path for pkg : dk.bobbyz.crosscppandroidapp changing from /data/app/dk.bobbyz.crosscppandroidapp-1.apk to /data/app/dk.bobbyz.crosscppandroidapp-2.apk
I/ActivityManager(30821): Force stopping dk.bobbyz.crosscppandroidapp appid=10060 user=-1: update pkg
I/ActivityManager(30821): Force stopping dk.bobbyz.crosscppandroidapp appid=10060 user=0: pkg removed
D/dalvikvm(31062): GC_EXPLICIT freed 1197K, 15% free 13563K/15868K, paused 7ms+5ms, total 73ms
I/PackageManager(30821):   Action: "android.intent.action.SENDTO"
I/PackageManager(30821):   Category: "android.intent.category.DEFAULT"
I/PackageManager(30821): Adding preferred activity ComponentInfo{com.android.mms/com.android.mms.ui.ComposeMessageActivity} for user 0 :
I/PackageManager(30821):   Scheme: "sms"
I/InputReader(30821): Reconfiguring input devices.  changes=0x00000010
I/InputReader(30821): Reconfiguring input devices.  changes=0x00000010
I/InputReader(30821): Reconfiguring input devices.  changes=0x00000010
I/PackageManager(30821):   Action: "android.intent.action.SENDTO"
I/PackageManager(30821):   Category: "android.intent.category.DEFAULT"
I/PackageManager(30821):   Scheme: "smsto"
I/PackageManager(30821): Adding preferred activity ComponentInfo{com.android.mms/com.android.mms.ui.ComposeMessageActivity} for user 0 :
I/PackageManager(30821):   Action: "android.intent.action.SENDTO"
I/PackageManager(30821):   Category: "android.intent.category.DEFAULT"
I/PackageManager(30821):   Scheme: "mms"
I/PackageManager(30821): Adding preferred activity ComponentInfo{com.android.mms/com.android.mms.ui.ComposeMessageActivity} for user 0 :
D/BackupManagerService(30821): Received broadcast Intent { act=android.intent.action.PACKAGE_REMOVED dat=package:dk.bobbyz.crosscppandroidapp flg=0x4000010 (has extras) }
I/PackageManager(30821):   Action: "android.intent.action.SENDTO"
I/PackageManager(30821):   Category: "android.intent.category.DEFAULT"
I/PackageManager(30821):   Scheme: "mmsto"
I/PackageManager(30821): Adding preferred activity ComponentInfo{com.android.mms/com.android.mms.ui.ComposeMessageActivity} for user 0 :
D/BackupManagerService(30821): Received broadcast Intent { act=android.intent.action.PACKAGE_ADDED dat=package:dk.bobbyz.crosscppandroidapp flg=0x4000010 (has extras) }
V/BackupManagerService(30821): removePackageParticipantsLocked: uid=10060 #1
D/dalvikvm(31051): GC_FOR_ALLOC freed 528K, 18% free 3772K/4592K, paused 42ms, total 43ms
I/PackageManager(30821):   Action: "android.intent.action.SENDTO"
I/PackageManager(30821):   Category: "android.intent.category.DEFAULT"
I/PackageManager(30821): Adding preferred activity ComponentInfo{com.android.mms/com.android.mms.ui.ComposeMessageActivity} for user 0 :
I/PackageManager(30821):   Scheme: "sms"
I/PackageManager(30821):   Action: "android.intent.action.SENDTO"
I/PackageManager(30821):   Category: "android.intent.category.DEFAULT"
I/PackageManager(30821):   Scheme: "smsto"
I/PackageManager(30821): Adding preferred activity ComponentInfo{com.android.mms/com.android.mms.ui.ComposeMessageActivity} for user 0 :
D/dalvikvm(30821): GC_EXPLICIT freed 1779K, 28% free 10590K/14700K, paused 973ms+17ms, total 1138ms
D/dalvikvm(30821): WAIT_FOR_CONCURRENT_GC blocked 172ms
D/dalvikvm(30821): WAIT_FOR_CONCURRENT_GC blocked 181ms
D/dalvikvm(30821): WAIT_FOR_CONCURRENT_GC blocked 182ms
D/AndroidRuntime(12029): Shutting down VM
D/dalvikvm(12029): Debugger has detached; object registry had 1 entries
V/BackupManagerService(30821): addPackageParticipantsLocked: #1
I/PackageManager(30821):   Action: "android.intent.action.SENDTO"
I/PackageManager(30821):   Category: "android.intent.category.DEFAULT"
I/PackageManager(30821):   Scheme: "mms"
I/PackageManager(30821): Adding preferred activity ComponentInfo{com.android.mms/com.android.mms.ui.ComposeMessageActivity} for user 0 :
I/PackageManager(30821):   Action: "android.intent.action.SENDTO"
I/PackageManager(30821):   Category: "android.intent.category.DEFAULT"
I/PackageManager(30821):   Scheme: "mmsto"
I/PackageManager(30821): Adding preferred activity ComponentInfo{com.android.mms/com.android.mms.ui.ComposeMessageActivity} for user 0 :
D/dalvikvm(31051): GC_FOR_ALLOC freed 323K, 18% free 3791K/4592K, paused 38ms, total 38ms
I/PackageManager(30821):   Action: "android.intent.action.SENDTO"
I/PackageManager(30821):   Category: "android.intent.category.DEFAULT"
I/PackageManager(30821):   Scheme: "sms"
I/PackageManager(30821): Adding preferred activity ComponentInfo{com.android.mms/com.android.mms.ui.ComposeMessageActivity} for user 0 :
I/PackageManager(30821):   Action: "android.intent.action.SENDTO"
I/PackageManager(30821):   Category: "android.intent.category.DEFAULT"
I/PackageManager(30821): Adding preferred activity ComponentInfo{com.android.mms/com.android.mms.ui.ComposeMessageActivity} for user 0 :
I/PackageManager(30821):   Scheme: "smsto"
I/PackageManager(30821):   Action: "android.intent.action.SENDTO"
I/PackageManager(30821):   Category: "android.intent.category.DEFAULT"
I/PackageManager(30821): Adding preferred activity ComponentInfo{com.android.mms/com.android.mms.ui.ComposeMessageActivity} for user 0 :
I/PackageManager(30821):   Scheme: "mms"
I/PackageManager(30821):   Action: "android.intent.action.SENDTO"
I/PackageManager(30821):   Category: "android.intent.category.DEFAULT"
I/PackageManager(30821): Adding preferred activity ComponentInfo{com.android.mms/com.android.mms.ui.ComposeMessageActivity} for user 0 :
I/PackageManager(30821):   Scheme: "mmsto"
D/dalvikvm(31051): GC_FOR_ALLOC freed 318K, 18% free 3790K/4592K, paused 43ms, total 43ms
I/PackageManager(30821):   Action: "android.intent.action.SENDTO"
I/PackageManager(30821):   Category: "android.intent.category.DEFAULT"
I/PackageManager(30821):   Scheme: "sms"
I/PackageManager(30821): Adding preferred activity ComponentInfo{com.android.mms/com.android.mms.ui.ComposeMessageActivity} for user 0 :
I/PackageManager(30821):   Action: "android.intent.action.SENDTO"
I/PackageManager(30821):   Category: "android.intent.category.DEFAULT"
I/PackageManager(30821):   Scheme: "smsto"
I/PackageManager(30821): Adding preferred activity ComponentInfo{com.android.mms/com.android.mms.ui.ComposeMessageActivity} for user 0 :
I/PackageManager(30821):   Action: "android.intent.action.SENDTO"
I/PackageManager(30821):   Category: "android.intent.category.DEFAULT"
I/PackageManager(30821): Adding preferred activity ComponentInfo{com.android.mms/com.android.mms.ui.ComposeMessageActivity} for user 0 :
I/PackageManager(30821):   Scheme: "mms"
I/PackageManager(30821):   Action: "android.intent.action.SENDTO"
I/PackageManager(30821):   Category: "android.intent.category.DEFAULT"
I/PackageManager(30821): Adding preferred activity ComponentInfo{com.android.mms/com.android.mms.ui.ComposeMessageActivity} for user 0 :
I/PackageManager(30821):   Scheme: "mmsto"
D/dalvikvm(31051): GC_FOR_ALLOC freed 313K, 18% free 3788K/4592K, paused 84ms, total 84ms
I/PackageManager(30821):   Action: "android.intent.action.SENDTO"
I/PackageManager(30821):   Category: "android.intent.category.DEFAULT"
I/PackageManager(30821):   Scheme: "sms"
I/PackageManager(30821): Adding preferred activity ComponentInfo{com.android.mms/com.android.mms.ui.ComposeMessageActivity} for user 0 :
I/PackageManager(30821):   Action: "android.intent.action.SENDTO"
I/PackageManager(30821):   Category: "android.intent.category.DEFAULT"
I/PackageManager(30821):   Scheme: "smsto"
I/PackageManager(30821): Adding preferred activity ComponentInfo{com.android.mms/com.android.mms.ui.ComposeMessageActivity} for user 0 :
I/PackageManager(30821):   Action: "android.intent.action.SENDTO"
I/PackageManager(30821):   Category: "android.intent.category.DEFAULT"
I/PackageManager(30821): Adding preferred activity ComponentInfo{com.android.mms/com.android.mms.ui.ComposeMessageActivity} for user 0 :
I/PackageManager(30821):   Scheme: "mms"
I/PackageManager(30821):   Action: "android.intent.action.SENDTO"
I/PackageManager(30821):   Category: "android.intent.category.DEFAULT"
I/PackageManager(30821): Adding preferred activity ComponentInfo{com.android.mms/com.android.mms.ui.ComposeMessageActivity} for user 0 :
I/PackageManager(30821):   Scheme: "mmsto"
I/PackageManager(30821):   Action: "android.intent.action.SENDTO"
I/PackageManager(30821):   Category: "android.intent.category.DEFAULT"
I/PackageManager(30821): Adding preferred activity ComponentInfo{com.android.mms/com.android.mms.ui.ComposeMessageActivity} for user 0 :
I/PackageManager(30821):   Scheme: "sms"
D/dalvikvm(31051): GC_FOR_ALLOC freed 344K, 18% free 3788K/4592K, paused 40ms, total 40ms
I/PackageManager(30821):   Action: "android.intent.action.SENDTO"
I/PackageManager(30821):   Category: "android.intent.category.DEFAULT"
I/PackageManager(30821):   Scheme: "smsto"
I/PackageManager(30821): Adding preferred activity ComponentInfo{com.android.mms/com.android.mms.ui.ComposeMessageActivity} for user 0 :
E/NetworkScheduler.SchedulerReceiver(31296): Invalid parameter app
E/NetworkScheduler.SchedulerReceiver(31296): Invalid package name : Perhaps you didn't include a PendingIntent in the extras?
I/PackageManager(30821):   Action: "android.intent.action.SENDTO"
I/PackageManager(30821):   Category: "android.intent.category.DEFAULT"
I/PackageManager(30821):   Scheme: "mms"
I/PackageManager(30821): Adding preferred activity ComponentInfo{com.android.mms/com.android.mms.ui.ComposeMessageActivity} for user 0 :
D/AndroidRuntime(12089): 
D/AndroidRuntime(12089): >>>>>> AndroidRuntime START com.android.internal.os.RuntimeInit <<<<<<
D/AndroidRuntime(12089): CheckJNI is ON
D/dalvikvm(30821): GC_FOR_ALLOC freed 2293K, 31% free 10160K/14700K, paused 297ms, total 320ms
I/PackageManager(30821):   Action: "android.intent.action.SENDTO"
I/PackageManager(30821):   Category: "android.intent.category.DEFAULT"
I/PackageManager(30821):   Scheme: "mmsto"
I/PackageManager(30821): Adding preferred activity ComponentInfo{com.android.mms/com.android.mms.ui.ComposeMessageActivity} for user 0 :
D/dalvikvm(12089): Trying to load lib libjavacore.so 0x0
D/dalvikvm(12089): Added shared lib libjavacore.so 0x0
D/dalvikvm(12089): Trying to load lib libnativehelper.so 0x0
D/dalvikvm(12089): Added shared lib libnativehelper.so 0x0
