I/DEBUG   (   54):     becfc3e8 a89f9fcd b6f3f11f b6f77000 b7205958  
I/DEBUG   (   54): 
I/DEBUG   (   54): memory near r8:
I/DEBUG   (   54):     becfc368 e3d00025 af6582c8 9fc00029 b720fac8  
I/DEBUG   (   54):     becfc378 af641f38 b7060380 b02dad08 b5ad0bd0  
I/DEBUG   (   54):     becfc388 b02dacfc 00000001 a8c2dd1b b1e68e90  
I/DEBUG   (   54):     becfc398 b211a48c b5b00f03 b02dacfc a8c2dd19  
I/DEBUG   (   54):     becfc3a8 a89f9fcd b7060390 b71bcc98 b71bcca0  
I/DEBUG   (   54):     becfc3b8 00000000 00000000 ae058494 b6f7b35c  
I/DEBUG   (   54):     becfc3c8 b6f77000 b720599f b720599f b71bcca0  
I/DEBUG   (   54):     becfc3d8 b7205950 00000000 b72084e0 b7205958  
I/DEBUG   (   54):     becfc3e8 a89f9fcd b6f3f11f b6f77000 b7205958  
I/DEBUG   (   54):     becfc3f8 00000000 b72084e0 00000000 b6f3bafd  
I/DEBUG   (   54):     becfc408 ae058494 b5b02b33 becfc494 00000000  
I/DEBUG   (   54):     becfc418 b5b510e4 00000000 00000000 becfc408  
I/DEBUG   (   54):     becfc428 becfc4ac af641fc4 00000001 b1e1d540  
I/DEBUG   (   54):     becfc438 00000001 00000003 af641fb0 a8c3ea37  
I/DEBUG   (   54):     becfc448 becfc4ac 00000038 00000000 b5b1ead7  
I/DEBUG   (   54):     becfc458 a8c3ea37 b1e1d540 a8b01c34 b1e1d540  
I/DEBUG   (   54): 
I/DEBUG   (   54): memory near r9:
I/DEBUG   (   54):     b02dace0 00000000 a8bc3c04 b02dad18 a8bc3c16  
I/DEBUG   (   54):     b02dacf0 af641f38 00000006 00000000 be700019  
I/DEBUG   (   54):     b02dad00 0370001d b02dad40 00000000 af61aa28  
I/DEBUG   (   54):     b02dad10 a8bc3c16 00000006 b211a770 b1e68e90  
I/DEBUG   (   54):     b02dad20 00000000 b1e21208 b1e6a880 b02dad54  
I/DEBUG   (   54):     b02dad30 00000000 00000000 00000000 00000000  
I/DEBUG   (   54):     b02dad40 b02dad88 af05a6ee af2e1148 00000006  
I/DEBUG   (   54):     b02dad50 00000000 b211a3d8 b1e21208 b211a478  
I/DEBUG   (   54):     b02dad60 b1e1f750 b211a418 b1ab22a8 00000000  
I/DEBUG   (   54):     b02dad70 00000000 b02dadc8 ae7289b8 af2e15e8  
I/DEBUG   (   54):     b02dad80 af05a6ee 00000000 b211a3d8 b1e21208  
I/DEBUG   (   54):     b02dad90 b211a478 b1e1f750 b211a418 b1ab22a8  
I/DEBUG   (   54):     b02dada0 00000000 00000000 b211a3d8 b1e21208  
I/DEBUG   (   54):     b02dadb0 b211a478 b02dae04 ae496a0c af361778  
I/DEBUG   (   54):     b02dadc0 ae7289b8 00000000 b1e21488 00000000  
I/DEBUG   (   54):     b02dadd0 b02dae04 b211a3d8 b1e21208 b211a478  
I/DEBUG   (   54): 
I/DEBUG   (   54): memory near sl:
I/DEBUG   (   54):     b7060370 00000000 00000000 00000000 0000045b  
I/DEBUG   (   54):     b7060380 a8bc3bf4 b02dacfc af61aa28 ac3d0000  
I/DEBUG   (   54):     b7060390 b211a7a8 00000001 becfc500 00000000  
I/DEBUG   (   54):     b70603a0 becfc554 00000001 00000000 b5ad0d40  
I/DEBUG   (   54):     b70603b0 00000000 00000000 aeca5a70 b02d5300  
I/DEBUG   (   54):     b70603c0 00000000 00000000 00000001 00006000  
I/DEBUG   (   54):     b70603d0 00000000 b6fad154 b5ad0d40 b5ad5c00  
I/DEBUG   (   54):     b70603e0 00000000 b5ad9cfc b5ad9d70 b5ad9c20  
I/DEBUG   (   54):     b70603f0 b5ad9c40 b5ad9c9c 00000000 00000000  
I/DEBUG   (   54):     b7060400 b71c8298 00000028 00000000 00000000  
I/DEBUG   (   54):     b7060410 00000000 00000000 00001e2b b5b6291c  
I/DEBUG   (   54):     b7060420 b1bc0be0 af4f34a0 0000000b b7090948  
I/DEBUG   (   54):     b7060430 00000001 00000080 00000200 00000000  
I/DEBUG   (   54):     b7060440 00000003 ae6e01e6 ae6e01e6 00000006  
I/DEBUG   (   54):     b7060450 ae6e01fa af3c59e8 b1f05da4 15407426  
I/DEBUG   (   54):     b7060460 6d76e52f c2c2aae2 a722ee8a 117c4715  
I/DEBUG   (   54): 
I/DEBUG   (   54): memory near fp:
I/DEBUG   (   54):     becfc37c b7060380 b02dad08 b5ad0bd0 b02dacfc  
I/DEBUG   (   54):     becfc38c 00000001 a8c2dd1b b1e68e90 b211a48c  
I/DEBUG   (   54):     becfc39c b5b00f03 b02dacfc a8c2dd19 a89f9fcd  
I/DEBUG   (   54):     becfc3ac b7060390 b71bcc98 b71bcca0 00000000  
I/DEBUG   (   54):     becfc3bc 00000000 ae058494 b6f7b35c b6f77000  
I/DEBUG   (   54):     becfc3cc b720599f b720599f b71bcca0 b7205950  
I/DEBUG   (   54):     becfc3dc 00000000 b72084e0 b7205958 a89f9fcd  
I/DEBUG   (   54):     becfc3ec b6f3f11f b6f77000 b7205958 00000000  
I/DEBUG   (   54):     becfc3fc b72084e0 00000000 b6f3bafd ae058494  
I/DEBUG   (   54):     becfc40c b5b02b33 becfc494 00000000 b5b510e4  
I/DEBUG   (   54):     becfc41c 00000000 00000000 becfc408 becfc4ac  
I/DEBUG   (   54):     becfc42c af641fc4 00000001 b1e1d540 00000001  
I/DEBUG   (   54):     becfc43c 00000003 af641fb0 a8c3ea37 becfc4ac  
I/DEBUG   (   54):     becfc44c 00000038 00000000 b5b1ead7 a8c3ea37  
I/DEBUG   (   54):     becfc45c b1e1d540 a8b01c34 b1e1d540 a8c3ea37  
I/DEBUG   (   54):     becfc46c becfc4ac b6f7b35c b7095dd0 b211a48c  
I/DEBUG   (   54): 
I/DEBUG   (   54): memory near sp:
I/DEBUG   (   54):     becfc2f8 00000026 cf657e50 b720fac8 becfc360  
I/DEBUG   (   54):     becfc308 00000000 a89f8ed9 a8aa56c0 cf657e50  
I/DEBUG   (   54):     becfc318 b720fac8 cf657e50 b7205964 b71bccac  
I/DEBUG   (   54):     becfc328 b7217e58 b721875c b720fac8 becfc360  
I/DEBUG   (   54):     becfc338 00000000 b720fac8 becfc348 a89fa0ff  
I/DEBUG   (   54):     becfc348 b7060380 0370001d be700019 b705cf28  
I/DEBUG   (   54):     becfc358 becfc474 00000000 b71bccac cf657e50  
I/DEBUG   (   54):     becfc368 e3d00025 af6582c8 9fc00029 b720fac8  
I/DEBUG   (   54):     becfc378 af641f38 b7060380 b02dad08 b5ad0bd0  
I/DEBUG   (   54):     becfc388 b02dacfc 00000001 a8c2dd1b b1e68e90  
I/DEBUG   (   54):     becfc398 b211a48c b5b00f03 b02dacfc a8c2dd19  
I/DEBUG   (   54):     becfc3a8 a89f9fcd b7060390 b71bcc98 b71bcca0  
I/DEBUG   (   54):     becfc3b8 00000000 00000000 ae058494 b6f7b35c  
I/DEBUG   (   54):     becfc3c8 b6f77000 b720599f b720599f b71bcca0  
I/DEBUG   (   54):     becfc3d8 b7205950 00000000 b72084e0 b7205958  
I/DEBUG   (   54):     becfc3e8 a89f9fcd b6f3f11f b6f77000 b7205958  
I/DEBUG   (   54): 
I/DEBUG   (   54): code around pc:
I/DEBUG   (   54):     a89f8eb8 33011c03 f0781c18 1c03faa1 687b613b  
I/DEBUG   (   54):     a89f8ec8 447a4a38 4a381c11 2003447a ecaef7fd  
I/DEBUG   (   54):     a89f8ed8 681c687b 681b687b f7fe1c18 1c03f8eb  
I/DEBUG   (   54):     a89f8ee8 1c191c20 f8fef7fe 2b001c03 4b2fd02d  
I/DEBUG   (   54):     a89f8ef8 1c1a447b 447b4b2e 1c112003 f7fd1c1a  
I/DEBUG   (   54):     a89f8f08 687bec96 1c3b681c 1c183308 fc7af09e  
I/DEBUG   (   54):     a89f8f18 693a1c03 1c191c10 ec94f7fd 1c3a1c03  
I/DEBUG   (   54):     a89f8f28 1c103214 1c1a1c21 f910f7fe 33141c3b  
I/DEBUG   (   54):     a89f8f38 f0001c18 4b1ff949 1c1a447b 447b4b1e  
I/DEBUG   (   54):     a89f8f48 1c112003 f7fd1c1a 4b1cec72 1c1a447b  
I/DEBUG   (   54):     a89f8f58 447b4b1b 1c112003 f7fd1c1a 687bec68  
I/DEBUG   (   54):     a89f8f68 1c18681b f9a8f7fe 447b4b16 4b161c1a  
I/DEBUG   (   54):     a89f8f78 2003447b 1c1a1c11 ec58f7fd 33081c3b  
I/DEBUG   (   54):     a89f8f88 f09e1c18 46bdff49 bd90b009 000ac83c  
I/DEBUG   (   54):     a89f8f98 000ac83e 000ac82e 000ac832 000ac7d8  
I/DEBUG   (   54):     a89f8fa8 000ac80e 000ac7aa 000ac7ec 000ac77c  
I/DEBUG   (   54): 
I/DEBUG   (   54): code around lr:
I/DEBUG   (   54):     a89f8eb8 33011c03 f0781c18 1c03faa1 687b613b  
I/DEBUG   (   54):     a89f8ec8 447a4a38 4a381c11 2003447a ecaef7fd  
I/DEBUG   (   54):     a89f8ed8 681c687b 681b687b f7fe1c18 1c03f8eb  
I/DEBUG   (   54):     a89f8ee8 1c191c20 f8fef7fe 2b001c03 4b2fd02d  
I/DEBUG   (   54):     a89f8ef8 1c1a447b 447b4b2e 1c112003 f7fd1c1a  
I/DEBUG   (   54):     a89f8f08 687bec96 1c3b681c 1c183308 fc7af09e  
I/DEBUG   (   54):     a89f8f18 693a1c03 1c191c10 ec94f7fd 1c3a1c03  
I/DEBUG   (   54):     a89f8f28 1c103214 1c1a1c21 f910f7fe 33141c3b  
I/DEBUG   (   54):     a89f8f38 f0001c18 4b1ff949 1c1a447b 447b4b1e  
I/DEBUG   (   54):     a89f8f48 1c112003 f7fd1c1a 4b1cec72 1c1a447b  
I/DEBUG   (   54):     a89f8f58 447b4b1b 1c112003 f7fd1c1a 687bec68  
I/DEBUG   (   54):     a89f8f68 1c18681b f9a8f7fe 447b4b16 4b161c1a  
I/DEBUG   (   54):     a89f8f78 2003447b 1c1a1c11 ec58f7fd 33081c3b  
I/DEBUG   (   54):     a89f8f88 f09e1c18 46bdff49 bd90b009 000ac83c  
I/DEBUG   (   54):     a89f8f98 000ac83e 000ac82e 000ac832 000ac7d8  
I/DEBUG   (   54):     a89f8fa8 000ac80e 000ac7aa 000ac7ec 000ac77c  
I/DEBUG   (   54): 
I/DEBUG   (   54): memory map around fault addr cf657e50:
I/DEBUG   (   54):     becdc000-becfd000 rw- [stack]
I/DEBUG   (   54):     (no map for address)
I/DEBUG   (   54):     ffff0000-ffff1000 r-x [vectors]
I/BootReceiver(30821): Copying /data/tombstones/tombstone_00 to DropBox (SYSTEM_TOMBSTONE)
W/ActivityManager(30821):   Force finishing activity dk.bobbyz.crosscppandroidapp/.MainActivity
W/InputDispatcher(30821): channel 'b21c07c0 dk.bobbyz.crosscppandroidapp/dk.bobbyz.crosscppandroidapp.MainActivity (server)' ~ Consumer closed input channel or an error occurred.  events=0x9
E/InputDispatcher(30821): channel 'b21c07c0 dk.bobbyz.crosscppandroidapp/dk.bobbyz.crosscppandroidapp.MainActivity (server)' ~ Channel is unrecoverably broken and will be disposed!
D/Zygote  (30520): Process 20411 terminated by signal (11)
D/        (30821): HostConnection::get() New Host Connection established 0xb7621240, tid 20585
D/dalvikvm(30821): GC_FOR_ALLOC freed 253K, 25% free 9532K/12604K, paused 112ms, total 116ms
I/dalvikvm-heap(30821): Grow heap (frag case) to 9.746MB for 159978-byte allocation
D/dalvikvm(30821): GC_FOR_ALLOC freed 33K, 25% free 9655K/12764K, paused 84ms, total 84ms
W/InputDispatcher(30821): Attempted to unregister already unregistered input channel 'b21c07c0 dk.bobbyz.crosscppandroidapp/dk.bobbyz.crosscppandroidapp.MainActivity (server)'
I/WindowState(30821): WIN DEATH: Window{b21c07c0 u0 dk.bobbyz.crosscppandroidapp/dk.bobbyz.crosscppandroidapp.MainActivity}
D/dalvikvm(30821): GC_FOR_ALLOC freed 425K, 27% free 9325K/12764K, paused 128ms, total 128ms
I/dalvikvm-heap(30821): Grow heap (frag case) to 10.207MB for 856096-byte allocation
D/dalvikvm(30821): GC_FOR_ALLOC freed <1K, 26% free 10161K/13604K, paused 129ms, total 129ms
D/dalvikvm(30821): GC_FOR_ALLOC freed <1K, 26% free 10160K/13604K, paused 65ms, total 66ms
I/dalvikvm-heap(30821): Grow heap (frag case) to 11.023MB for 856096-byte allocation
D/dalvikvm(30821): GC_FOR_ALLOC freed <1K, 24% free 10996K/14444K, paused 76ms, total 76ms
W/ActivityManager(30821): Exception thrown during pause
W/ActivityManager(30821): android.os.DeadObjectException
W/ActivityManager(30821): 	at android.os.BinderProxy.transact(Native Method)
W/ActivityManager(30821): 	at android.app.ApplicationThreadProxy.schedulePauseActivity(ApplicationThreadNative.java:660)
W/ActivityManager(30821): 	at com.android.server.am.ActivityStack.startPausingLocked(ActivityStack.java:761)
W/ActivityManager(30821): 	at com.android.server.am.ActivityStack.finishActivityLocked(ActivityStack.java:2455)
W/ActivityManager(30821): 	at com.android.server.am.ActivityStack.finishTopRunningActivityLocked(ActivityStack.java:2329)
W/ActivityManager(30821): 	at com.android.server.am.ActivityStackSupervisor.finishTopRunningActivityLocked(ActivityStackSupervisor.java:2035)
W/ActivityManager(30821): 	at com.android.server.am.ActivityManagerService.handleAppCrashLocked(ActivityManagerService.java:9543)
W/ActivityManager(30821): 	at com.android.server.am.ActivityManagerService.makeAppCrashingLocked(ActivityManagerService.java:9436)
W/ActivityManager(30821): 	at com.android.server.am.ActivityManagerService.crashApplication(ActivityManagerService.java:10081)
W/ActivityManager(30821): 	at com.android.server.am.ActivityManagerService.handleApplicationCrashInner(ActivityManagerService.java:9632)
W/ActivityManager(30821): 	at com.android.server.am.NativeCrashListener$NativeCrashReporter.run(NativeCrashListener.java:86)
I/ActivityManager(30821): Process dk.bobbyz.crosscppandroidapp (pid 20411) has died.
D/dalvikvm(30821): GC_FOR_ALLOC freed 871K, 29% free 10391K/14444K, paused 64ms, total 66ms
I/dalvikvm-heap(30821): Grow heap (frag case) to 12.850MB for 2536936-byte allocation
D/dalvikvm(30821): GC_FOR_ALLOC freed 2K, 24% free 12866K/16924K, paused 90ms, total 91ms
I/Choreographer(31062): Skipped 38 frames!  The application may be doing too much work on its main thread.
W/EGL_emulation(31062): eglSurfaceAttrib not implemented
I/EventLogService(32185): Aggregate from 1432495816127 (log), 1432495816127 (data)
D/dalvikvm(32185): GC_FOR_ALLOC freed 501K, 15% free 4614K/5428K, paused 30ms, total 32ms
E/SoundPool(30821): error loading /system/media/audio/ui/Effect_Tick.ogg
W/AudioService(30821): Soundpool could not load file: /system/media/audio/ui/Effect_Tick.ogg
E/SoundPool(30821): error loading /system/media/audio/ui/Effect_Tick.ogg
W/AudioService(30821): Soundpool could not load file: /system/media/audio/ui/Effect_Tick.ogg
E/SoundPool(30821): error loading /system/media/audio/ui/Effect_Tick.ogg
W/AudioService(30821): Soundpool could not load file: /system/media/audio/ui/Effect_Tick.ogg
E/SoundPool(30821): error loading /system/media/audio/ui/Effect_Tick.ogg
W/AudioService(30821): Soundpool could not load file: /system/media/audio/ui/Effect_Tick.ogg
E/SoundPool(30821): error loading /system/media/audio/ui/Effect_Tick.ogg
W/AudioService(30821): Soundpool could not load file: /system/media/audio/ui/Effect_Tick.ogg
E/SoundPool(30821): error loading /system/media/audio/ui/KeypressStandard.ogg
W/AudioService(30821): Soundpool could not load file: /system/media/audio/ui/KeypressStandard.ogg
E/SoundPool(30821): error loading /system/media/audio/ui/KeypressSpacebar.ogg
W/AudioService(30821): Soundpool could not load file: /system/media/audio/ui/KeypressSpacebar.ogg
E/SoundPool(30821): error loading /system/media/audio/ui/KeypressDelete.ogg
W/AudioService(30821): Soundpool could not load file: /system/media/audio/ui/KeypressDelete.ogg
E/SoundPool(30821): error loading /system/media/audio/ui/KeypressReturn.ogg
W/AudioService(30821): Soundpool could not load file: /system/media/audio/ui/KeypressReturn.ogg
E/SoundPool(30821): error loading /system/media/audio/ui/KeypressInvalid.ogg
W/AudioService(30821): Soundpool could not load file: /system/media/audio/ui/KeypressInvalid.ogg
W/AudioService(30821): onLoadSoundEffects(), Error -1 while loading samples
W/InputMethodManagerService(30821): Got RemoteException sending setActive(false) notification to pid 20411 uid 10060
W/Binder  (31017): Caught a RuntimeException from the binder stub implementation.
W/Binder  (31017): java.lang.NullPointerException
W/Binder  (31017): 	at android.inputmethodservice.IInputMethodWrapper.setSessionEnabled(IInputMethodWrapper.java:280)
W/Binder  (31017): 	at com.android.internal.view.IInputMethod$Stub.onTransact(IInputMethod.java:129)
W/Binder  (31017): 	at android.os.Binder.execTransact(Binder.java:404)
W/Binder  (31017): 	at dalvik.system.NativeStart.run(Native Method)
D/MobileDataStateTracker(30821): default: setPolicyDataEnable(enabled=true)
D/AndroidRuntime(21936): 
D/AndroidRuntime(21936): >>>>>> AndroidRuntime START com.android.internal.os.RuntimeInit <<<<<<
D/AndroidRuntime(21936): CheckJNI is ON
D/dalvikvm(21936): Trying to load lib libjavacore.so 0x0
D/dalvikvm(21936): Added shared lib libjavacore.so 0x0
D/dalvikvm(21936): Trying to load lib libnativehelper.so 0x0
D/dalvikvm(21936): Added shared lib libnativehelper.so 0x0
D/dalvikvm(21936): No JNI_OnLoad found in libnativehelper.so 0x0, skipping init
D/dalvikvm(21936): Note: class Landroid/app/ActivityManagerNative; has 179 unimplemented (abstract) methods
E/memtrack(21936): Couldn't load memtrack module (No such file or directory)
E/android.os.Debug(21936): failed to load memtrack module: -2
D/AndroidRuntime(21936): Calling main entry com.android.commands.pm.Pm
W/ActivityManager(30821): No content provider found for permission revoke: file:///data/local/tmp/dk.bobbyz.crosscppandroidapp
W/ActivityManager(30821): No content provider found for permission revoke: file:///data/local/tmp/dk.bobbyz.crosscppandroidapp
I/PackageManager(30821): Copying native libraries to /data/app-lib/vmdl1140443877
D/dalvikvm(30821): GC_FOR_ALLOC freed 1452K, 21% free 13461K/16924K, paused 86ms, total 86ms
D/dalvikvm(30821): GC_FOR_ALLOC freed 2056K, 21% free 13453K/16924K, paused 76ms, total 76ms
I/ActivityManager(30821): Force stopping dk.bobbyz.crosscppandroidapp appid=10060 user=-1: uninstall pkg
I/PackageManager(30821): Package dk.bobbyz.crosscppandroidapp codePath changed from /data/app/dk.bobbyz.crosscppandroidapp-2.apk to /data/app/dk.bobbyz.crosscppandroidapp-1.apk; Retaining data and using new
I/PackageManager(30821): Running dexopt on: dk.bobbyz.crosscppandroidapp
W/dalvikvm(21967): method Landroid/support/v7/internal/widget/ListViewCompat;.lookForSelectablePosition incorrectly overrides package-private method with same name in Landroid/widget/ListView;
D/dalvikvm(21967): DexOpt: load 443ms, verify+opt 1132ms, 1901372 bytes
W/PackageManager(30821): Code path for pkg : dk.bobbyz.crosscppandroidapp changing from /data/app/dk.bobbyz.crosscppandroidapp-2.apk to /data/app/dk.bobbyz.crosscppandroidapp-1.apk
W/PackageManager(30821): Resource path for pkg : dk.bobbyz.crosscppandroidapp changing from /data/app/dk.bobbyz.crosscppandroidapp-2.apk to /data/app/dk.bobbyz.crosscppandroidapp-1.apk
I/ActivityManager(30821): Force stopping dk.bobbyz.crosscppandroidapp appid=10060 user=-1: update pkg
I/ActivityManager(30821): Force stopping dk.bobbyz.crosscppandroidapp appid=10060 user=0: pkg removed
D/dalvikvm(31062): GC_EXPLICIT freed 1196K, 15% free 13565K/15868K, paused 4ms+4ms, total 68ms
I/InputReader(30821): Reconfiguring input devices.  changes=0x00000010
I/PackageManager(30821):   Action: "android.intent.action.SENDTO"
I/PackageManager(30821):   Category: "android.intent.category.DEFAULT"
I/PackageManager(30821):   Scheme: "sms"
I/PackageManager(30821): Adding preferred activity ComponentInfo{com.android.mms/com.android.mms.ui.ComposeMessageActivity} for user 0 :
I/PackageManager(30821):   Action: "android.intent.action.SENDTO"
I/PackageManager(30821):   Category: "android.intent.category.DEFAULT"
I/PackageManager(30821):   Scheme: "smsto"
I/PackageManager(30821): Adding preferred activity ComponentInfo{com.android.mms/com.android.mms.ui.ComposeMessageActivity} for user 0 :
D/BackupManagerService(30821): Received broadcast Intent { act=android.intent.action.PACKAGE_REMOVED dat=package:dk.bobbyz.crosscppandroidapp flg=0x4000010 (has extras) }
I/PackageManager(30821):   Action: "android.intent.action.SENDTO"
I/PackageManager(30821):   Category: "android.intent.category.DEFAULT"
I/PackageManager(30821):   Scheme: "mms"
I/PackageManager(30821): Adding preferred activity ComponentInfo{com.android.mms/com.android.mms.ui.ComposeMessageActivity} for user 0 :
I/PackageManager(30821):   Action: "android.intent.action.SENDTO"
I/PackageManager(30821):   Category: "android.intent.category.DEFAULT"
I/PackageManager(30821):   Scheme: "mmsto"
I/PackageManager(30821): Adding preferred activity ComponentInfo{com.android.mms/com.android.mms.ui.ComposeMessageActivity} for user 0 :
I/PackageManager(30821):   Action: "android.intent.action.SENDTO"
I/PackageManager(30821):   Category: "android.intent.category.DEFAULT"
I/PackageManager(30821):   Scheme: "sms"
I/PackageManager(30821): Adding preferred activity ComponentInfo{com.android.mms/com.android.mms.ui.ComposeMessageActivity} for user 0 :
D/dalvikvm(31051): GC_FOR_ALLOC freed 469K, 18% free 3788K/4592K, paused 20ms, total 21ms
I/PackageManager(30821):   Action: "android.intent.action.SENDTO"
I/PackageManager(30821):   Category: "android.intent.category.DEFAULT"
I/PackageManager(30821):   Scheme: "smsto"
I/PackageManager(30821): Adding preferred activity ComponentInfo{com.android.mms/com.android.mms.ui.ComposeMessageActivity} for user 0 :
I/PackageManager(30821):   Action: "android.intent.action.SENDTO"
I/PackageManager(30821):   Category: "android.intent.category.DEFAULT"
I/PackageManager(30821):   Scheme: "mms"
I/PackageManager(30821): Adding preferred activity ComponentInfo{com.android.mms/com.android.mms.ui.ComposeMessageActivity} for user 0 :
I/PackageManager(30821):   Action: "android.intent.action.SENDTO"
I/PackageManager(30821):   Category: "android.intent.category.DEFAULT"
I/PackageManager(30821):   Scheme: "mmsto"
I/PackageManager(30821): Adding preferred activity ComponentInfo{com.android.mms/com.android.mms.ui.ComposeMessageActivity} for user 0 :
E/NetworkScheduler.SchedulerReceiver(31296): Invalid parameter app
E/NetworkScheduler.SchedulerReceiver(31296): Invalid package name : Perhaps you didn't include a PendingIntent in the extras?
D/ChimeraRcvrProxy(32185): Creating receiver proxy ComponentInfo{com.google.android.gms/com.google.android.gms.games.chimera.GamesSystemBroadcastReceiverProxy}
D/ChimeraRcvrProxy(32185): Proxying container receiver ComponentInfo{com.google.android.gms/com.google.android.gms.games.chimera.GamesSystemBroadcastReceiverProxy} to Chimera receiver impl com.google.android.gms.games.receiver.GamesSystemBroadcastReceiver
D/ChimeraCfgMgr(32185): Loading module com.google.android.gms.games from APK com.google.android.gms
D/PackageBroadcastService(32185): Received broadcast action=android.intent.action.PACKAGE_REMOVED and uri=dk.bobbyz.crosscppandroidapp
I/InputReader(30821): Reconfiguring input devices.  changes=0x00000010
I/PackageManager(30821):   Action: "android.intent.action.SENDTO"
I/PackageManager(30821):   Category: "android.intent.category.DEFAULT"
I/PackageManager(30821):   Scheme: "sms"
I/PackageManager(30821): Adding preferred activity ComponentInfo{com.android.mms/com.android.mms.ui.ComposeMessageActivity} for user 0 :
D/BackupManagerService(30821): Received broadcast Intent { act=android.intent.action.PACKAGE_ADDED dat=package:dk.bobbyz.crosscppandroidapp flg=0x4000010 (has extras) }
V/BackupManagerService(30821): removePackageParticipantsLocked: uid=10060 #1
V/BackupManagerService(30821): addPackageParticipantsLocked: #1
D/dalvikvm(31051): GC_FOR_ALLOC freed 378K, 19% free 3739K/4592K, paused 53ms, total 53ms
I/PackageManager(30821):   Action: "android.intent.action.SENDTO"
I/PackageManager(30821):   Category: "android.intent.category.DEFAULT"
I/PackageManager(30821):   Scheme: "smsto"
I/PackageManager(30821): Adding preferred activity ComponentInfo{com.android.mms/com.android.mms.ui.ComposeMessageActivity} for user 0 :
D/dalvikvm(30821): GC_FOR_ALLOC freed 1960K, 20% free 13540K/16924K, paused 73ms, total 76ms
I/PackageManager(30821):   Action: "android.intent.action.SENDTO"
I/PackageManager(30821):   Category: "android.intent.category.DEFAULT"
I/PackageManager(30821):   Scheme: "mms"
I/PackageManager(30821): Adding preferred activity ComponentInfo{com.android.mms/com.android.mms.ui.ComposeMessageActivity} for user 0 :
I/PackageManager(30821):   Action: "android.intent.action.SENDTO"
I/PackageManager(30821):   Category: "android.intent.category.DEFAULT"
I/PackageManager(30821):   Scheme: "mmsto"
I/PackageManager(30821): Adding preferred activity ComponentInfo{com.android.mms/com.android.mms.ui.ComposeMessageActivity} for user 0 :
I/PackageManager(30821): Adding preferred activity ComponentInfo{com.android.mms/com.android.mms.ui.ComposeMessageActivity} for user 0 :
I/PackageManager(30821):   Action: "android.intent.action.SENDTO"
I/PackageManager(30821):   Category: "android.intent.category.DEFAULT"
I/PackageManager(30821):   Scheme: "sms"
I/PackageManager(30821):   Action: "android.intent.action.SENDTO"
I/PackageManager(30821):   Category: "android.intent.category.DEFAULT"
I/PackageManager(30821): Adding preferred activity ComponentInfo{com.android.mms/com.android.mms.ui.ComposeMessageActivity} for user 0 :
I/PackageManager(30821):   Scheme: "smsto"
I/PackageManager(30821):   Action: "android.intent.action.SENDTO"
I/PackageManager(30821):   Category: "android.intent.category.DEFAULT"
I/PackageManager(30821):   Scheme: "mms"
I/PackageManager(30821): Adding preferred activity ComponentInfo{com.android.mms/com.android.mms.ui.ComposeMessageActivity} for user 0 :
D/dalvikvm(31051): GC_FOR_ALLOC freed 367K, 18% free 3786K/4592K, paused 21ms, total 22ms
I/PackageManager(30821):   Action: "android.intent.action.SENDTO"
I/PackageManager(30821):   Category: "android.intent.category.DEFAULT"
I/PackageManager(30821):   Scheme: "mmsto"
I/PackageManager(30821): Adding preferred activity ComponentInfo{com.android.mms/com.android.mms.ui.ComposeMessageActivity} for user 0 :
I/PackageManager(30821):   Action: "android.intent.action.SENDTO"
I/PackageManager(30821):   Category: "android.intent.category.DEFAULT"
I/PackageManager(30821):   Scheme: "sms"
I/PackageManager(30821): Adding preferred activity ComponentInfo{com.android.mms/com.android.mms.ui.ComposeMessageActivity} for user 0 :
I/PackageManager(30821):   Action: "android.intent.action.SENDTO"
I/PackageManager(30821):   Category: "android.intent.category.DEFAULT"
I/PackageManager(30821): Adding preferred activity ComponentInfo{com.android.mms/com.android.mms.ui.ComposeMessageActivity} for user 0 :
I/PackageManager(30821):   Scheme: "smsto"
I/PackageManager(30821):   Action: "android.intent.action.SENDTO"
I/PackageManager(30821):   Category: "android.intent.category.DEFAULT"
I/PackageManager(30821):   Scheme: "mms"
I/PackageManager(30821): Adding preferred activity ComponentInfo{com.android.mms/com.android.mms.ui.ComposeMessageActivity} for user 0 :
D/dalvikvm(31051): GC_FOR_ALLOC freed 337K, 18% free 3792K/4592K, paused 39ms, total 40ms
I/PackageManager(30821):   Action: "android.intent.action.SENDTO"
I/PackageManager(30821): Adding preferred activity ComponentInfo{com.android.mms/com.android.mms.ui.ComposeMessageActivity} for user 0 :
I/PackageManager(30821):   Category: "android.intent.category.DEFAULT"
I/PackageManager(30821):   Scheme: "mmsto"
I/PackageManager(30821):   Action: "android.intent.action.SENDTO"
I/PackageManager(30821):   Category: "android.intent.category.DEFAULT"
I/PackageManager(30821):   Scheme: "sms"
I/PackageManager(30821): Adding preferred activity ComponentInfo{com.android.mms/com.android.mms.ui.ComposeMessageActivity} for user 0 :
D/ChimeraSrvcProxy(32185): Creating service proxy ComponentInfo{com.google.android.gms/com.google.android.gms.games.chimera.GamesAsyncServiceProxy}
D/ChimeraSrvcProxy(32185): Proxying container service ComponentInfo{com.google.android.gms/com.google.android.gms.games.chimera.GamesAsyncServiceProxy} to Chimera service impl com.google.android.gms.games.service.GamesAsyncService
D/ChimeraCfgMgr(32185): Loading module com.google.android.gms.games from APK com.google.android.gms
I/PackageManager(30821): Adding preferred activity ComponentInfo{com.android.mms/com.android.mms.ui.ComposeMessageActivity} for user 0 :
I/PackageManager(30821):   Action: "android.intent.action.SENDTO"
I/PackageManager(30821):   Category: "android.intent.category.DEFAULT"
I/PackageManager(30821):   Scheme: "smsto"
I/PackageManager(30821):   Action: "android.intent.action.SENDTO"
I/PackageManager(30821):   Category: "android.intent.category.DEFAULT"
I/PackageManager(30821):   Scheme: "mms"
I/PackageManager(30821): Adding preferred activity ComponentInfo{com.android.mms/com.android.mms.ui.ComposeMessageActivity} for user 0 :
I/InputReader(30821): Reconfiguring input devices.  changes=0x00000010
I/PackageManager(30821):   Action: "android.intent.action.SENDTO"
I/PackageManager(30821):   Category: "android.intent.category.DEFAULT"
I/PackageManager(30821): Adding preferred activity ComponentInfo{com.android.mms/com.android.mms.ui.ComposeMessageActivity} for user 0 :
I/PackageManager(30821):   Scheme: "mmsto"
D/dalvikvm(31051): GC_FOR_ALLOC freed 344K, 18% free 3785K/4592K, paused 20ms, total 21ms
I/ActivityManager(30821): Delay finish: com.google.android.gms/.games.chimera.GamesSystemBroadcastReceiverProxy
I/ConfigService(31296): onCreate
I/ConfigFetchService(32185): onStartCommand Intent { act=android.intent.action.PACKAGE_REMOVED dat=package:dk.bobbyz.crosscppandroidapp cmp=com.google.android.gms/.config.ConfigFetchService (has extras) }
I/ActivityManager(30821): Resuming delayed broadcast
I/ConfigService(31296): onBind for Intent { act=com.google.android.gms.config.UPDATE pkg=com.google.android.gms } action com.google.android.gms.config.UPDATE
W/ContextImpl(  605): Calling a method in the system process without a qualified user: android.app.ContextImpl.startService:1479 android.content.ContextWrapper.startService:494 android.content.ContextWrapper.startService:494 com.android.keychain.KeyChainBroadcastReceiver.onReceive:12 android.app.ActivityThread.handleReceiver:2419 
I/ActivityManager(30821): Delay finish: com.android.keychain/.KeyChainBroadcastReceiver
I/ActivityManager(30821): Resuming delayed broadcast
I/ConfigService(31296): onBind returning update interface
I/ConfigService(31296): onBind for Intent { act=com.google.android.gms.config.START pkg=com.google.android.gms } action com.google.android.gms.config.START
I/ConfigService(31296): onBind returning service broker
D/PackageBroadcastService(32185): Received broadcast action=android.intent.action.PACKAGE_ADDED and uri=dk.bobbyz.crosscppandroidapp
D/ChimeraRcvrProxy(32185): Creating receiver proxy ComponentInfo{com.google.android.gms/com.google.android.gms.games.chimera.GamesSystemBroadcastReceiverProxy}
D/ChimeraRcvrProxy(32185): Proxying container receiver ComponentInfo{com.google.android.gms/com.google.android.gms.games.chimera.GamesSystemBroadcastReceiverProxy} to Chimera receiver impl com.google.android.gms.games.receiver.GamesSystemBroadcastReceiver
D/ChimeraCfgMgr(32185): Loading module com.google.android.gms.games from APK com.google.android.gms
I/ActivityManager(30821): Delay finish: com.google.android.gms/.games.chimera.GamesSystemBroadcastReceiverProxy
I/ConfigFetchService(32185): onStartCommand Intent { act=android.intent.action.PACKAGE_ADDED dat=package:dk.bobbyz.crosscppandroidapp cmp=com.google.android.gms/.config.ConfigFetchService (has extras) }
I/ActivityManager(30821): Delaying start of: ServiceRecord{b2397c18 u0 com.google.android.gms/.wearable.service.WearableControlService}
I/ConfigFetchService(32185): launchTask
D/ChimeraSrvcProxy(32185): Creating service proxy ComponentInfo{com.google.android.gms/com.google.android.gms.games.chimera.GamesAsyncServiceProxy}
D/ChimeraSrvcProxy(32185): Proxying container service ComponentInfo{com.google.android.gms/com.google.android.gms.games.chimera.GamesAsyncServiceProxy} to Chimera service impl com.google.android.gms.games.service.GamesAsyncService
D/ChimeraCfgMgr(32185): Loading module com.google.android.gms.games from APK com.google.android.gms
I/PeopleContactsSync(32185): CP2 sync disabled
I/ConfigFetchService(32185): service connected
D/ConfigFetchService(32185): ConfigApi connection successful.
I/ActivityManager(30821): Resuming delayed broadcast
W/RecognitionManagerService(30821): no available voice recognition services found for user 0
E/NetworkScheduler.SchedulerReceiver(31296): Invalid parameter app
E/NetworkScheduler.SchedulerReceiver(31296): Invalid package name : Perhaps you didn't include a PendingIntent in the extras?
D/PackageBroadcastService(32185): Received broadcast action=android.intent.action.PACKAGE_REPLACED and uri=dk.bobbyz.crosscppandroidapp
D/dalvikvm(30821): GC_EXPLICIT freed 2108K, 23% free 13146K/16924K, paused 25ms+48ms, total 1457ms
I/PeopleContactsSync(32185): CP2 sync disabled
D/AndroidRuntime(21936): Shutting down VM
D/dalvikvm(21936): Debugger has detached; object registry had 1 entries
D/AndroidRuntime(22021): 
D/AndroidRuntime(22021): >>>>>> AndroidRuntime START com.android.internal.os.RuntimeInit <<<<<<
D/AndroidRuntime(22021): CheckJNI is ON
D/dalvikvm(22021): Trying to load lib libjavacore.so 0x0
D/dalvikvm(22021): Added shared lib libjavacore.so 0x0
D/dalvikvm(22021): Trying to load lib libnativehelper.so 0x0
D/dalvikvm(22021): Added shared lib libnativehelper.so 0x0
D/dalvikvm(22021): No JNI_OnLoad found in libnativehelper.so 0x0, skipping init
D/dalvikvm(22021): Note: class Landroid/app/ActivityManagerNative; has 179 unimplemented (abstract) methods
E/memtrack(22021): Couldn't load memtrack module (No such file or directory)
E/android.os.Debug(22021): failed to load memtrack module: -2
D/AndroidRuntime(22021): Calling main entry com.android.commands.am.Am
I/ActivityManager(30821): START u0 {act=android.intent.action.MAIN cat=[android.intent.category.LAUNCHER] flg=0x10000000 cmp=dk.bobbyz.crosscppandroidapp/.MainActivity} from pid 22021
D/AndroidRuntime(22021): Shutting down VM
D/dalvikvm(22021): Debugger has detached; object registry had 1 entries
D/dalvikvm(22043): Not late-enabling CheckJNI (already on)
I/ActivityManager(30821): Start proc dk.bobbyz.crosscppandroidapp for activity dk.bobbyz.crosscppandroidapp/.MainActivity: pid=22043 uid=10060 gids={50060}
D/ConnectivityService(30821): Sampling interval elapsed, updating statistics ..
D/ConnectivityService(30821): Done.
D/ConnectivityService(30821): Setting timer for 720seconds
I/dalvikvm(22043): Could not find method android.content.res.TypedArray.getChangingConfigurations, referenced from method android.support.v7.internal.widget.TintTypedArray.getChangingConfigurations
W/dalvikvm(22043): VFY: unable to resolve virtual method 408: Landroid/content/res/TypedArray;.getChangingConfigurations ()I
D/dalvikvm(22043): VFY: replacing opcode 0x6e at 0x0002
I/dalvikvm(22043): Could not find method android.content.res.TypedArray.getType, referenced from method android.support.v7.internal.widget.TintTypedArray.getType
W/dalvikvm(22043): VFY: unable to resolve virtual method 430: Landroid/content/res/TypedArray;.getType (I)I
D/dalvikvm(22043): VFY: replacing opcode 0x6e at 0x0002
I/dalvikvm(22043): Could not find method android.content.res.Resources.getDrawable, referenced from method android.support.v7.internal.widget.ResourcesWrapper.getDrawable
W/dalvikvm(22043): VFY: unable to resolve virtual method 371: Landroid/content/res/Resources;.getDrawable (ILandroid/content/res/Resources$Theme;)Landroid/graphics/drawable/Drawable;
D/dalvikvm(22043): VFY: replacing opcode 0x6e at 0x0002
I/dalvikvm(22043): Could not find method android.content.res.Resources.getDrawableForDensity, referenced from method android.support.v7.internal.widget.ResourcesWrapper.getDrawableForDensity
W/dalvikvm(22043): VFY: unable to resolve virtual method 373: Landroid/content/res/Resources;.getDrawableForDensity (IILandroid/content/res/Resources$Theme;)Landroid/graphics/drawable/Drawable;
D/dalvikvm(22043): VFY: replacing opcode 0x6e at 0x0002
D/dalvikvm(22043): GC_FOR_ALLOC freed 165K, 12% free 3371K/3824K, paused 178ms, total 181ms
D/dalvikvm(22043): GC_FOR_ALLOC freed 5K, 12% free 3586K/4048K, paused 15ms, total 15ms
I/dalvikvm-heap(22043): Grow heap (frag case) to 6.200MB for 2536936-byte allocation
D/dalvikvm(22043): GC_FOR_ALLOC freed <1K, 8% free 6063K/6528K, paused 65ms, total 65ms
D/dalvikvm(22043): Trying to load lib /data/app-lib/dk.bobbyz.crosscppandroidapp-1/libCommonLibrary.so 0xb1e1f598
D/dalvikvm(22043): Added shared lib /data/app-lib/dk.bobbyz.crosscppandroidapp-1/libCommonLibrary.so 0xb1e1f598
D/dalvikvm(22043): No JNI_OnLoad found in /data/app-lib/dk.bobbyz.crosscppandroidapp-1/libCommonLibrary.so 0xb1e1f598, skipping init
D/TextDaoImpl(22043): init
D/DBManager(22043): DBManager1_1
D/DBManager(22043): DBManager1_2
D/DBManager(22043): DBManager1_3
D/        (22043): HostConnection::get() New Host Connection established 0xb71c4d88, tid 22043
W/EGL_emulation(22043): eglSurfaceAttrib not implemented
D/OpenGLRenderer(22043): Enabling debug mode 0
I/ActivityManager(30821): Displayed dk.bobbyz.crosscppandroidapp/.MainActivity: +3s43ms
V/ConfigFetchTask(32185): ConfigFetchTask getDeviceDataVersionInfo(): ABFEt1X8CEiKkBt0HPlobXc5qGjBtYKCd7ctkscXiDlE0gNJBiprfb67Zh_BJDsaNhRNF0riBHjIT1eovHQuKmN2YC2kZaowkCGWjO0wA64dho41Xbs7pX7a-qiaIQHiv1McVb7TeKYuZMYePVWRHgl7bEM5NCPOcrdOwWnipcDqSW7xu5mlrRRRQ95u4IkqhCHyo6NV0xWg32JF2lAzkI_mqkbuxoSMUC15IGB4mmjIPYp_kyJ7axe6vHrNhZ8CncqBysUDnDQst3PBMBbbVBfUuilISdsGHlawlbcu1Da2m3eVuGHr8_M
I/GoogleURLConnFactory(32185): Using platform SSLCertificateSocketFactory
D/dalvikvm(32185): GC_FOR_ALLOC freed 505K, 15% free 4621K/5428K, paused 58ms, total 60ms
I/ConfigFetchService(32185): fetch service done; releasing wakelock
I/ConfigFetchService(32185): stopping self
I/ConfigService(31296): onDestroy
I/LatinIME:LogUtils(31017): Dictionary info: dictionary = contacts.en_US.dict ; version = ? ; date = ?
D/TextDaoImpl(22043): insert_begin
D/TextDaoImpl(22043): insert1
D/TextDaoImpl(22043): insert2
D/TextDaoImpl(22043): insert3
D/TextDaoImpl(22043): insert4
D/TextDaoImpl(22043): insert5
D/TextDao (22043): insert_begin
D/TextDao (22043): insert_1
D/TextDao (22043): insert_2 - db:
F/libc    (22043): Fatal signal 11 (SIGSEGV) at 0xcf657e50 (code=1), thread 22043 (sscppandroidapp)
E/SoundPool(30821): error loading /system/media/audio/ui/Effect_Tick.ogg
W/AudioService(30821): Soundpool could not load file: /system/media/audio/ui/Effect_Tick.ogg
E/SoundPool(30821): error loading /system/media/audio/ui/Effect_Tick.ogg
W/AudioService(30821): Soundpool could not load file: /system/media/audio/ui/Effect_Tick.ogg
E/SoundPool(30821): error loading /system/media/audio/ui/Effect_Tick.ogg
W/AudioService(30821): Soundpool could not load file: /system/media/audio/ui/Effect_Tick.ogg
E/SoundPool(30821): error loading /system/media/audio/ui/Effect_Tick.ogg
W/AudioService(30821): Soundpool could not load file: /system/media/audio/ui/Effect_Tick.ogg
E/SoundPool(30821): error loading /system/media/audio/ui/Effect_Tick.ogg
W/AudioService(30821): Soundpool could not load file: /system/media/audio/ui/Effect_Tick.ogg
E/SoundPool(30821): error loading /system/media/audio/ui/KeypressStandard.ogg
W/AudioService(30821): Soundpool could not load file: /system/media/audio/ui/KeypressStandard.ogg
E/SoundPool(30821): error loading /system/media/audio/ui/KeypressSpacebar.ogg
W/AudioService(30821): Soundpool could not load file: /system/media/audio/ui/KeypressSpacebar.ogg
E/SoundPool(30821): error loading /system/media/audio/ui/KeypressDelete.ogg
W/AudioService(30821): Soundpool could not load file: /system/media/audio/ui/KeypressDelete.ogg
E/SoundPool(30821): error loading /system/media/audio/ui/KeypressReturn.ogg
W/AudioService(30821): Soundpool could not load file: /system/media/audio/ui/KeypressReturn.ogg
E/SoundPool(30821): error loading /system/media/audio/ui/KeypressInvalid.ogg
W/AudioService(30821): Soundpool could not load file: /system/media/audio/ui/KeypressInvalid.ogg
I/DEBUG   (   54): *** *** *** *** *** *** *** *** *** *** *** *** *** *** *** ***
I/DEBUG   (   54): Build fingerprint: 'generic/google_sdk/generic:4.4.2/KK/1873184:eng/test-keys'
I/DEBUG   (   54): Revision: '0'
I/DEBUG   (   54): pid: 22043, tid: 22043, name: sscppandroidapp  >>> dk.bobbyz.crosscppandroidapp <<<
I/DEBUG   (   54): signal 11 (SIGSEGV), code 1 (SEGV_MAPERR), fault addr cf657e50
W/AudioService(30821): onLoadSoundEffects(), Error -1 while loading samples
I/DEBUG   (   54):     r0 00000018  r1 cf657e50  r2 cf657e50  r3 cf657e50
I/DEBUG   (   54):     r4 b71efa80  r5 becfc360  r6 00000000  r7 becfc318
I/DEBUG   (   54):     r8 becfc388  r9 b02dad00  sl b7060390  fp becfc39c
I/DEBUG   (   54):     ip 00000003  sp becfc318  lr a89f8f2d  pc a89f8f2e  cpsr 60000030
I/DEBUG   (   54):     d0  0000000080000000  d1  0000000042960000
I/DEBUG   (   54):     d2  0000000000000000  d3  33d6bf9500000000
I/DEBUG   (   54):     d4  0000000000000000  d5  3f80000000000000
I/DEBUG   (   54):     d6  3f80000000000000  d7  0000000080000000
I/DEBUG   (   54):     d8  0000000000000000  d9  0000000000000000
I/DEBUG   (   54):     d10 0000000000000000  d11 0000000000000000
I/DEBUG   (   54):     d12 0000000000000000  d13 0000000000000000
I/DEBUG   (   54):     d14 0000000000000000  d15 0000000000000000
I/DEBUG   (   54):     scr 60000010
I/DEBUG   (   54): 
I/DEBUG   (   54): backtrace:
I/DEBUG   (   54):     #00  pc 00012f2e  /data/app-lib/dk.bobbyz.crosscppandroidapp-1/libCommonLibrary.so (TextDao::insert(Text*)+173)
I/DEBUG   (   54):     #01  pc 00012f29  /data/app-lib/dk.bobbyz.crosscppandroidapp-1/libCommonLibrary.so (TextDao::insert(Text*)+168)
I/DEBUG   (   54): 
I/DEBUG   (   54): stack:
I/DEBUG   (   54):          becfc2d8  becfc360  [stack]
I/DEBUG   (   54):          becfc2dc  a8abae5c  /data/app-lib/dk.bobbyz.crosscppandroidapp-1/libCommonLibrary.so
I/DEBUG   (   54):          becfc2e0  becfc318  [stack]
I/DEBUG   (   54):          becfc2e4  becfc388  [stack]
I/DEBUG   (   54):          becfc2e8  b02dad00  
I/DEBUG   (   54):          becfc2ec  b7060390  [heap]
I/DEBUG   (   54):          becfc2f0  becfc39c  [stack]
I/DEBUG   (   54):          becfc2f4  b6f3bae9  /system/lib/libc.so (malloc+12)
I/DEBUG   (   54):          becfc2f8  00000026  
I/DEBUG   (   54):          becfc2fc  cf657e50  
I/DEBUG   (   54):          becfc300  b71efa80  [heap]
I/DEBUG   (   54):          becfc304  becfc360  [stack]
I/DEBUG   (   54):          becfc308  00000000  
I/DEBUG   (   54):          becfc30c  a89f8f2d  /data/app-lib/dk.bobbyz.crosscppandroidapp-1/libCommonLibrary.so (TextDao::insert(Text*)+172)
I/DEBUG   (   54):          becfc310  a8aa5748  /data/app-lib/dk.bobbyz.crosscppandroidapp-1/libCommonLibrary.so
I/DEBUG   (   54):          becfc314  cf657e50  
I/DEBUG   (   54):     #00  becfc318  b71efa80  [heap]
I/DEBUG   (   54):          ........  ........
I/DEBUG   (   54):     #01  becfc318  b71efa80  [heap]
I/DEBUG   (   54):          becfc31c  cf657e50  
I/DEBUG   (   54):          becfc320  b71f7f0c  [heap]
I/DEBUG   (   54):          becfc324  b71b3454  [heap]
I/DEBUG   (   54):          becfc328  b71b3460  [heap]
I/DEBUG   (   54):          becfc32c  b71b346c  [heap]
I/DEBUG   (   54):          becfc330  b71efa80  [heap]
I/DEBUG   (   54):          becfc334  becfc360  [stack]
I/DEBUG   (   54):          becfc338  00000000  
I/DEBUG   (   54):          becfc33c  b71efa80  [heap]
I/DEBUG   (   54):          becfc340  becfc348  [stack]
I/DEBUG   (   54):          becfc344  a89fa153  /data/app-lib/dk.bobbyz.crosscppandroidapp-1/libCommonLibrary.so (Java_dk_bobbyz_crosscppandroidapp_commonlibrary_impl_TextDaoImpl_insert+306)
I/DEBUG   (   54):          becfc348  b7060380  [heap]
I/DEBUG   (   54):          becfc34c  0440001d  
I/DEBUG   (   54):          becfc350  dd600019  
I/DEBUG   (   54):          becfc354  b705cf28  [heap]
I/DEBUG   (   54): 
I/DEBUG   (   54): memory near r4:
I/DEBUG   (   54):     b71efa60 ffffffff 00000000 00000108 00000013  
I/DEBUG   (   54):     b71efa70 00060184 09020007 09020109 00000013  
I/DEBUG   (   54):     b71efa80 b71f0388 b71b3454 00000010 00000013  
I/DEBUG   (   54):     b71efa90 00050184 01180006 000a0b12 00000183  
I/DEBUG   (   54):     b71efaa0 b69c9468 6f6f7200 00000074 00000000  
I/DEBUG   (   54):     b71efab0 b6f7b2a0 00000006 0069006f 002e0064  
I/DEBUG   (   54):     b71efac0 006e0069 00650074 006e0072 006c0061  
I/DEBUG   (   54):     b71efad0 0074002e 00780065 00730074 00720065  
I/DEBUG   (   54):     b71efae0 00690076 00650063 0049002e 00650054  
I/DEBUG   (   54):     b71efaf0 00740078 00650053 00760072 00630069  
I/DEBUG   (   54):     b71efb00 00730065 0061004d 0061006e 00650067  
I/DEBUG   (   54):     b71efb10 00000072 00000068 006f0063 002e006d  
I/DEBUG   (   54):     b71efb20 006f0067 0067006f 0065006c 0061002e  
I/DEBUG   (   54):     b71efb30 0064006e 006f0072 00640069 0069002e  
I/DEBUG   (   54):     b71efb40 6e65006e 0053555f 0065006d 00680074  
I/DEBUG   (   54):     b71efb50 0064006f 006c002e 00740061 006e0069  
I/DEBUG   (   54): 
I/DEBUG   (   54): memory near r5:
I/DEBUG   (   54):     becfc340 becfc348 a89fa153 b7060380 0440001d  
I/DEBUG   (   54):     becfc350 dd600019 b705cf28 becfc474 00000000  
I/DEBUG   (   54):     becfc360 b71b3454 cf657e50 e8200025 af6582c8  
I/DEBUG   (   54):     becfc370 a0100029 b71efa80 af641f38 b7060380  
I/DEBUG   (   54):     becfc380 b02dad08 b5ad0bd0 b02dacfc 00000001  
I/DEBUG   (   54):     becfc390 a8c2dd1b b1e69d68 b1e1303c b5b00f03  
I/DEBUG   (   54):     becfc3a0 b02dacfc a8c2dd19 a89fa021 b7060390  
I/DEBUG   (   54):     becfc3b0 b71b3440 b71b3448 00000000 00000000  
I/DEBUG   (   54):     becfc3c0 ae058494 b6f7b35c b6f77000 b71f7f47  
I/DEBUG   (   54):     becfc3d0 b71f7f47 b71b3448 b71f7ef8 00000000  
I/DEBUG   (   54):     becfc3e0 b71efd20 b71f7f00 a89fa021 b6f3f11f  
I/DEBUG   (   54):     becfc3f0 b6f77000 b71f7f00 00000000 b71efd20  
I/DEBUG   (   54):     becfc400 00000000 b6f3bafd ae058494 b5b02b33  
I/DEBUG   (   54):     becfc410 becfc494 00000000 b5b510e4 00000000  
I/DEBUG   (   54):     becfc420 00000000 becfc408 becfc4ac af641fc4  
I/DEBUG   (   54):     becfc430 00000001 b1e1e418 00000001 00000003  
I/DEBUG   (   54): 
I/DEBUG   (   54): memory near r7:
I/DEBUG   (   54):     becfc2f8 00000026 cf657e50 b71efa80 becfc360  
I/DEBUG   (   54):     becfc308 00000000 a89f8f2d a8aa5748 cf657e50  
I/DEBUG   (   54):     becfc318 b71efa80 cf657e50 b71f7f0c b71b3454  
I/DEBUG   (   54):     becfc328 b71b3460 b71b346c b71efa80 becfc360  
I/DEBUG   (   54):     becfc338 00000000 b71efa80 becfc348 a89fa153  
I/DEBUG   (   54):     becfc348 b7060380 0440001d dd600019 b705cf28  
I/DEBUG   (   54):     becfc358 becfc474 00000000 b71b3454 cf657e50  
I/DEBUG   (   54):     becfc368 e8200025 af6582c8 a0100029 b71efa80  
I/DEBUG   (   54):     becfc378 af641f38 b7060380 b02dad08 b5ad0bd0  
I/DEBUG   (   54):     becfc388 b02dacfc 00000001 a8c2dd1b b1e69d68  
I/DEBUG   (   54):     becfc398 b1e1303c b5b00f03 b02dacfc a8c2dd19  
I/DEBUG   (   54):     becfc3a8 a89fa021 b7060390 b71b3440 b71b3448  
I/DEBUG   (   54):     becfc3b8 00000000 00000000 ae058494 b6f7b35c  
I/DEBUG   (   54):     becfc3c8 b6f77000 b71f7f47 b71f7f47 b71b3448  
I/DEBUG   (   54):     becfc3d8 b71f7ef8 00000000 b71efd20 b71f7f00  
I/DEBUG   (   54):     becfc3e8 a89fa021 b6f3f11f b6f77000 b71f7f00  
I/DEBUG   (   54): 
I/DEBUG   (   54): memory near r8:
I/DEBUG   (   54):     becfc368 e8200025 af6582c8 a0100029 b71efa80  
I/DEBUG   (   54):     becfc378 af641f38 b7060380 b02dad08 b5ad0bd0  
I/DEBUG   (   54):     becfc388 b02dacfc 00000001 a8c2dd1b b1e69d68  
I/DEBUG   (   54):     becfc398 b1e1303c b5b00f03 b02dacfc a8c2dd19  
I/DEBUG   (   54):     becfc3a8 a89fa021 b7060390 b71b3440 b71b3448  
I/DEBUG   (   54):     becfc3b8 00000000 00000000 ae058494 b6f7b35c  
I/DEBUG   (   54):     becfc3c8 b6f77000 b71f7f47 b71f7f47 b71b3448  
I/DEBUG   (   54):     becfc3d8 b71f7ef8 00000000 b71efd20 b71f7f00  
I/DEBUG   (   54):     becfc3e8 a89fa021 b6f3f11f b6f77000 b71f7f00  
I/DEBUG   (   54):     becfc3f8 00000000 b71efd20 00000000 b6f3bafd  
I/DEBUG   (   54):     becfc408 ae058494 b5b02b33 becfc494 00000000  
I/DEBUG   (   54):     becfc418 b5b510e4 00000000 00000000 becfc408  
I/DEBUG   (   54):     becfc428 becfc4ac af641fc4 00000001 b1e1e418  
I/DEBUG   (   54):     becfc438 00000001 00000003 af641fb0 a8c3ea37  
I/DEBUG   (   54):     becfc448 becfc4ac 00000038 00000000 b5b1ead7  
I/DEBUG   (   54):     becfc458 a8c3ea37 b1e1e418 a8b01c34 b1e1e418  
I/DEBUG   (   54): 
I/DEBUG   (   54): memory near r9:
I/DEBUG   (   54):     b02dace0 00000000 a8bc3c04 b02dad18 a8bc3c16  
I/DEBUG   (   54):     b02dacf0 af641f38 00000006 00000000 dd600019  
I/DEBUG   (   54):     b02dad00 0440001d b02dad40 00000000 af61aa28  
I/DEBUG   (   54):     b02dad10 a8bc3c16 00000006 b1e13320 b1e69d68  
I/DEBUG   (   54):     b02dad20 00000000 b1e220e0 b1e6b758 b02dad54  
I/DEBUG   (   54):     b02dad30 00000000 00000000 00000000 00000000  
I/DEBUG   (   54):     b02dad40 b02dad88 af05a6ee af2e1148 00000006  
I/DEBUG   (   54):     b02dad50 00000000 b1e12f88 b1e220e0 b1e13028  
I/DEBUG   (   54):     b02dad60 b1e20628 b1e12fc8 b1ab22a8 00000000  
I/DEBUG   (   54):     b02dad70 00000000 b02dadc8 ae7289b8 af2e15e8  
I/DEBUG   (   54):     b02dad80 af05a6ee 00000000 b1e12f88 b1e220e0  
I/DEBUG   (   54):     b02dad90 b1e13028 b1e20628 b1e12fc8 b1ab22a8  
I/DEBUG   (   54):     b02dada0 00000000 00000000 b1e12f88 b1e220e0  
I/DEBUG   (   54):     b02dadb0 b1e13028 b02dae04 ae496a0c af361778  
I/DEBUG   (   54):     b02dadc0 ae7289b8 00000000 b1e22360 00000000  
I/DEBUG   (   54):     b02dadd0 b02dae04 b1e12f88 b1e220e0 b1e13028  
I/DEBUG   (   54): 
I/DEBUG   (   54): memory near sl:
I/DEBUG   (   54):     b7060370 00000000 00000000 00000000 0000045b  
I/DEBUG   (   54):     b7060380 a8bc3bf4 b02dacfc af61aa28 ac3d0000  
I/DEBUG   (   54):     b7060390 b1e13358 00000001 becfc500 00000000  
I/DEBUG   (   54):     b70603a0 becfc554 00000001 00000000 b5ad0d40  
I/DEBUG   (   54):     b70603b0 00000000 00000000 aeca5a70 b02d5300  
I/DEBUG   (   54):     b70603c0 00000000 00000000 00000001 00006000  
I/DEBUG   (   54):     b70603d0 00000000 b6fad154 b5ad0d40 b5ad5c00  
I/DEBUG   (   54):     b70603e0 00000000 b5ad9cfc b5ad9d70 b5ad9c20  
I/DEBUG   (   54):     b70603f0 b5ad9c40 b5ad9c9c 00000000 00000000  
I/DEBUG   (   54):     b7060400 b72071f0 00000028 00000000 00000000  
I/DEBUG   (   54):     b7060410 00000000 00000000 00001ebb b5b6291c  
I/DEBUG   (   54):     b7060420 b1ab21e8 af2d7b18 0000000b b7090948  
I/DEBUG   (   54):     b7060430 00000001 00000080 00000200 00000000  
I/DEBUG   (   54):     b7060440 00000001 ae6e072e ae6e072e 00000002  
