D/dalvikvm(30821): GC_FOR_ALLOC freed <1K, 19% free 11524K/14084K, paused 170ms, total 170ms
I/Choreographer(31062): Skipped 92 frames!  The application may be doing too much work on its main thread.
D/        (30821): HostConnection::get() New Host Connection established 0xb75e70e8, tid 30840
W/EGL_emulation(31062): eglSurfaceAttrib not implemented
E/SoundPool(30821): error loading /system/media/audio/ui/Effect_Tick.ogg
W/AudioService(30821): Soundpool could not load file: /system/media/audio/ui/Effect_Tick.ogg
E/SoundPool(30821): error loading /system/media/audio/ui/Effect_Tick.ogg
W/AudioService(30821): Soundpool could not load file: /system/media/audio/ui/Effect_Tick.ogg
E/SoundPool(30821): error loading /system/media/audio/ui/Effect_Tick.ogg
W/AudioService(30821): Soundpool could not load file: /system/media/audio/ui/Effect_Tick.ogg
E/SoundPool(30821): error loading /system/media/audio/ui/Effect_Tick.ogg
W/AudioService(30821): Soundpool could not load file: /system/media/audio/ui/Effect_Tick.ogg
E/SoundPool(30821): error loading /system/media/audio/ui/Effect_Tick.ogg
W/AudioService(30821): Soundpool could not load file: /system/media/audio/ui/Effect_Tick.ogg
E/SoundPool(30821): error loading /system/media/audio/ui/KeypressStandard.ogg
W/AudioService(30821): Soundpool could not load file: /system/media/audio/ui/KeypressStandard.ogg
E/SoundPool(30821): error loading /system/media/audio/ui/KeypressSpacebar.ogg
W/AudioService(30821): Soundpool could not load file: /system/media/audio/ui/KeypressSpacebar.ogg
E/SoundPool(30821): error loading /system/media/audio/ui/KeypressDelete.ogg
W/AudioService(30821): Soundpool could not load file: /system/media/audio/ui/KeypressDelete.ogg
E/SoundPool(30821): error loading /system/media/audio/ui/KeypressReturn.ogg
W/AudioService(30821): Soundpool could not load file: /system/media/audio/ui/KeypressReturn.ogg
E/SoundPool(30821): error loading /system/media/audio/ui/KeypressInvalid.ogg
W/AudioService(30821): Soundpool could not load file: /system/media/audio/ui/KeypressInvalid.ogg
W/AudioService(30821): onLoadSoundEffects(), Error -1 while loading samples
W/Binder  (31017): Caught a RuntimeException from the binder stub implementation.
W/Binder  (31017): java.lang.NullPointerException
W/Binder  (31017): 	at android.inputmethodservice.IInputMethodWrapper.setSessionEnabled(IInputMethodWrapper.java:280)
W/Binder  (31017): 	at com.android.internal.view.IInputMethod$Stub.onTransact(IInputMethod.java:129)
W/Binder  (31017): 	at android.os.Binder.execTransact(Binder.java:404)
W/Binder  (31017): 	at dalvik.system.NativeStart.run(Native Method)
W/InputMethodManagerService(30821): Got RemoteException sending setActive(false) notification to pid 647 uid 10060
D/MobileDataStateTracker(30821): default: setPolicyDataEnable(enabled=true)
W/ProcessCpuTracker(30821): Skipping unknown process pid 1821
D/AndroidRuntime( 2899): 
D/AndroidRuntime( 2899): >>>>>> AndroidRuntime START com.android.internal.os.RuntimeInit <<<<<<
D/AndroidRuntime( 2899): CheckJNI is ON
D/dalvikvm( 2899): Trying to load lib libjavacore.so 0x0
D/dalvikvm( 2899): Added shared lib libjavacore.so 0x0
D/dalvikvm( 2899): Trying to load lib libnativehelper.so 0x0
D/dalvikvm( 2899): Added shared lib libnativehelper.so 0x0
D/dalvikvm( 2899): No JNI_OnLoad found in libnativehelper.so 0x0, skipping init
D/dalvikvm( 2899): Note: class Landroid/app/ActivityManagerNative; has 179 unimplemented (abstract) methods
E/memtrack( 2899): Couldn't load memtrack module (No such file or directory)
E/android.os.Debug( 2899): failed to load memtrack module: -2
D/AndroidRuntime( 2899): Calling main entry com.android.commands.am.Am
I/ActivityManager(30821): Force stopping dk.bobbyz.crosscppandroidapp appid=10060 user=0: from pid 2899
D/AndroidRuntime( 2899): Shutting down VM
D/jdwp    ( 2899): Got wake-up signal, bailing out of select
D/dalvikvm( 2899): Debugger has detached; object registry had 1 entries
D/AndroidRuntime( 2924): 
D/AndroidRuntime( 2924): >>>>>> AndroidRuntime START com.android.internal.os.RuntimeInit <<<<<<
D/AndroidRuntime( 2924): CheckJNI is ON
D/dalvikvm( 2924): Trying to load lib libjavacore.so 0x0
D/dalvikvm( 2924): Added shared lib libjavacore.so 0x0
D/dalvikvm( 2924): Trying to load lib libnativehelper.so 0x0
D/dalvikvm( 2924): Added shared lib libnativehelper.so 0x0
D/dalvikvm( 2924): No JNI_OnLoad found in libnativehelper.so 0x0, skipping init
D/dalvikvm( 2924): Note: class Landroid/app/ActivityManagerNative; has 179 unimplemented (abstract) methods
E/memtrack( 2924): Couldn't load memtrack module (No such file or directory)
E/android.os.Debug( 2924): failed to load memtrack module: -2
D/AndroidRuntime( 2924): Calling main entry com.android.commands.am.Am
I/ActivityManager(30821): START u0 {act=android.intent.action.MAIN cat=[android.intent.category.LAUNCHER] flg=0x10000000 cmp=dk.bobbyz.crosscppandroidapp/.MainActivity} from pid 2924
D/dalvikvm(30821): GC_FOR_ALLOC freed 742K, 20% free 11322K/14084K, paused 88ms, total 94ms
D/AndroidRuntime( 2924): Shutting down VM
D/jdwp    ( 2924): Got wake-up signal, bailing out of select
D/dalvikvm( 2924): Debugger has detached; object registry had 1 entries
D/dalvikvm( 2946): Not late-enabling CheckJNI (already on)
I/ActivityManager(30821): Start proc dk.bobbyz.crosscppandroidapp for activity dk.bobbyz.crosscppandroidapp/.MainActivity: pid=2946 uid=10060 gids={50060}
D/dalvikvm(30520): GC_EXPLICIT freed 41K, 10% free 3161K/3492K, paused 13ms+5ms, total 97ms
D/dalvikvm(30520): GC_EXPLICIT freed <1K, 10% free 3161K/3492K, paused 2ms+3ms, total 184ms
D/dalvikvm(30520): GC_EXPLICIT freed <1K, 10% free 3161K/3492K, paused 2ms+2ms, total 63ms
I/dalvikvm( 2946): Could not find method android.content.res.TypedArray.getChangingConfigurations, referenced from method android.support.v7.internal.widget.TintTypedArray.getChangingConfigurations
W/dalvikvm( 2946): VFY: unable to resolve virtual method 408: Landroid/content/res/TypedArray;.getChangingConfigurations ()I
D/dalvikvm( 2946): VFY: replacing opcode 0x6e at 0x0002
I/dalvikvm( 2946): Could not find method android.content.res.TypedArray.getType, referenced from method android.support.v7.internal.widget.TintTypedArray.getType
W/dalvikvm( 2946): VFY: unable to resolve virtual method 430: Landroid/content/res/TypedArray;.getType (I)I
D/dalvikvm( 2946): VFY: replacing opcode 0x6e at 0x0002
W/ProcessCpuTracker(30821): Skipping unknown process pid 2965
I/dalvikvm( 2946): Could not find method android.content.res.Resources.getDrawable, referenced from method android.support.v7.internal.widget.ResourcesWrapper.getDrawable
W/dalvikvm( 2946): VFY: unable to resolve virtual method 371: Landroid/content/res/Resources;.getDrawable (ILandroid/content/res/Resources$Theme;)Landroid/graphics/drawable/Drawable;
D/dalvikvm( 2946): VFY: replacing opcode 0x6e at 0x0002
I/dalvikvm( 2946): Could not find method android.content.res.Resources.getDrawableForDensity, referenced from method android.support.v7.internal.widget.ResourcesWrapper.getDrawableForDensity
W/dalvikvm( 2946): VFY: unable to resolve virtual method 373: Landroid/content/res/Resources;.getDrawableForDensity (IILandroid/content/res/Resources$Theme;)Landroid/graphics/drawable/Drawable;
D/dalvikvm( 2946): VFY: replacing opcode 0x6e at 0x0002
D/dalvikvm( 2946): GC_FOR_ALLOC freed 180K, 13% free 3371K/3840K, paused 496ms, total 498ms
D/dalvikvm( 2946): GC_FOR_ALLOC freed 5K, 12% free 3586K/4064K, paused 19ms, total 20ms
I/dalvikvm-heap( 2946): Grow heap (frag case) to 6.200MB for 2536936-byte allocation
D/dalvikvm( 2946): GC_FOR_ALLOC freed <1K, 8% free 6063K/6544K, paused 29ms, total 30ms
D/dalvikvm( 2946): Trying to load lib /data/app-lib/dk.bobbyz.crosscppandroidapp-2/libCommonLibrary.so 0xb1e23090
D/dalvikvm( 2946): Added shared lib /data/app-lib/dk.bobbyz.crosscppandroidapp-2/libCommonLibrary.so 0xb1e23090
D/dalvikvm( 2946): No JNI_OnLoad found in /data/app-lib/dk.bobbyz.crosscppandroidapp-2/libCommonLibrary.so 0xb1e23090, skipping init
D/TextDaoImpl( 2946): init
D/        ( 2946): HostConnection::get() New Host Connection established 0xb71b19f8, tid 2946
W/EGL_emulation( 2946): eglSurfaceAttrib not implemented
D/OpenGLRenderer( 2946): Enabling debug mode 0
I/ActivityManager(30821): Displayed dk.bobbyz.crosscppandroidapp/.MainActivity: +3s785ms
D/dalvikvm(31270): GC_FOR_ALLOC freed 4097K, 75% free 10917K/42848K, paused 140ms, total 145ms
I/LatinIME:LogUtils(31017): Dictionary info: dictionary = contacts.en_US.dict ; version = ? ; date = ?
D/TextDaoImpl( 2946): insert_begin
D/TextDaoImpl( 2946): insert1
D/TextDaoImpl( 2946): insert2
D/TextDaoImpl( 2946): inser3
D/TextDaoImpl( 2946): inser4
D/TextDaoImpl( 2946): inser5
F/libc    ( 2946): Fatal signal 11 (SIGSEGV) at 0xcf657e50 (code=1), thread 2946 (sscppandroidapp)
E/SoundPool(30821): error loading /system/media/audio/ui/Effect_Tick.ogg
W/AudioService(30821): Soundpool could not load file: /system/media/audio/ui/Effect_Tick.ogg
E/SoundPool(30821): error loading /system/media/audio/ui/Effect_Tick.ogg
W/AudioService(30821): Soundpool could not load file: /system/media/audio/ui/Effect_Tick.ogg
E/SoundPool(30821): error loading /system/media/audio/ui/Effect_Tick.ogg
W/AudioService(30821): Soundpool could not load file: /system/media/audio/ui/Effect_Tick.ogg
E/SoundPool(30821): error loading /system/media/audio/ui/Effect_Tick.ogg
W/AudioService(30821): Soundpool could not load file: /system/media/audio/ui/Effect_Tick.ogg
E/SoundPool(30821): error loading /system/media/audio/ui/Effect_Tick.ogg
W/AudioService(30821): Soundpool could not load file: /system/media/audio/ui/Effect_Tick.ogg
E/SoundPool(30821): error loading /system/media/audio/ui/KeypressStandard.ogg
W/AudioService(30821): Soundpool could not load file: /system/media/audio/ui/KeypressStandard.ogg
E/SoundPool(30821): error loading /system/media/audio/ui/KeypressSpacebar.ogg
W/AudioService(30821): Soundpool could not load file: /system/media/audio/ui/KeypressSpacebar.ogg
E/SoundPool(30821): error loading /system/media/audio/ui/KeypressDelete.ogg
W/AudioService(30821): Soundpool could not load file: /system/media/audio/ui/KeypressDelete.ogg
E/SoundPool(30821): error loading /system/media/audio/ui/KeypressReturn.ogg
W/AudioService(30821): Soundpool could not load file: /system/media/audio/ui/KeypressReturn.ogg
E/SoundPool(30821): error loading /system/media/audio/ui/KeypressInvalid.ogg
W/AudioService(30821): Soundpool could not load file: /system/media/audio/ui/KeypressInvalid.ogg
W/AudioService(30821): onLoadSoundEffects(), Error -1 while loading samples
I/DEBUG   (   54): *** *** *** *** *** *** *** *** *** *** *** *** *** *** *** ***
I/DEBUG   (   54): Build fingerprint: 'generic/google_sdk/generic:4.4.2/KK/1873184:eng/test-keys'
I/DEBUG   (   54): Revision: '0'
I/DEBUG   (   54): pid: 2946, tid: 2946, name: sscppandroidapp  >>> dk.bobbyz.crosscppandroidapp <<<
I/DEBUG   (   54): signal 11 (SIGSEGV), code 1 (SEGV_MAPERR), fault addr cf657e50
I/DEBUG   (   54):     r0 b7225fa0  r1 00000029  r2 04020404  r3 cf657e50
I/DEBUG   (   54):     r4 b7216118  r5 becfc360  r6 00000000  r7 becfc318
I/DEBUG   (   54):     r8 becfc388  r9 b02dad00  sl b7060390  fp becfc39c
I/DEBUG   (   54):     ip 00000001  sp becfc318  lr b6f3ed33  pc a89f8e10  cpsr 80000030
I/DEBUG   (   54):     d0  0000000080000000  d1  0000000042960000
I/DEBUG   (   54):     d2  0000000000000000  d3  33d6bf9500000000
I/DEBUG   (   54):     d4  0000000000000000  d5  3f80000000000000
I/DEBUG   (   54):     d6  3f80000000000000  d7  0000000080000000
I/DEBUG   (   54):     d8  0000000000000000  d9  0000000000000000
I/DEBUG   (   54):     d10 0000000000000000  d11 0000000000000000
I/DEBUG   (   54):     d12 0000000000000000  d13 0000000000000000
I/DEBUG   (   54):     d14 0000000000000000  d15 0000000000000000
I/DEBUG   (   54):     scr 60000010
I/DEBUG   (   54): 
I/DEBUG   (   54): backtrace:
I/DEBUG   (   54):     #00  pc 00012e10  /data/app-lib/dk.bobbyz.crosscppandroidapp-2/libCommonLibrary.so (TextDao::insert(Text*)+115)
I/DEBUG   (   54):     #01  pc 00010d2f  /system/lib/libc.so (dlmalloc+4250)
I/DEBUG   (   54):     #02  pc 00013fa3  /data/app-lib/dk.bobbyz.crosscppandroidapp-2/libCommonLibrary.so (Java_dk_bobbyz_crosscppandroidapp_commonlibrary_impl_TextDaoImpl_insert+302)
I/DEBUG   (   54): 
I/DEBUG   (   54): stack:
I/DEBUG   (   54):          becfc2d8  becfc360  [stack]
I/DEBUG   (   54):          becfc2dc  a8abae5c  /data/app-lib/dk.bobbyz.crosscppandroidapp-2/libCommonLibrary.so
I/DEBUG   (   54):          becfc2e0  becfc318  [stack]
I/DEBUG   (   54):          becfc2e4  becfc388  [stack]
I/DEBUG   (   54):          becfc2e8  b02dad00  
I/DEBUG   (   54):          becfc2ec  b7060390  [heap]
I/DEBUG   (   54):          becfc2f0  becfc39c  [stack]
I/DEBUG   (   54):          becfc2f4  b6f3bae9  /system/lib/libc.so (malloc+12)
I/DEBUG   (   54):          becfc2f8  00000029  
I/DEBUG   (   54):          becfc2fc  a8a70f75  /data/app-lib/dk.bobbyz.crosscppandroidapp-2/libCommonLibrary.so (operator new(unsigned int)+20)
I/DEBUG   (   54):          becfc300  b7216118  [heap]
I/DEBUG   (   54):          becfc304  becfc360  [stack]
I/DEBUG   (   54):          becfc308  00000000  
I/DEBUG   (   54):          becfc30c  a8a712b3  /data/app-lib/dk.bobbyz.crosscppandroidapp-2/libCommonLibrary.so (operator new[](unsigned int)+6)
I/DEBUG   (   54):          becfc310  00000029  
I/DEBUG   (   54):          becfc314  a89f8e0b  /data/app-lib/dk.bobbyz.crosscppandroidapp-2/libCommonLibrary.so (TextDao::insert(Text*)+110)
I/DEBUG   (   54):     #00  becfc318  b7216118  [heap]
I/DEBUG   (   54):          ........  ........
I/DEBUG   (   54):     #01  becfc318  b7216118  [heap]
I/DEBUG   (   54):          becfc31c  cf657e50  
I/DEBUG   (   54):          becfc320  b721fcf4  [heap]
I/DEBUG   (   54):          becfc324  b7225f94  [heap]
I/DEBUG   (   54):          becfc328  b7225fa0  [heap]
I/DEBUG   (   54):          becfc32c  b7225fac  [heap]
I/DEBUG   (   54):          becfc330  b7216118  [heap]
I/DEBUG   (   54):          becfc334  becfc360  [stack]
I/DEBUG   (   54):          becfc338  00000000  
I/DEBUG   (   54):          becfc33c  b7216118  [heap]
I/DEBUG   (   54):          becfc340  becfc348  [stack]
I/DEBUG   (   54):          becfc344  a89f9fa7  /data/app-lib/dk.bobbyz.crosscppandroidapp-2/libCommonLibrary.so (Java_dk_bobbyz_crosscppandroidapp_commonlibrary_impl_TextDaoImpl_insert+306)
I/DEBUG   (   54):     #02  becfc348  b7060380  [heap]
I/DEBUG   (   54):          becfc34c  f7a0001d  
I/DEBUG   (   54):          becfc350  92000019  
I/DEBUG   (   54):          becfc354  b705cf28  [heap]
I/DEBUG   (   54):          becfc358  becfc474  [stack]
I/DEBUG   (   54):          becfc35c  00000000  
I/DEBUG   (   54):          becfc360  b7225f94  [heap]
I/DEBUG   (   54):          becfc364  cf657e50  
I/DEBUG   (   54):          becfc368  02700025  
I/DEBUG   (   54):          becfc36c  af658548  /dev/ashmem/dalvik-LinearAlloc (deleted)
I/DEBUG   (   54):          becfc370  9fd00029  
I/DEBUG   (   54):          becfc374  b7216118  [heap]
I/DEBUG   (   54):          becfc378  af641f38  /dev/ashmem/dalvik-LinearAlloc (deleted)
I/DEBUG   (   54):          becfc37c  b7060380  [heap]
I/DEBUG   (   54):          becfc380  b02dad08  
I/DEBUG   (   54):          becfc384  b5ad0bd0  /system/lib/libdvm.so (dvmPlatformInvoke+116)
I/DEBUG   (   54): 
I/DEBUG   (   54): memory near r0:
I/DEBUG   (   54):     b7225f80 41a0f0bb 0000001b 00000006 00000006  
I/DEBUG   (   54):     b7225f90 00000000 61647361 61006473 00000033  
I/DEBUG   (   54):     b7225fa0 00000025 00000025 ffffffff 45534e49  
I/DEBUG   (   54):     b7225fb0 49205452 204f544e 74786554 78657428  
I/DEBUG   (   54):     b7225fc0 56202974 45554c41 61272853 00000199  
I/DEBUG   (   54):     b7225fd0 006d0064 00000191 0069006c 00720062  
I/DEBUG   (   54):     b7225fe0 00720061 002f0079 006d0069 006c0070  
I/DEBUG   (   54):     b7225ff0 0054002f 00780065 00440074 006f0061  
I/DEBUG   (   54):     b7226000 006d0049 006c0070 0069002f 0073006e  
I/DEBUG   (   54):     b7226010 00720065 73730074 00000098 00000052  
I/DEBUG   (   54):     b7226020 6176614a 5f6b645f 62626f62 635f7a79  
I/DEBUG   (   54):     b7226030 73736f72 61707063 6f72646e 70616469  
I/DEBUG   (   54):     b7226040 6f635f70 6e6f6d6d 7262696c 5f797261  
I/DEBUG   (   54):     b7226050 6c706d69 7865545f 6f614474 6c706d49  
I/DEBUG   (   54):     b7226060 736e695f 00747265 3f800000 000000f9  
I/DEBUG   (   54):     b7226070 42f44704 3f800000 4379e1e9 42f7c3d2  
I/DEBUG   (   54): 
I/DEBUG   (   54): memory near r2:
I/DEBUG   (   54):     040203e4 ffffffff ffffffff ffffffff ffffffff  
I/DEBUG   (   54):     040203f4 ffffffff ffffffff ffffffff ffffffff  
I/DEBUG   (   54):     04020404 ffffffff ffffffff ffffffff ffffffff  
I/DEBUG   (   54):     04020414 ffffffff ffffffff ffffffff ffffffff  
I/DEBUG   (   54):     04020424 ffffffff ffffffff ffffffff ffffffff  
I/DEBUG   (   54):     04020434 ffffffff ffffffff ffffffff ffffffff  
I/DEBUG   (   54):     04020444 ffffffff ffffffff ffffffff ffffffff  
I/DEBUG   (   54):     04020454 ffffffff ffffffff ffffffff ffffffff  
I/DEBUG   (   54):     04020464 ffffffff ffffffff ffffffff ffffffff  
I/DEBUG   (   54):     04020474 ffffffff ffffffff ffffffff ffffffff  
I/DEBUG   (   54):     04020484 ffffffff ffffffff ffffffff ffffffff  
I/DEBUG   (   54):     04020494 ffffffff ffffffff ffffffff ffffffff  
I/DEBUG   (   54):     040204a4 ffffffff ffffffff ffffffff ffffffff  
I/DEBUG   (   54):     040204b4 ffffffff ffffffff ffffffff ffffffff  
I/DEBUG   (   54):     040204c4 ffffffff ffffffff ffffffff ffffffff  
I/DEBUG   (   54):     040204d4 ffffffff ffffffff ffffffff ffffffff  
I/DEBUG   (   54): 
I/DEBUG   (   54): memory near r4:
I/DEBUG   (   54):     b72160f8 70707573 2e74726f b720cd78 65676469  
I/DEBUG   (   54):     b7216108 70412e74 6d6f4370 42746170 00000013  
I/DEBUG   (   54):     b7216118 b722c730 b7225f94 00000010 0000002b  
I/DEBUG   (   54):     b7216128 00000001 0000000e 00000000 00000000  
I/DEBUG   (   54):     b7216138 004e0049 00450053 00540052 b7210000  
I/DEBUG   (   54):     b7216148 00000028 0000002b 00000001 00000010  
I/DEBUG   (   54):     b7216158 00000000 00000000 b7229cf0 b7219040  
I/DEBUG   (   54):     b7216168 00000000 00000000 00000028 0000039b  
I/DEBUG   (   54):     b7216178 b64a8f00 000001e0 00000088 3b888889  
I/DEBUG   (   54):     b7216188 00000000 00000000 00000000 00000000  
I/DEBUG   (   54):     b7216198 bc70f0f1 00000000 00000000 00000000  
I/DEBUG   (   54):     b72161a8 00000000 bf800000 00000000 bf800000  
I/DEBUG   (   54):     b72161b8 3f800000 80000000 3f800000 00000013  
I/DEBUG   (   54):     b72161c8 3f800000 00000000 00000000 00000000  
I/DEBUG   (   54):     b72161d8 00000000 3f800000 00000000 00000000  
I/DEBUG   (   54):     b72161e8 00000000 00000000 3f800000 00000000  
I/DEBUG   (   54): 
I/DEBUG   (   54): memory near r5:
I/DEBUG   (   54):     becfc340 becfc348 a89f9fa7 b7060380 f7a0001d  
I/DEBUG   (   54):     becfc350 92000019 b705cf28 becfc474 00000000  
I/DEBUG   (   54):     becfc360 b7225f94 cf657e50 02700025 af658548  
I/DEBUG   (   54):     becfc370 9fd00029 b7216118 af641f38 b7060380  
I/DEBUG   (   54):     becfc380 b02dad08 b5ad0bd0 b02dacfc 00000001  
I/DEBUG   (   54):     becfc390 a8c2dd1b b1e6d860 b211d1a4 b5b00f03  
I/DEBUG   (   54):     becfc3a0 b02dacfc a8c2dd19 a89f9e75 b7060390  
I/DEBUG   (   54):     becfc3b0 b7225f80 b7225f88 00000000 00000000  
I/DEBUG   (   54):     becfc3c0 ae058494 b6f7b35c b6f77000 b7226067  
I/DEBUG   (   54):     becfc3d0 b7226067 b7225f88 b7226018 00000000  
I/DEBUG   (   54):     becfc3e0 b7225b88 b7226020 a89f9e75 b6f3f11f  
I/DEBUG   (   54):     becfc3f0 b6f77000 b7226020 00000000 b7225b88  
I/DEBUG   (   54):     becfc400 00000000 b6f3bafd ae058494 b5b02b33  
I/DEBUG   (   54):     becfc410 becfc494 00000000 b5b510e4 00000000  
I/DEBUG   (   54):     becfc420 00000000 becfc408 becfc4ac af641fc4  
I/DEBUG   (   54):     becfc430 00000001 b1e21f10 00000001 00000003  
I/DEBUG   (   54): 
I/DEBUG   (   54): memory near r7:
I/DEBUG   (   54):     becfc2f8 00000029 a8a70f75 b7216118 becfc360  
I/DEBUG   (   54):     becfc308 00000000 a8a712b3 00000029 a89f8e0b  
I/DEBUG   (   54):     becfc318 b7216118 cf657e50 b721fcf4 b7225f94  
I/DEBUG   (   54):     becfc328 b7225fa0 b7225fac b7216118 becfc360  
I/DEBUG   (   54):     becfc338 00000000 b7216118 becfc348 a89f9fa7  
I/DEBUG   (   54):     becfc348 b7060380 f7a0001d 92000019 b705cf28  
I/DEBUG   (   54):     becfc358 becfc474 00000000 b7225f94 cf657e50  
I/DEBUG   (   54):     becfc368 02700025 af658548 9fd00029 b7216118  
I/DEBUG   (   54):     becfc378 af641f38 b7060380 b02dad08 b5ad0bd0  
I/DEBUG   (   54):     becfc388 b02dacfc 00000001 a8c2dd1b b1e6d860  
I/DEBUG   (   54):     becfc398 b211d1a4 b5b00f03 b02dacfc a8c2dd19  
I/DEBUG   (   54):     becfc3a8 a89f9e75 b7060390 b7225f80 b7225f88  
I/DEBUG   (   54):     becfc3b8 00000000 00000000 ae058494 b6f7b35c  
I/DEBUG   (   54):     becfc3c8 b6f77000 b7226067 b7226067 b7225f88  
I/DEBUG   (   54):     becfc3d8 b7226018 00000000 b7225b88 b7226020  
I/DEBUG   (   54):     becfc3e8 a89f9e75 b6f3f11f b6f77000 b7226020  
I/DEBUG   (   54): 
I/DEBUG   (   54): memory near r8:
I/DEBUG   (   54):     becfc368 02700025 af658548 9fd00029 b7216118  
I/DEBUG   (   54):     becfc378 af641f38 b7060380 b02dad08 b5ad0bd0  
I/DEBUG   (   54):     becfc388 b02dacfc 00000001 a8c2dd1b b1e6d860  
I/DEBUG   (   54):     becfc398 b211d1a4 b5b00f03 b02dacfc a8c2dd19  
I/DEBUG   (   54):     becfc3a8 a89f9e75 b7060390 b7225f80 b7225f88  
I/DEBUG   (   54):     becfc3b8 00000000 00000000 ae058494 b6f7b35c  
I/DEBUG   (   54):     becfc3c8 b6f77000 b7226067 b7226067 b7225f88  
I/DEBUG   (   54):     becfc3d8 b7226018 00000000 b7225b88 b7226020  
I/DEBUG   (   54):     becfc3e8 a89f9e75 b6f3f11f b6f77000 b7226020  
I/DEBUG   (   54):     becfc3f8 00000000 b7225b88 00000000 b6f3bafd  
I/DEBUG   (   54):     becfc408 ae058494 b5b02b33 becfc494 00000000  
I/DEBUG   (   54):     becfc418 b5b510e4 00000000 00000000 becfc408  
I/DEBUG   (   54):     becfc428 becfc4ac af641fc4 00000001 b1e21f10  
I/DEBUG   (   54):     becfc438 00000001 00000003 af641fb0 a8c3ea37  
I/DEBUG   (   54):     becfc448 becfc4ac 00000038 00000000 b5b1ead7  
I/DEBUG   (   54):     becfc458 a8c3ea37 b1e21f10 a8b01c34 b1e21f10  
I/DEBUG   (   54): 
I/DEBUG   (   54): memory near r9:
I/DEBUG   (   54):     b02dace0 00000000 a8bc3c04 b02dad18 a8bc3c16  
I/DEBUG   (   54):     b02dacf0 af641f38 00000006 00000000 92000019  
I/DEBUG   (   54):     b02dad00 f7a0001d b02dad40 00000000 af61aa28  
I/DEBUG   (   54):     b02dad10 a8bc3c16 00000006 b211d488 b1e6d860  
I/DEBUG   (   54):     b02dad20 00000000 b1e25bd8 b1e6f250 b02dad54  
I/DEBUG   (   54):     b02dad30 00000000 00000000 00000000 00000000  
I/DEBUG   (   54):     b02dad40 b02dad88 af05a6ee af2e1148 00000006  
I/DEBUG   (   54):     b02dad50 00000000 b211d0f0 b1e25bd8 b211d190  
I/DEBUG   (   54):     b02dad60 b1e24120 b211d130 b1ab22a8 00000000  
I/DEBUG   (   54):     b02dad70 00000000 b02dadc8 ae7289b8 af2e15e8  
I/DEBUG   (   54):     b02dad80 af05a6ee 00000000 b211d0f0 b1e25bd8  
I/DEBUG   (   54):     b02dad90 b211d190 b1e24120 b211d130 b1ab22a8  
I/DEBUG   (   54):     b02dada0 00000000 00000000 b211d0f0 b1e25bd8  
I/DEBUG   (   54):     b02dadb0 b211d190 b02dae04 ae496a0c af361778  
I/DEBUG   (   54):     b02dadc0 ae7289b8 00000000 b1e25e58 00000000  
I/DEBUG   (   54):     b02dadd0 b02dae04 b211d0f0 b1e25bd8 b211d190  
I/DEBUG   (   54): 
I/DEBUG   (   54): memory near sl:
I/DEBUG   (   54):     b7060370 00000000 00000000 00000000 0000045b  
I/DEBUG   (   54):     b7060380 a8bc3bf4 b02dacfc af61aa28 ac3d0000  
I/DEBUG   (   54):     b7060390 b211d4c0 00000001 becfc500 00000000  
I/DEBUG   (   54):     b70603a0 becfc554 00000001 00000000 b5ad0d40  
I/DEBUG   (   54):     b70603b0 00000000 00000000 aeca5a70 b02d5300  
I/DEBUG   (   54):     b70603c0 00000000 00000000 00000001 00006000  
I/DEBUG   (   54):     b70603d0 00000000 b6fad154 b5ad0d40 b5ad5c00  
I/DEBUG   (   54):     b70603e0 00000000 b5ad9cfc b5ad9d70 b5ad9c20  
I/DEBUG   (   54):     b70603f0 b5ad9c40 b5ad9c9c 00000000 00000000  
I/DEBUG   (   54):     b7060400 b71be1c8 00000028 00000000 00000000  
I/DEBUG   (   54):     b7060410 00000000 00000000 0000196a b5b6291c  
I/DEBUG   (   54):     b7060420 00000000 af3277a8 0000000b b7090948  
I/DEBUG   (   54):     b7060430 00000001 00000080 00000200 00000000  
I/DEBUG   (   54):     b7060440 00000003 ae702a8a ae702a8a 00000006  
I/DEBUG   (   54):     b7060450 ae702a9e af3435e8 3f7283e4 b7563504  
I/DEBUG   (   54):     b7060460 938a042e a3cae005 90ccfa13 96c6ce5b  
I/DEBUG   (   54): 
I/DEBUG   (   54): memory near fp:
I/DEBUG   (   54):     becfc37c b7060380 b02dad08 b5ad0bd0 b02dacfc  
I/DEBUG   (   54):     becfc38c 00000001 a8c2dd1b b1e6d860 b211d1a4  
I/DEBUG   (   54):     becfc39c b5b00f03 b02dacfc a8c2dd19 a89f9e75  
I/DEBUG   (   54):     becfc3ac b7060390 b7225f80 b7225f88 00000000  
I/DEBUG   (   54):     becfc3bc 00000000 ae058494 b6f7b35c b6f77000  
I/DEBUG   (   54):     becfc3cc b7226067 b7226067 b7225f88 b7226018  
I/DEBUG   (   54):     becfc3dc 00000000 b7225b88 b7226020 a89f9e75  
I/DEBUG   (   54):     becfc3ec b6f3f11f b6f77000 b7226020 00000000  
I/DEBUG   (   54):     becfc3fc b7225b88 00000000 b6f3bafd ae058494  
I/DEBUG   (   54):     becfc40c b5b02b33 becfc494 00000000 b5b510e4  
I/DEBUG   (   54):     becfc41c 00000000 00000000 becfc408 becfc4ac  
I/DEBUG   (   54):     becfc42c af641fc4 00000001 b1e21f10 00000001  
I/DEBUG   (   54):     becfc43c 00000003 af641fb0 a8c3ea37 becfc4ac  
I/DEBUG   (   54):     becfc44c 00000038 00000000 b5b1ead7 a8c3ea37  
I/DEBUG   (   54):     becfc45c b1e21f10 a8b01c34 b1e21f10 a8c3ea37  
I/DEBUG   (   54):     becfc46c becfc4ac b6f7b35c b7095dd0 b211d1a4  
I/DEBUG   (   54): 
I/DEBUG   (   54): memory near sp:
I/DEBUG   (   54):     becfc2f8 00000029 a8a70f75 b7216118 becfc360  
I/DEBUG   (   54):     becfc308 00000000 a8a712b3 00000029 a89f8e0b  
I/DEBUG   (   54):     becfc318 b7216118 cf657e50 b721fcf4 b7225f94  
I/DEBUG   (   54):     becfc328 b7225fa0 b7225fac b7216118 becfc360  
I/DEBUG   (   54):     becfc338 00000000 b7216118 becfc348 a89f9fa7  
I/DEBUG   (   54):     becfc348 b7060380 f7a0001d 92000019 b705cf28  
I/DEBUG   (   54):     becfc358 becfc474 00000000 b7225f94 cf657e50  
I/DEBUG   (   54):     becfc368 02700025 af658548 9fd00029 b7216118  
I/DEBUG   (   54):     becfc378 af641f38 b7060380 b02dad08 b5ad0bd0  
I/DEBUG   (   54):     becfc388 b02dacfc 00000001 a8c2dd1b b1e6d860  
I/DEBUG   (   54):     becfc398 b211d1a4 b5b00f03 b02dacfc a8c2dd19  
I/DEBUG   (   54):     becfc3a8 a89f9e75 b7060390 b7225f80 b7225f88  
I/DEBUG   (   54):     becfc3b8 00000000 00000000 ae058494 b6f7b35c  
I/DEBUG   (   54):     becfc3c8 b6f77000 b7226067 b7226067 b7225f88  
I/DEBUG   (   54):     becfc3d8 b7226018 00000000 b7225b88 b7226020  
I/DEBUG   (   54):     becfc3e8 a89f9e75 b6f3f11f b6f77000 b7226020  
I/DEBUG   (   54): 
I/DEBUG   (   54): code around pc:
I/DEBUG   (   54):     a89f8df0 f09e1c18 1c3bff69 1c183308 fb08f09e  
I/DEBUG   (   54):     a89f8e00 33011c03 f0781c18 1c03fa51 687b613b  
I/DEBUG   (   54):     a89f8e10 4b1a681a 1c10447b f7fe1c19 1c03f93b  
I/DEBUG   (   54):     a89f8e20 d0192b00 681c687b 33081c3b f09e1c18  
I/DEBUG   (   54):     a89f8e30 1c03fc41 1c10693a f7fd1c19 1c03ecea  
I/DEBUG   (   54):     a89f8e40 32141c3a 1c211c10 f7fe1c1a 1c3bf93b  
I/DEBUG   (   54):     a89f8e50 1c183314 f910f000 681b687b f7fe1c18  
I/DEBUG   (   54):     a89f8e60 1c3bf9e7 1c183308 ff2ef09e b00946bd  
I/DEBUG   (   54):     a89f8e70 46c0bd90 000ac73a 000ac73e 000ac704  
I/DEBUG   (   54):     a89f8e80 b0bcb5b0 6078af00 687b6039 f0001c18  
I/DEBUG   (   54):     a89f8e90 4b4cf90f 61fb447b 681a683b 447b4b4a  
I/DEBUG   (   54):     a89f8ea0 1c191c10 f8f6f7fe 2b001c03 e07fd100  
I/DEBUG   (   54):     a89f8eb0 681a683b 31201c39 1c0869fb 1c1a1c11  
I/DEBUG   (   54):     a89f8ec0 f900f7fe 33201c3b f7ff1c18 1c03f809  
I/DEBUG   (   54):     a89f8ed0 e05660fb 330c1c3b f7fe1c18 1c03feeb  
I/DEBUG   (   54):     a89f8ee0 322c1c3a 1c191c10 fe86f7fe 332c1c3b  
I/DEBUG   (   54): 
I/DEBUG   (   54): code around lr:
I/DEBUG   (   54):     b6f3ed10 e0043608 fafcf003 210c2600 49356001  
I/DEBUG   (   54):     b6f3ed20 f8d14479 079321bc f501d53f f7fd70e0  
I/DEBUG   (   54):     b6f3ed30 e03aed46 42b06898 a8d4f43f b8d5f7ff  
I/DEBUG   (   54):     b6f3ed40 42b56895 aa31f43f ba32f7ff 447e4e2a  
I/DEBUG   (   54):     b6f3ed50 01bcf8d6 0204f040 21bcf8c6 36fff04f  
I/DEBUG   (   54):     b6f3ed60 4b13e462 d8d5429f f04fe467 e4850901  
I/DEBUG   (   54):     b6f3ed70 f01268da f43f0f08 e4d1acc1 071068da  
I/DEBUG   (   54):     b6f3ed80 ace4f57f 481de6cf f7ff4478 481cb8b1  
I/DEBUG   (   54):     b6f3ed90 f7ff4478 688cb8ad f43f4294 e5c9adc8  
I/DEBUG   (   54):     b6f3eda0 f47f1c71 2500ac22 4630e7d0 8ffee8bd  
I/DEBUG   (   54):     b6f3edb0 7ffffffe 000323cc 0003c7e6 0003c7ca  
I/DEBUG   (   54):     b6f3edc0 0003c7b6 0003c74e 0003c6be 0003c666  
I/DEBUG   (   54):     b6f3edd0 0003c64c 0003c62a 0003c5ee 0003c584  
I/DEBUG   (   54):     b6f3ede0 000320e0 0003c4ec 0003c494 0003c47c  
I/DEBUG   (   54):     b6f3edf0 0003c462 0003c434 0003c406 00031f7c  
I/DEBUG   (   54):     b6f3ee00 00031f74 4ff7e92d 4b5c461e 468a4604  
I/DEBUG   (   54): 
I/DEBUG   (   54): memory map around fault addr cf657e50:
I/DEBUG   (   54):     becdc000-becfd000 rw- [stack]
I/DEBUG   (   54):     (no map for address)
I/DEBUG   (   54):     ffff0000-ffff1000 r-x [vectors]
I/BootReceiver(30821): Copying /data/tombstones/tombstone_04 to DropBox (SYSTEM_TOMBSTONE)
W/ActivityManager(30821):   Force finishing activity dk.bobbyz.crosscppandroidapp/.MainActivity
W/InputDispatcher(30821): channel 'b2276278 dk.bobbyz.crosscppandroidapp/dk.bobbyz.crosscppandroidapp.MainActivity (server)' ~ Consumer closed input channel or an error occurred.  events=0x9
E/InputDispatcher(30821): channel 'b2276278 dk.bobbyz.crosscppandroidapp/dk.bobbyz.crosscppandroidapp.MainActivity (server)' ~ Channel is unrecoverably broken and will be disposed!
D/Zygote  (30520): Process 2946 terminated by signal (11)
D/dalvikvm(30821): GC_FOR_ALLOC freed 3148K, 18% free 9383K/11356K, paused 121ms, total 123ms
D/        (30821): HostConnection::get() New Host Connection established 0xb75bd600, tid 3084
D/dalvikvm(30821): GC_FOR_ALLOC freed 125K, 18% free 9418K/11356K, paused 70ms, total 71ms
I/dalvikvm-heap(30821): Grow heap (frag case) to 9.638MB for 164346-byte allocation
D/dalvikvm(30821): GC_FOR_ALLOC freed <1K, 17% free 9578K/11520K, paused 184ms, total 184ms
W/InputDispatcher(30821): Attempted to unregister already unregistered input channel 'b2276278 dk.bobbyz.crosscppandroidapp/dk.bobbyz.crosscppandroidapp.MainActivity (server)'
I/WindowState(30821): WIN DEATH: Window{b2276278 u0 dk.bobbyz.crosscppandroidapp/dk.bobbyz.crosscppandroidapp.MainActivity}
D/dalvikvm(30821): GC_FOR_ALLOC freed 417K, 20% free 9257K/11520K, paused 114ms, total 115ms
I/dalvikvm-heap(30821): Grow heap (frag case) to 10.140MB for 856096-byte allocation
D/dalvikvm(30821): GC_FOR_ALLOC freed <1K, 19% free 10093K/12360K, paused 73ms, total 73ms
D/dalvikvm(30821): GC_FOR_ALLOC freed <1K, 19% free 10093K/12360K, paused 67ms, total 67ms
I/dalvikvm-heap(30821): Grow heap (frag case) to 10.957MB for 856096-byte allocation
D/dalvikvm(30821): GC_FOR_ALLOC freed <1K, 18% free 10928K/13200K, paused 74ms, total 74ms
W/ActivityManager(30821): Exception thrown during pause
W/ActivityManager(30821): android.os.DeadObjectException
W/ActivityManager(30821): 	at android.os.BinderProxy.transact(Native Method)
W/ActivityManager(30821): 	at android.app.ApplicationThreadProxy.schedulePauseActivity(ApplicationThreadNative.java:660)
W/ActivityManager(30821): 	at com.android.server.am.ActivityStack.startPausingLocked(ActivityStack.java:761)
W/ActivityManager(30821): 	at com.android.server.am.ActivityStack.finishActivityLocked(ActivityStack.java:2455)
W/ActivityManager(30821): 	at com.android.server.am.ActivityStack.finishTopRunningActivityLocked(ActivityStack.java:2329)
W/ActivityManager(30821): 	at com.android.server.am.ActivityStackSupervisor.finishTopRunningActivityLocked(ActivityStackSupervisor.java:2035)
W/ActivityManager(30821): 	at com.android.server.am.ActivityManagerService.handleAppCrashLocked(ActivityManagerService.java:9543)
W/ActivityManager(30821): 	at com.android.server.am.ActivityManagerService.makeAppCrashingLocked(ActivityManagerService.java:9436)
W/ActivityManager(30821): 	at com.android.server.am.ActivityManagerService.crashApplication(ActivityManagerService.java:10081)
W/ActivityManager(30821): 	at com.android.server.am.ActivityManagerService.handleApplicationCrashInner(ActivityManagerService.java:9632)
W/ActivityManager(30821): 	at com.android.server.am.NativeCrashListener$NativeCrashReporter.run(NativeCrashListener.java:86)
I/ActivityManager(30821): Process dk.bobbyz.crosscppandroidapp (pid 2946) has died.
D/dalvikvm(30821): GC_FOR_ALLOC freed 873K, 22% free 10323K/13200K, paused 128ms, total 131ms
I/dalvikvm-heap(30821): Grow heap (frag case) to 12.785MB for 2536936-byte allocation
D/dalvikvm(30821): GC_FOR_ALLOC freed 2K, 19% free 12798K/15680K, paused 64ms, total 66ms
I/Choreographer(31062): Skipped 35 frames!  The application may be doing too much work on its main thread.
W/EGL_emulation(31062): eglSurfaceAttrib not implemented
D/dalvikvm(31062): GC_FOR_ALLOC freed 1477K, 17% free 13308K/15868K, paused 416ms, total 430ms
E/SoundPool(30821): error loading /system/media/audio/ui/Effect_Tick.ogg
W/AudioService(30821): Soundpool could not load file: /system/media/audio/ui/Effect_Tick.ogg
E/SoundPool(30821): error loading /system/media/audio/ui/Effect_Tick.ogg
W/AudioService(30821): Soundpool could not load file: /system/media/audio/ui/Effect_Tick.ogg
E/SoundPool(30821): error loading /system/media/audio/ui/Effect_Tick.ogg
W/AudioService(30821): Soundpool could not load file: /system/media/audio/ui/Effect_Tick.ogg
E/SoundPool(30821): error loading /system/media/audio/ui/Effect_Tick.ogg
W/AudioService(30821): Soundpool could not load file: /system/media/audio/ui/Effect_Tick.ogg
E/SoundPool(30821): error loading /system/media/audio/ui/Effect_Tick.ogg
W/AudioService(30821): Soundpool could not load file: /system/media/audio/ui/Effect_Tick.ogg
E/SoundPool(30821): error loading /system/media/audio/ui/KeypressStandard.ogg
W/AudioService(30821): Soundpool could not load file: /system/media/audio/ui/KeypressStandard.ogg
E/SoundPool(30821): error loading /system/media/audio/ui/KeypressSpacebar.ogg
W/AudioService(30821): Soundpool could not load file: /system/media/audio/ui/KeypressSpacebar.ogg
E/SoundPool(30821): error loading /system/media/audio/ui/KeypressDelete.ogg
W/AudioService(30821): Soundpool could not load file: /system/media/audio/ui/KeypressDelete.ogg
E/SoundPool(30821): error loading /system/media/audio/ui/KeypressReturn.ogg
W/AudioService(30821): Soundpool could not load file: /system/media/audio/ui/KeypressReturn.ogg
E/SoundPool(30821): error loading /system/media/audio/ui/KeypressInvalid.ogg
W/AudioService(30821): Soundpool could not load file: /system/media/audio/ui/KeypressInvalid.ogg
W/AudioService(30821): onLoadSoundEffects(), Error -1 while loading samples
W/InputMethodManagerService(30821): Got RemoteException sending setActive(false) notification to pid 2946 uid 10060
W/Binder  (31017): Caught a RuntimeException from the binder stub implementation.
W/Binder  (31017): java.lang.NullPointerException
W/Binder  (31017): 	at android.inputmethodservice.IInputMethodWrapper.setSessionEnabled(IInputMethodWrapper.java:280)
W/Binder  (31017): 	at com.android.internal.view.IInputMethod$Stub.onTransact(IInputMethod.java:129)
W/Binder  (31017): 	at android.os.Binder.execTransact(Binder.java:404)
W/Binder  (31017): 	at dalvik.system.NativeStart.run(Native Method)
D/ConnectivityService(30821): Sampling interval elapsed, updating statistics ..
D/ConnectivityService(30821): Done.
D/ConnectivityService(30821): Setting timer for 720seconds
D/dalvikvm(31051): GC_FOR_ALLOC freed 592K, 20% free 3710K/4592K, paused 134ms, total 136ms
D/MobileDataStateTracker(30821): default: setPolicyDataEnable(enabled=true)
W/ProcessCpuTracker(30821): Skipping unknown process pid 3657
W/ProcessCpuTracker(30821): Skipping unknown process pid 3916
W/ProcessCpuTracker(30821): Skipping unknown process pid 4058
I/ProcessStatsService(30821): Prepared write state in 11ms
I/ProcessStatsService(30821): Prepared write state in 12ms
D/MDnsDS  (30521): MDnsSdListener::Monitor poll timed out
D/MDnsDS  (30521): Going to poll with pollCount 1
D/MobileDataStateTracker(30821): default: setPolicyDataEnable(enabled=true)
D/dalvikvm(24554): GC_FOR_ALLOC freed 405K, 17% free 3516K/4208K, paused 92ms, total 95ms
E/StrictMode(24554): A resource was acquired at attached stack trace but never released. See java.io.Closeable for information on avoiding resource leaks.
E/StrictMode(24554): java.lang.Throwable: Explicit termination method 'close' not called
E/StrictMode(24554): 	at dalvik.system.CloseGuard.open(CloseGuard.java:184)
E/StrictMode(24554): 	at android.os.ParcelFileDescriptor.<init>(ParcelFileDescriptor.java:179)
E/StrictMode(24554): 	at android.os.ParcelFileDescriptor$1.createFromParcel(ParcelFileDescriptor.java:905)
E/StrictMode(24554): 	at android.os.ParcelFileDescriptor$1.createFromParcel(ParcelFileDescriptor.java:897)
E/StrictMode(24554): 	at android.app.IBackupAgent$Stub.onTransact(IBackupAgent.java:57)
E/StrictMode(24554): 	at android.os.Binder.execTransact(Binder.java:404)
E/StrictMode(24554): 	at dalvik.system.NativeStart.run(Native Method)
E/StrictMode(24554): A resource was acquired at attached stack trace but never released. See java.io.Closeable for information on avoiding resource leaks.
E/StrictMode(24554): java.lang.Throwable: Explicit termination method 'close' not called
E/StrictMode(24554): 	at dalvik.system.CloseGuard.open(CloseGuard.java:184)
E/StrictMode(24554): 	at android.os.ParcelFileDescriptor.<init>(ParcelFileDescriptor.java:179)
E/StrictMode(24554): 	at android.os.ParcelFileDescriptor$1.createFromParcel(ParcelFileDescriptor.java:905)
E/StrictMode(24554): 	at android.os.ParcelFileDescriptor$1.createFromParcel(ParcelFileDescriptor.java:897)
E/StrictMode(24554): 	at android.app.IBackupAgent$Stub.onTransact(IBackupAgent.java:64)
E/StrictMode(24554): 	at android.os.Binder.execTransact(Binder.java:404)
E/StrictMode(24554): 	at dalvik.system.NativeStart.run(Native Method)
E/StrictMode(24554): A resource was acquired at attached stack trace but never released. See java.io.Closeable for information on avoiding resource leaks.
E/StrictMode(24554): java.lang.Throwable: Explicit termination method 'close' not called
E/StrictMode(24554): 	at dalvik.system.CloseGuard.open(CloseGuard.java:184)
E/StrictMode(24554): 	at android.os.ParcelFileDescriptor.<init>(ParcelFileDescriptor.java:179)
E/StrictMode(24554): 	at android.os.ParcelFileDescriptor$1.createFromParcel(ParcelFileDescriptor.java:905)
E/StrictMode(24554): 	at android.os.ParcelFileDescriptor$1.createFromParcel(ParcelFileDescriptor.java:897)
E/StrictMode(24554): 	at android.app.IBackupAgent$Stub.onTransact(IBackupAgent.java:71)
E/StrictMode(24554): 	at android.os.Binder.execTransact(Binder.java:404)
E/StrictMode(24554): 	at dalvik.system.NativeStart.run(Native Method)
D/MobileDataStateTracker(30821): default: setPolicyDataEnable(enabled=true)
D/AndroidRuntime( 8245): 
D/AndroidRuntime( 8245): >>>>>> AndroidRuntime START com.android.internal.os.RuntimeInit <<<<<<
D/AndroidRuntime( 8245): CheckJNI is ON
D/dalvikvm( 8245): Trying to load lib libjavacore.so 0x0
D/dalvikvm( 8245): Added shared lib libjavacore.so 0x0
D/dalvikvm( 8245): Trying to load lib libnativehelper.so 0x0
D/dalvikvm( 8245): Added shared lib libnativehelper.so 0x0
D/dalvikvm( 8245): No JNI_OnLoad found in libnativehelper.so 0x0, skipping init
D/dalvikvm( 8245): Note: class Landroid/app/ActivityManagerNative; has 179 unimplemented (abstract) methods
E/memtrack( 8245): Couldn't load memtrack module (No such file or directory)
E/android.os.Debug( 8245): failed to load memtrack module: -2
W/ProcessCpuTracker(30821): Skipping unknown process pid 8263
D/AndroidRuntime( 8245): Calling main entry com.android.commands.pm.Pm
W/ActivityManager(30821): No content provider found for permission revoke: file:///data/local/tmp/dk.bobbyz.crosscppandroidapp
W/ActivityManager(30821): No content provider found for permission revoke: file:///data/local/tmp/dk.bobbyz.crosscppandroidapp
I/PackageManager(30821): Copying native libraries to /data/app-lib/vmdl-1793294805
D/dalvikvm(30821): GC_FOR_ALLOC freed 1433K, 15% free 13413K/15680K, paused 101ms, total 101ms
D/dalvikvm(30821): GC_FOR_ALLOC freed 4177K, 20% free 10485K/13028K, paused 236ms, total 236ms
D/dalvikvm(30821): GC_FOR_ALLOC freed 1405K, 20% free 10498K/13028K, paused 116ms, total 116ms
I/ActivityManager(30821): Force stopping dk.bobbyz.crosscppandroidapp appid=10060 user=-1: uninstall pkg
I/PackageManager(30821): Package dk.bobbyz.crosscppandroidapp codePath changed from /data/app/dk.bobbyz.crosscppandroidapp-2.apk to /data/app/dk.bobbyz.crosscppandroidapp-1.apk; Retaining data and using new
I/PackageManager(30821): Running dexopt on: dk.bobbyz.crosscppandroidapp
W/dalvikvm( 8281): method Landroid/support/v7/internal/widget/ListViewCompat;.lookForSelectablePosition incorrectly overrides package-private method with same name in Landroid/widget/ListView;
D/dalvikvm( 8281): DexOpt: load 634ms, verify+opt 1121ms, 1901372 bytes
I/ActivityManager(30821): Force stopping dk.bobbyz.crosscppandroidapp appid=10060 user=-1: update pkg
W/PackageManager(30821): Code path for pkg : dk.bobbyz.crosscppandroidapp changing from /data/app/dk.bobbyz.crosscppandroidapp-2.apk to /data/app/dk.bobbyz.crosscppandroidapp-1.apk
W/PackageManager(30821): Resource path for pkg : dk.bobbyz.crosscppandroidapp changing from /data/app/dk.bobbyz.crosscppandroidapp-2.apk to /data/app/dk.bobbyz.crosscppandroidapp-1.apk
I/ActivityManager(30821): Force stopping dk.bobbyz.crosscppandroidapp appid=10060 user=0: pkg removed
D/dalvikvm(31062): GC_EXPLICIT freed 30K, 15% free 13554K/15868K, paused 17ms+6ms, total 59ms
I/InputReader(30821): Reconfiguring input devices.  changes=0x00000010
I/PackageManager(30821):   Action: "android.intent.action.SENDTO"
I/PackageManager(30821):   Category: "android.intent.category.DEFAULT"
I/PackageManager(30821):   Scheme: "sms"
I/PackageManager(30821): Adding preferred activity ComponentInfo{com.android.mms/com.android.mms.ui.ComposeMessageActivity} for user 0 :
I/PackageManager(30821):   Action: "android.intent.action.SENDTO"
I/PackageManager(30821):   Category: "android.intent.category.DEFAULT"
I/PackageManager(30821):   Scheme: "smsto"
I/PackageManager(30821): Adding preferred activity ComponentInfo{com.android.mms/com.android.mms.ui.ComposeMessageActivity} for user 0 :
D/BackupManagerService(30821): Received broadcast Intent { act=android.intent.action.PACKAGE_REMOVED dat=package:dk.bobbyz.crosscppandroidapp flg=0x4000010 (has extras) }
D/dalvikvm(31051): GC_FOR_ALLOC freed 460K, 19% free 3759K/4592K, paused 21ms, total 23ms
I/PackageManager(30821):   Action: "android.intent.action.SENDTO"
I/PackageManager(30821):   Category: "android.intent.category.DEFAULT"
I/PackageManager(30821):   Scheme: "mms"
I/PackageManager(30821): Adding preferred activity ComponentInfo{com.android.mms/com.android.mms.ui.ComposeMessageActivity} for user 0 :
I/PackageManager(30821):   Action: "android.intent.action.SENDTO"
I/PackageManager(30821):   Category: "android.intent.category.DEFAULT"
I/PackageManager(30821):   Scheme: "mmsto"
I/PackageManager(30821): Adding preferred activity ComponentInfo{com.android.mms/com.android.mms.ui.ComposeMessageActivity} for user 0 :
I/PackageManager(30821):   Action: "android.intent.action.SENDTO"
I/PackageManager(30821):   Category: "android.intent.category.DEFAULT"
I/PackageManager(30821):   Scheme: "sms"
I/PackageManager(30821): Adding preferred activity ComponentInfo{com.android.mms/com.android.mms.ui.ComposeMessageActivity} for user 0 :
I/PackageManager(30821):   Action: "android.intent.action.SENDTO"
I/PackageManager(30821):   Category: "android.intent.category.DEFAULT"
I/PackageManager(30821):   Scheme: "smsto"
I/PackageManager(30821): Adding preferred activity ComponentInfo{com.android.mms/com.android.mms.ui.ComposeMessageActivity} for user 0 :
I/PackageManager(30821): Adding preferred activity ComponentInfo{com.android.mms/com.android.mms.ui.ComposeMessageActivity} for user 0 :
I/PackageManager(30821):   Action: "android.intent.action.SENDTO"
I/PackageManager(30821):   Category: "android.intent.category.DEFAULT"
I/PackageManager(30821):   Scheme: "mms"
D/dalvikvm(31051): GC_FOR_ALLOC freed 318K, 18% free 3789K/4592K, paused 24ms, total 24ms
I/PackageManager(30821): Adding preferred activity ComponentInfo{com.android.mms/com.android.mms.ui.ComposeMessageActivity} for user 0 :
I/PackageManager(30821):   Action: "android.intent.action.SENDTO"
I/PackageManager(30821):   Category: "android.intent.category.DEFAULT"
I/PackageManager(30821):   Scheme: "mmsto"
E/NetworkScheduler.SchedulerReceiver(31296): Invalid parameter app
E/NetworkScheduler.SchedulerReceiver(31296): Invalid package name : Perhaps you didn't include a PendingIntent in the extras?
I/PackageManager(30821):   Action: "android.intent.action.SENDTO"
I/PackageManager(30821):   Category: "android.intent.category.DEFAULT"
I/PackageManager(30821):   Scheme: "sms"
I/PackageManager(30821): Adding preferred activity ComponentInfo{com.android.mms/com.android.mms.ui.ComposeMessageActivity} for user 0 :
I/InputReader(30821): Reconfiguring input devices.  changes=0x00000010
D/dalvikvm(30821): GC_FOR_ALLOC freed 1785K, 20% free 10548K/13028K, paused 94ms, total 97ms
I/PackageManager(30821):   Action: "android.intent.action.SENDTO"
I/PackageManager(30821):   Category: "android.intent.category.DEFAULT"
I/PackageManager(30821): Adding preferred activity ComponentInfo{com.android.mms/com.android.mms.ui.ComposeMessageActivity} for user 0 :
I/PackageManager(30821):   Scheme: "smsto"
D/BackupManagerService(30821): Received broadcast Intent { act=android.intent.action.PACKAGE_ADDED dat=package:dk.bobbyz.crosscppandroidapp flg=0x4000010 (has extras) }
V/BackupManagerService(30821): removePackageParticipantsLocked: uid=10060 #1
I/PackageManager(30821):   Action: "android.intent.action.SENDTO"
I/PackageManager(30821):   Category: "android.intent.category.DEFAULT"
I/PackageManager(30821):   Scheme: "mms"
I/PackageManager(30821): Adding preferred activity ComponentInfo{com.android.mms/com.android.mms.ui.ComposeMessageActivity} for user 0 :
V/BackupManagerService(30821): addPackageParticipantsLocked: #1
D/dalvikvm(31051): GC_FOR_ALLOC freed 340K, 18% free 3772K/4592K, paused 40ms, total 41ms
I/PackageManager(30821):   Action: "android.intent.action.SENDTO"
I/PackageManager(30821):   Category: "android.intent.category.DEFAULT"
I/PackageManager(30821): Adding preferred activity ComponentInfo{com.android.mms/com.android.mms.ui.ComposeMessageActivity} for user 0 :
I/PackageManager(30821):   Scheme: "mmsto"
I/PackageManager(30821):   Action: "android.intent.action.SENDTO"
I/PackageManager(30821):   Category: "android.intent.category.DEFAULT"
I/PackageManager(30821):   Scheme: "sms"
I/PackageManager(30821): Adding preferred activity ComponentInfo{com.android.mms/com.android.mms.ui.ComposeMessageActivity} for user 0 :
D/PackageBroadcastService(32185): Received broadcast action=android.intent.action.PACKAGE_REMOVED and uri=dk.bobbyz.crosscppandroidapp
I/PackageManager(30821): Adding preferred activity ComponentInfo{com.android.mms/com.android.mms.ui.ComposeMessageActivity} for user 0 :
I/PackageManager(30821):   Action: "android.intent.action.SENDTO"
I/PackageManager(30821):   Category: "android.intent.category.DEFAULT"
I/PackageManager(30821):   Scheme: "smsto"
I/PackageManager(30821): Adding preferred activity ComponentInfo{com.android.mms/com.android.mms.ui.ComposeMessageActivity} for user 0 :
I/PackageManager(30821):   Action: "android.intent.action.SENDTO"
I/PackageManager(30821):   Category: "android.intent.category.DEFAULT"
I/PackageManager(30821):   Scheme: "mms"
I/PackageManager(30821):   Action: "android.intent.action.SENDTO"
I/PackageManager(30821):   Category: "android.intent.category.DEFAULT"
I/PackageManager(30821):   Scheme: "mmsto"
I/PackageManager(30821): Adding preferred activity ComponentInfo{com.android.mms/com.android.mms.ui.ComposeMessageActivity} for user 0 :
D/dalvikvm(31051): GC_FOR_ALLOC freed 336K, 18% free 3787K/4592K, paused 18ms, total 19ms
I/PackageManager(30821):   Action: "android.intent.action.SENDTO"
I/PackageManager(30821):   Category: "android.intent.category.DEFAULT"
I/PackageManager(30821):   Scheme: "sms"
I/PackageManager(30821): Adding preferred activity ComponentInfo{com.android.mms/com.android.mms.ui.ComposeMessageActivity} for user 0 :
I/PackageManager(30821):   Action: "android.intent.action.SENDTO"
I/PackageManager(30821):   Category: "android.intent.category.DEFAULT"
